02-04 16:12:38.960  1659  1659 E FalsingLog: 	at android.view.ViewGroup.dispatchTransformedTouchEvent(ViewGroup.java:2962)
02-04 16:12:38.960  1659  1659 E FalsingLog: 	at android.view.ViewGroup.dispatchTouchEvent(ViewGroup.java:2643)
02-04 16:12:38.960  1659  1659 E FalsingLog: 	at android.view.ViewGroup.dispatchTransformedTouchEvent(ViewGroup.java:2968)
02-04 16:12:38.960  1659  1659 E FalsingLog: 	at android.view.ViewGroup.dispatchTouchEvent(ViewGroup.java:2657)
02-04 16:12:38.960  1659  1659 E FalsingLog: 	at com.android.systemui.statusbar.phone.StatusBarWindowView.dispatchTouchEvent(StatusBarWindowView.java:329)
02-04 16:12:38.960  1659  1659 E FalsingLog: 	at android.view.View.dispatchPointerEvent(View.java:12015)
02-04 16:12:38.960  1659  1659 E FalsingLog: 	at android.view.ViewRootImpl$ViewPostImeInputStage.processPointerEvent(ViewRootImpl.java:4795)
02-04 16:12:38.960  1659  1659 E FalsingLog: 	at android.view.ViewRootImpl$ViewPostImeInputStage.onProcess(ViewRootImpl.java:4609)
02-04 16:12:38.960  1659  1659 E FalsingLog: 	at android.view.ViewRootImpl$InputStage.deliver(ViewRootImpl.java:4147)
02-04 16:12:38.960  1659  1659 E FalsingLog: 	at android.view.ViewRootImpl$InputStage.onDeliverToNext(ViewRootImpl.java:4200)
02-04 16:12:38.960  1659  1659 E FalsingLog: 	at android.view.ViewRootImpl$InputStage.forward(ViewRootImpl.java:4166)
02-04 16:12:38.960  1659  1659 E FalsingLog: 	at android.view.ViewRootImpl$AsyncInputStage.forward(ViewRootImpl.java:4293)
02-04 16:12:38.960  1659  1659 E FalsingLog: 	at android.view.ViewRootImpl$InputStage.apply(ViewRootImpl.java:4174)
02-04 16:12:38.960  1659  1659 E FalsingLog: 	at android.view.ViewRootImpl$AsyncInputStage.apply(ViewRootImpl.java:4350)
02-04 16:12:38.960  1659  1659 E FalsingLog: 	at android.view.ViewRootImpl$InputStage.deliver(ViewRootImpl.java:4147)
02-04 16:12:38.960  1659  1659 E FalsingLog: 	at android.view.ViewRootImpl$InputStage.onDeliverToNext(ViewRootImpl.java:4200)
02-04 16:12:38.960  1659  1659 E FalsingLog: 	at android.view.ViewRootImpl$InputStage.forward(ViewRootImpl.java:4166)
02-04 16:12:38.960  1659  1659 E FalsingLog: 	at android.view.ViewRootImpl$InputStage.apply(ViewRootImpl.java:4174)
02-04 16:12:38.960  1659  1659 E FalsingLog: 	at android.view.ViewRootImpl$InputStage.deliver(ViewRootImpl.java:4147)
02-04 16:12:38.960  1659  1659 E FalsingLog: 	at android.view.ViewRootImpl.deliverInputEvent(ViewRootImpl.java:6661)
02-04 16:12:38.960  1659  1659 E FalsingLog: 	at android.view.ViewRootImpl.doProcessInputEvents(ViewRootImpl.java:6635)
02-04 16:12:38.960  1659  1659 E FalsingLog: 	at android.view.ViewRootImpl.enqueueInputEvent(ViewRootImpl.java:6596)
02-04 16:12:38.960  1659  1659 E FalsingLog: 	at android.view.ViewRootImpl$WindowInputEventReceiver.onInputEvent(ViewRootImpl.java:6764)
02-04 16:12:38.960  1659  1659 E FalsingLog: 	at android.view.InputEventReceiver.dispatchInputEvent(InputEventReceiver.java:186)
02-04 16:12:38.960  1659  1659 E FalsingLog: 	at android.os.MessageQueue.nativePollOnce(Native Method)
02-04 16:12:38.960  1659  1659 E FalsingLog: 	at android.os.MessageQueue.next(MessageQueue.java:325)
02-04 16:12:38.960  1659  1659 E FalsingLog: 	at android.os.Looper.loop(Looper.java:142)
02-04 16:12:38.960  1659  1659 E FalsingLog: 	at android.app.ActivityThread.main(ActivityThread.java:6499)
02-04 16:12:38.960  1659  1659 E FalsingLog: 	at java.lang.reflect.Method.invoke(Native Method)
02-04 16:12:38.960  1659  1659 E FalsingLog: 	at com.android.internal.os.RuntimeInit$MethodAndArgsCaller.run(RuntimeInit.java:440)
02-04 16:12:38.960  1659  1659 E FalsingLog: 	at com.android.internal.os.ZygoteInit.main(ZygoteInit.java:807)
02-04 16:12:39.006   571 13848 I chatty  : uid=1000(system) Binder:571_16 expire 2 lines
02-04 16:12:39.006   269  2874 E WifiHAL : Received UMAC message with insufficent length: 914
02-04 16:12:39.006   269  2874 E WifiHAL : Received UMAC message with insufficent length: 128
02-04 16:12:39.006   269  2874 E WifiHAL : Received UMAC message with insufficent length: 128
02-04 16:12:39.008   269  2874 E WifiHAL : Received UMAC message with insufficent length: 48
02-04 16:12:39.031   571   591 W BroadcastQueue: Background execution not allowed: receiving Intent { act=android.net.wifi.SCAN_RESULTS flg=0x4000010 (has extras) } to com.jio.myjio/.jionet.receiver.WifiScanReceiver
02-04 16:12:39.078   571  1317 I PowerManagerService: Waking up from dozing (uid=1000 reason=android.policy:POWER)...
02-04 16:12:39.080   571   607 E KernelWakelockReader: neither /proc/wakelocks nor /d/wakeup_sources exists
02-04 16:12:39.081   571   607 W BatteryStatsImpl: Couldn't get kernel wake lock stats
02-04 16:12:39.106   571   607 I DisplayPowerController: Blocking screen on until initial contents have been drawn.
02-04 16:12:39.027   269  2874 E WifiHAL : Received UMAC message with insufficent length: 48
02-04 16:12:39.111   284 11451 D audio_hw_primary: adev_set_parameters: enter: screen_state=on
02-04 16:12:39.114   269  2874 E WifiHAL : Received UMAC message with insufficent length: 48
02-04 16:12:39.121   269  2874 E WifiHAL : Received UMAC message with insufficent length: 48
02-04 16:12:39.124  1659  1659 D StatusBar: disable<e i a s b H R c s q >
02-04 16:12:39.125  1659  1659 D StatusBar: disable<e i a s b H R c s q >
02-04 16:12:39.128   269  2874 E WifiHAL : Received UMAC message with insufficent length: 48
02-04 16:12:39.132   571   605 I DisplayManagerService: Display device changed state: "Built-in Screen", ON
02-04 16:12:39.133   276   276 D SurfaceFlinger: Set power mode=2, type=0 flinger=0xa5fd1000
02-04 16:12:39.133   276   276 D qdhwcomposer: hwc_setPowerMode: Setting mode 2 on display: 0
02-04 16:12:39.134  1659  1659 D StatusBar: disable<e i a s b H R c s q >
02-04 16:12:39.134  1659  1659 D StatusBar: disable<e i a s b H R c s q >
02-04 16:12:39.175  3135  3135 I HwDetectorWithState: #performNextHotwordAction action: 0
02-04 16:12:39.178   284 17646 D audio_hw_primary: adev_open_input_stream: enter: sample_rate(16000) channel_mask(0x10) devices(0x80000004)        stream_handle(0xb1b5e600) io_handle(2750) source(6)
02-04 16:12:39.183   284 23494 I AudioFlinger: AudioFlinger's thread 0xaec83100 tid=23494 ready to run
02-04 16:12:39.183   284 23494 D audio_hw_primary: in_standby: enter: stream (0xb1b5e600) usecase(9: audio-record)
02-04 16:12:39.184   284 23494 D audio_hw_primary: in_standby: enter: stream (0xb1b5e600) usecase(9: audio-record)
02-04 16:12:39.189   284 23494 D audio_hw_primary: in_set_parameters: enter: kvpairs=input_source=6;routing=-2147483644
02-04 16:12:39.194   284 23497 D audio_hw_primary: start_input_stream: enter: stream(0xb1b5e600)usecase(9: audio-record)
02-04 16:12:39.194   284 23497 D audio_hw_primary: select_devices: out_snd_device(0: ) in_snd_device(65: voice-rec-mic)
02-04 16:12:39.194   284 23497 D hardware_info: hw_info_append_hw_type : device_name = voice-rec-mic
02-04 16:12:39.194   284 23497 I msm8974_platform: platform_send_audio_calibration: sending audio calibration for snd_device(65) acdb_id(119)
02-04 16:12:39.194   284 23497 D ACDB-LOADER: ACDB -> send_audio_cal, acdb_id = 119, path =  1
02-04 16:12:39.194   284 23497 D ACDB-LOADER: ACDB -> send_adm_topology
02-04 16:12:39.194   284 23497 D ACDB-LOADER: ACDB -> ACDB_CMD_GET_AUDPROC_COMMON_TOPOLOGY_ID
02-04 16:12:39.194   284 23497 D ACDB-LOADER: ACDB -> send_asm_topology
02-04 16:12:39.194   284 23497 D ACDB-LOADER: ACDB -> ACDB_CMD_GET_AUDPROC_STREAM_TOPOLOGY_ID
02-04 16:12:39.194   284 23497 D ACDB-LOADER: ACDB -> send_audtable
02-04 16:12:39.194   284 23497 D ACDB-LOADER: ACDB -> ACDB_CMD_GET_AUDPROC_COMMON_TABLE
02-04 16:12:39.194   284 23497 D ACDB-LOADER: ACDB -> AUDIO_SET_AUDPROC_CAL
02-04 16:12:39.194   284 23497 D ACDB-LOADER: ACDB -> send_audvoltable
02-04 16:12:39.194   284 23497 D ACDB-LOADER: ACDB -> ACDB_CMD_GET_AUDPROC_GAIN_DEP_STEP_TABLE
02-04 16:12:39.194   284 23497 D         : Failed to fetch the lookup information of the device 00000077 
02-04 16:12:39.194   284 23497 E ACDB-LOADER: Error: ACDB AudProc vol returned = -19
02-04 16:12:39.194   284 23497 D ACDB-LOADER: ACDB -> AUDIO_SET_AUDPROC_VOL_CAL
02-04 16:12:39.194   284 23497 D ACDB-LOADER: ACDB -> AUDIO_SET_AFE_CAL
02-04 16:12:39.194   284 23497 D audio_route: Apply path: voice-rec-mic
02-04 16:12:39.197   284 23497 D audio_route: Apply path: audio-record
02-04 16:12:39.198   571 13268 I chatty  : uid=1000(system) Binder:571_1A expire 2 lines
02-04 16:12:39.199   284 23497 D audio_hw_primary: select_devices: done
02-04 16:12:39.206  3135  3497 I HotwordRecognitionRnr: Starting hotword detection.
02-04 16:12:39.208  1905  1905 D ServiceStateProvider: subId=1
02-04 16:12:39.235  3114  3114 I TrustAgent: [VoiceUnlockTrustletChimeraService] startAuthenticatingUser
02-04 16:12:39.245   571  1317 I WindowManager: Suppressed redundant power key press while already in the process of turning the screen on.
02-04 16:12:39.287  3114  3488 E ctxmgr  : [WorkInfo]Attribution was already enqueued errorCode=8, pkg=com.google.android.gms, lbl=PlacesProducer_receive, start=2018-02-04 16:12:38.772+0530, stop=2018-02-04 16:12:38.773+0530, durtn=1ms.
02-04 16:12:39.290  3114 22905 E ctxmgr  : [WorkManager]Ongoing task not found: PlacesProducer_receive
02-04 16:12:39.385   571   581 I chatty  : uid=1000(system) HeapTaskDaemon expire 1 line
02-04 16:12:39.407   276   375 I qdhwcomposer: handle_blank_event: dpy:0 panel power state: 1
02-04 16:12:39.407   276   276 D qdhwcomposer: hwc_setPowerMode: Done setting mode 2 on display 0
02-04 16:12:39.417   571   607 I DisplayPowerController: Unblocked screen on after 311 ms
02-04 16:12:39.419   571   607 W PowerManagerService: Screen on took 343 ms
02-04 16:12:39.419   571   607 I DreamManagerService: Gently waking up from dream.
02-04 16:12:39.419   571   603 I DreamManagerService: Performing gentle wake from dream.
02-04 16:12:39.425   571  1759 I DreamManagerService: Leaving dreamland.
02-04 16:12:39.425   571   603 I DreamManagerService: Performing gentle wake from dream.
02-04 16:12:39.425   571   603 I DreamController: Stopping dream: name=ComponentInfo{com.android.systemui/com.android.systemui.doze.DozeService}, isTest=false, canDoze=true, userId=0
02-04 16:12:39.449  3114 21580 E ctxmgr  : [AppIntervalImpl]closeInterval: ongoing
02-04 16:12:39.450  3114 21580 E ctxmgr  : [AppIntervalImpl]closeInterval: ongoing
02-04 16:12:39.467   571  1327 I chatty  : uid=1000(system) NetworkPolicy expire 3 lines
02-04 16:12:39.471   571  1327 D NetworkStats: Resolving plan for NetworkTemplate: matchRule=MOBILE_ALL, subscriberId=404742..., matchSubscriberIds=[404742...]
02-04 16:12:39.472   571  1327 D NetworkStats: Found active matching subId 1
02-04 16:12:39.478   571  1327 D NetworkStats: Resolved to plan null
02-04 16:12:39.678   571  1123 D PackageInstaller: Inherited files: [/data/app/com.example.prasant.handlerandlooper-8c6mvUQCR3Y_4J8cKhBvtw==/base.apk, /data/app/com.example.prasant.handlerandlooper-8c6mvUQCR3Y_4J8cKhBvtw==/split_lib_dependencies_apk.apk, /data/app/com.example.prasant.handlerandlooper-8c6mvUQCR3Y_4J8cKhBvtw==/split_lib_resources_apk.apk, /data/app/com.example.prasant.handlerandlooper-8c6mvUQCR3Y_4J8cKhBvtw==/split_lib_slice_0_apk.apk, /data/app/com.example.prasant.handlerandlooper-8c6mvUQCR3Y_4J8cKhBvtw==/split_lib_slice_1_apk.apk, /data/app/com.example.prasant.handlerandlooper-8c6mvUQCR3Y_4J8cKhBvtw==/split_lib_slice_2_apk.apk, /data/app/com.example.prasant.handlerandlooper-8c6mvUQCR3Y_4J8cKhBvtw==/split_lib_slice_3_apk.apk, /data/app/com.example.prasant.handlerandlooper-8c6mvUQCR3Y_4J8cKhBvtw==/split_lib_slice_4_apk.apk, /data/app/com.example.prasant.handlerandlooper-8c6mvUQCR3Y_4J8cKhBvtw==/split_lib_slice_5_apk.apk, /data/app/com.example.prasant.handlerandlooper-8c6mvUQCR3Y_4J8cKhBvtw==/split_lib_slice_6_apk.apk, /data/app/com.example.prasant.handlerandlooper-8c6mvUQCR3Y_4J8cKhBvtw==/split_lib_slice_7_apk.apk, /data/app/com.example.prasant.handlerandlooper-8c6mvUQCR3Y_4J8cKhBvtw==/split_lib_slice_9_apk.apk, /data/app/com.example.prasant.handlerandlooper-8c6mvUQCR3Y_4J8cKhBvtw==/oat/arm/base.odex, /data/app/com.example.prasant.handlerandlooper-8c6mvUQCR3Y_4J8cKhBvtw==/oat/arm/base.vdex]
02-04 16:12:39.688   571  1123 D PackageInstaller: Linked 14 files into /data/app/vmdl985471069.tmp
02-04 16:12:39.772 14663 14663 I Finsky  : [2] com.google.android.finsky.verifier.impl.PackageVerificationReceiver.onReceive(14): Verification requested, id = 14
02-04 16:12:39.797 14663 23507 W Settings: Setting install_non_market_apps has moved from android.provider.Settings.Global to android.provider.Settings.Secure, returning read-only value.
02-04 16:12:39.806 14663 23507 W ResourceType: Failure getting entry for 0x7f0d0006 (t=12 e=6) (error -2147483647)
02-04 16:12:39.806 14663 23507 W ResourceType: Failure getting entry for 0x7f0c001d (t=11 e=29) (error -2147483647)
02-04 16:12:39.806 14663 23507 W ResourceType: Failure getting entry for 0x7f0b0000 (t=10 e=0) (error -2147483647)
02-04 16:12:39.806 14663 23507 W ResourceType: Failure getting entry for 0x7f0b0001 (t=10 e=1) (error -2147483647)
02-04 16:12:39.846 14663 23507 W ResourceType: Failure getting entry for 0x7f0c001d (t=11 e=29) (error -2147483647)
02-04 16:12:39.848 14663 23507 W PackageManager: Failure retrieving text 0x7f0c001d in package com.example.prasant.handlerandlooper
02-04 16:12:39.848 14663 23507 W PackageManager: android.content.res.Resources$NotFoundException: String resource ID #0x7f0c001d
02-04 16:12:39.848 14663 23507 W PackageManager: 	at android.content.res.Resources.getText(Resources.java:339)
02-04 16:12:39.848 14663 23507 W PackageManager: 	at android.app.ApplicationPackageManager.getText(ApplicationPackageManager.java:1636)
02-04 16:12:39.848 14663 23507 W PackageManager: 	at android.content.pm.PackageItemInfo.loadLabel(PackageItemInfo.java:135)
02-04 16:12:39.848 14663 23507 W PackageManager: 	at com.google.android.finsky.verifier.impl.cd.e(SourceFile:528)
02-04 16:12:39.848 14663 23507 W PackageManager: 	at com.google.android.finsky.verifier.impl.cd.r(SourceFile:372)
02-04 16:12:39.848 14663 23507 W PackageManager: 	at com.google.android.finsky.verifier.impl.cd.a(SourceFile:131)
02-04 16:12:39.848 14663 23507 W PackageManager: 	at com.google.android.finsky.verifier.impl.dk.a(SourceFile:57)
02-04 16:12:39.848 14663 23507 W PackageManager: 	at com.google.android.finsky.verifier.impl.b.d.a(SourceFile:2)
02-04 16:12:39.848 14663 23507 W PackageManager: 	at com.google.android.finsky.verifier.impl.b.d.doInBackground(SourceFile:10)
02-04 16:12:39.848 14663 23507 W PackageManager: 	at android.os.AsyncTask$2.call(AsyncTask.java:333)
02-04 16:12:39.848 14663 23507 W PackageManager: 	at java.util.concurrent.FutureTask.run(FutureTask.java:266)
02-04 16:12:39.848 14663 23507 W PackageManager: 	at java.util.concurrent.ThreadPoolExecutor.runWorker(ThreadPoolExecutor.java:1162)
02-04 16:12:39.848 14663 23507 W PackageManager: 	at java.util.concurrent.ThreadPoolExecutor$Worker.run(ThreadPoolExecutor.java:636)
02-04 16:12:39.848 14663 23507 W PackageManager: 	at java.lang.Thread.run(Thread.java:764)
02-04 16:12:39.855 14663 23507 I Finsky  : [1259] com.google.android.finsky.foregroundcoordinator.ForegroundCoordinator.a(9): Task 7 requested foreground
02-04 16:12:39.857 14663 23507 I Finsky  : [1259] com.google.android.finsky.foregroundcoordinator.ForegroundCoordinator.a(35): Not entering foreground
02-04 16:12:40.006   284   425 D audio_hw_primary: out_standby: enter: stream (0xb2eeb480) usecase(1: low-latency-playback)
02-04 16:12:40.063   284   425 D hardware_info: hw_info_append_hw_type : device_name = speaker
02-04 16:12:40.181 14663 23185 I Finsky  : [1257] com.google.android.finsky.verifier.impl.cu.b(6): Verification id=14 response=0
02-04 16:12:40.222 14663 14663 I Finsky  : [2] com.google.android.finsky.verifier.impl.dk.c(122): Verifying id=14, result=1
02-04 16:12:40.224 14663 14663 I Finsky  : [2] com.google.android.finsky.verifier.impl.dk.c(138): Verification complete: id=14, package_name=com.example.prasant.handlerandlooper
02-04 16:12:40.272   571   617 W PackageParser: Unknown element under <manifest>: uses-sdk at /data/app/vmdl985471069.tmp/split_lib_resources_apk.apk Binary XML file line #7
02-04 16:12:40.306   571   591 I ActivityManager: Force stopping com.example.prasant.handlerandlooper appid=10134 user=-1: installPackageLI
02-04 16:12:40.414   571   617 I PackageManager: Package com.example.prasant.handlerandlooper codePath changed from /data/app/com.example.prasant.handlerandlooper-8c6mvUQCR3Y_4J8cKhBvtw== to /data/app/com.example.prasant.handlerandlooper-R9UNfDKfegp-R4HleOjvJw==; Retaining data and using new
02-04 16:12:40.416   571   617 W PackageManager: Code path for com.example.prasant.handlerandlooper changing from /data/app/com.example.prasant.handlerandlooper-8c6mvUQCR3Y_4J8cKhBvtw== to /data/app/com.example.prasant.handlerandlooper-R9UNfDKfegp-R4HleOjvJw==
02-04 16:12:40.416   571   617 W PackageManager: Resource path for com.example.prasant.handlerandlooper changing from /data/app/com.example.prasant.handlerandlooper-8c6mvUQCR3Y_4J8cKhBvtw== to /data/app/com.example.prasant.handlerandlooper-R9UNfDKfegp-R4HleOjvJw==
02-04 16:12:40.669   290   290 D keystore: AddAuthenticationToken: timestamp = 64634483 (8304314469337530368), time_received = 26444
02-04 16:12:40.677   290   290 D keystore: AddAuthenticationToken: timestamp = 64634491 (8880775221640953856), time_received = 26444
02-04 16:12:40.679   290   290 D keystore: AddAuthenticationToken: timestamp = 64634494 (9096948003754737664), time_received = 26444
02-04 16:12:40.680   290   290 I keystore: calling unlock when already unlocked, ignoring.
02-04 16:12:40.680   571 13268 I LockSettingsService: Unlocking user 0 with secret only, length 64
02-04 16:12:40.681   571 13268 W ActivityManager: Expected user 0 in state RUNNING_LOCKED but was in state RUNNING_UNLOCKED
02-04 16:12:40.681   571 13268 I LockSettingsService: Disabling escrow token on user 0
02-04 16:12:40.947   571   617 I chatty  : uid=1000(system) PackageManager expire 1 line
02-04 16:12:40.968  1659  1659 D StatusBar: disable<e i a s b H R c s q >
02-04 16:12:40.976  3268  8111 W Adreno-EGL: <qeglDrvAPI_eglGetConfigAttrib:607>: EGL_BAD_ATTRIBUTE
02-04 16:12:40.986   276   276 D SurfaceFlinger: duplicate layer name: changing com.google.android.apps.nexuslauncher/com.google.android.apps.nexuslauncher.NexusLauncherActivity to com.google.android.apps.nexuslauncher/com.google.android.apps.nexuslauncher.NexusLauncherActivity#1
02-04 16:12:40.990  3268  8111 D vndksupport: Loading /vendor/lib/hw/gralloc.msm8974.so from current namespace instead of sphal namespace.
02-04 16:12:40.995  3253  3348 W Adreno-EGL: <qeglDrvAPI_eglGetConfigAttrib:607>: EGL_BAD_ATTRIBUTE
02-04 16:12:41.000   289  1117 E         : Couldn't opendir /data/app/vmdl985471069.tmp: No such file or directory
02-04 16:12:41.000   289  1117 E installd: Failed to delete /data/app/vmdl985471069.tmp: No such file or directory
02-04 16:12:41.003  3268  3268 W SessionLifecycleManager: Handover failed. Creating new session controller.
02-04 16:12:41.005  3253  3348 D vndksupport: Loading /vendor/lib/hw/gralloc.msm8974.so from current namespace instead of sphal namespace.
02-04 16:12:41.006   571  5297 I chatty  : uid=1000(system) Binder:571_F expire 1 line
02-04 16:12:41.007   571   617 I ActivityManager: Force stopping com.example.prasant.handlerandlooper appid=10134 user=0: pkg removed
02-04 16:12:41.011   571  3449 I chatty  : uid=1000(system) Binder:571_B expire 1 line
02-04 16:12:41.012   571 14210 I chatty  : uid=1000(system) Binder:571_1C expire 1 line
02-04 16:12:41.033  1659  1659 D StatusBar: disable<e i a s b H R c s q >
02-04 16:12:41.035  1659  1659 D StatusBar: disable<e i a s b H R c s q >
02-04 16:12:41.045  1659  1787 I AudioTrack: AUDIO_OUTPUT_FLAG_FAST successful; frameCount 4800 -> 4800
02-04 16:12:41.046   284  8141 D audio_hw_primary: start_output_stream: enter: stream(0xb2eeb480)usecase(1: low-latency-playback) devices(0x2)
02-04 16:12:41.046   284  8141 D audio_hw_primary: start_output_stream: enter: usecase(1: low-latency-playback) devices(0x2)
02-04 16:12:41.046   284  8141 D audio_hw_primary: select_devices: out_snd_device(2: speaker) in_snd_device(0: )
02-04 16:12:41.046   284  8141 W msm8974_platform: Codec backend bitwidth 16, samplerate 48000
02-04 16:12:41.046   284  8141 D hardware_info: hw_info_append_hw_type : device_name = speaker
02-04 16:12:41.046   284  8141 I msm8974_platform: platform_send_audio_calibration: sending audio calibration for snd_device(2) acdb_id(15)
02-04 16:12:41.046   284  8141 D ACDB-LOADER: ACDB -> send_audio_cal, acdb_id = 15, path =  0
02-04 16:12:41.046   284  8141 D ACDB-LOADER: ACDB -> send_adm_topology
02-04 16:12:41.047   284  8141 D ACDB-LOADER: ACDB -> ACDB_CMD_GET_AUDPROC_COMMON_TOPOLOGY_ID
02-04 16:12:41.047   284  8141 D ACDB-LOADER: ACDB -> send_asm_topology
02-04 16:12:41.047   284  8141 D ACDB-LOADER: ACDB -> ACDB_CMD_GET_AUDPROC_STREAM_TOPOLOGY_ID
02-04 16:12:41.047   284  8141 D ACDB-LOADER: ACDB -> send_audtable
02-04 16:12:41.047   284  8141 D ACDB-LOADER: ACDB -> ACDB_CMD_GET_AUDPROC_COMMON_TABLE
02-04 16:12:41.047   284  8141 D ACDB-LOADER: ACDB -> AUDIO_SET_AUDPROC_CAL
02-04 16:12:41.047   284  8141 D ACDB-LOADER: ACDB -> send_audvoltable
02-04 16:12:41.047   284  8141 D ACDB-LOADER: ACDB -> ACDB_CMD_GET_AUDPROC_GAIN_DEP_STEP_TABLE
02-04 16:12:41.047   284  8141 D         : Failed to fetch the lookup information of the device 0000000F 
02-04 16:12:41.047   284  8141 E ACDB-LOADER: Error: ACDB AudProc vol returned = -19
02-04 16:12:41.047   284  8141 D ACDB-LOADER: ACDB -> AUDIO_SET_AUDPROC_VOL_CAL
02-04 16:12:41.047   284  8141 D ACDB-LOADER: ACDB -> send_afe_cal
02-04 16:12:41.047   284  8141 D ACDB-LOADER: ACDB -> ACDB_CMD_GET_AFE_COMMON_TABLE
02-04 16:12:41.047   284  8141 D         : Failed to fetch the lookup information of the device 0000000F 
02-04 16:12:41.047   284  8141 E ACDB-LOADER: Error: ACDB AFE returned = -19
02-04 16:12:41.047   284  8141 D ACDB-LOADER: ACDB -> AUDIO_SET_AFE_CAL
02-04 16:12:41.047   284  8141 D audio_route: Apply path: speaker
02-04 16:12:41.051   284  8141 D audio_route: Apply path: low-latency-playback
02-04 16:12:41.052   284  8141 D audio_hw_primary: select_devices: done
02-04 16:12:41.065  1659  1659 D StatusBar: disable<e i a s b H R c s q >
02-04 16:12:41.080 18542 18596 W ResourceType: For resource 0x7f080544, entry index(1348) is beyond type entryCount(11)
02-04 16:12:41.080 18542 18596 W ResourceType: Failure getting entry for 0x7f080544 (t=7 e=1348) (error -75)
02-04 16:12:41.083 18542 18596 W ResourceType: For resource 0x7f080bf7, entry index(3063) is beyond type entryCount(11)
02-04 16:12:41.083 18542 18596 W ResourceType: Failure getting entry for 0x7f080bf7 (t=7 e=3063) (error -75)
02-04 16:12:41.083 18542 18596 W ResourceType: For resource 0x7f080bf7, entry index(3063) is beyond type entryCount(11)
02-04 16:12:41.083 18542 18596 W ResourceType: Failure getting entry for 0x7f080bf7 (t=7 e=3063) (error -75)
02-04 16:12:41.083 18542 18596 W ResourceType: For resource 0x7f080bf7, entry index(3063) is beyond type entryCount(11)
02-04 16:12:41.083 18542 18596 W ResourceType: Failure getting entry for 0x7f080bf7 (t=7 e=3063) (error -75)
02-04 16:12:41.087 18542 18596 W ResourceType: For resource 0x7f08061d, entry index(1565) is beyond type entryCount(11)
02-04 16:12:41.087 18542 18596 W ResourceType: Failure getting entry for 0x7f08061d (t=7 e=1565) (error -75)
02-04 16:12:41.087 18542 18596 W ResourceType: For resource 0x7f0806c0, entry index(1728) is beyond type entryCount(11)
02-04 16:12:41.088 18542 18596 W ResourceType: Failure getting entry for 0x7f0806c0 (t=7 e=1728) (error -75)
02-04 16:12:41.088 18542 18596 W ResourceType: For resource 0x7f0806c0, entry index(1728) is beyond type entryCount(11)
02-04 16:12:41.088 18542 18596 W ResourceType: Failure getting entry for 0x7f0806c0 (t=7 e=1728) (error -75)
02-04 16:12:41.088 18542 18596 W ResourceType: For resource 0x7f0806c1, entry index(1729) is beyond type entryCount(11)
02-04 16:12:41.088 18542 18596 W ResourceType: Failure getting entry for 0x7f0806c1 (t=7 e=1729) (error -75)
02-04 16:12:41.102 18542 18596 E ExternalAccountType: Unsupported attribute readOnly
02-04 16:12:41.114  7358  7358 I GoogleInputMethod: onFinishInput() : Dummy InputConnection bound
02-04 16:12:41.114  7358  7358 I GoogleInputMethod: onStartInput() : Dummy InputConnection bound
02-04 16:12:41.127   571  1317 I chatty  : uid=1000(system) InputReader expire 3 lines
02-04 16:12:41.150  3253  3266 I zygote  : Background concurrent copying GC freed 6964(431KB) AllocSpace objects, 3(204KB) LOS objects, 63% free, 3MB/9MB, paused 59us total 111.676ms
02-04 16:12:41.165  1659  1659 D StatusBar: disable<e i a s b h!r!c s q >
02-04 16:12:41.201  3135  3135 I GsaVoiceInteractionSrv: O received Intent { act=android.intent.action.USER_PRESENT flg=0x24200010 }
02-04 16:12:41.223  3114  3114 I Coffee-HomeAddressChangeTracker: User Present. Maybe fetch home.
02-04 16:12:41.226  3114  3114 I Coffee-HomeAddressChangeTracker: fetch for account coolprashantmailbox@gmail.com
02-04 16:12:41.228  3114  3114 I Coffee-HomeFetcher: return existing home address!
02-04 16:12:41.228  3114  3114 I Coffee-HomeAddressChangeTracker: home address is not changed.
02-04 16:12:41.228  3114  3114 I Coffee-HomeAddressChangeTracker: fetch for account prashantkumar.niitian@gmail.com
02-04 16:12:41.228  3114  3114 I Coffee-HomeFetcher: return existing home address!
02-04 16:12:41.228  3114  3114 I Coffee-HomeAddressChangeTracker: fetch for account prasant10050@gmail.com
02-04 16:12:41.228  3114  3114 I Coffee-HomeFetcher: return existing home address!
02-04 16:12:41.242  3268  3268 W StaticLayout: maxLineHeight should not be -1.  maxLines:2 lineCount:2
02-04 16:12:41.244  3268  3268 W StaticLayout: maxLineHeight should not be -1.  maxLines:2 lineCount:2
02-04 16:12:41.246 18542 18596 W ResourceType: For resource 0x7f080544, entry index(1348) is beyond type entryCount(11)
02-04 16:12:41.246 18542 18596 W ResourceType: Failure getting entry for 0x7f080544 (t=7 e=1348) (error -75)
02-04 16:12:41.246  3268  3268 W StaticLayout: maxLineHeight should not be -1.  maxLines:2 lineCount:2
02-04 16:12:41.248  3268  3268 W StaticLayout: maxLineHeight should not be -1.  maxLines:2 lineCount:2
02-04 16:12:41.249 18542 18596 W ResourceType: For resource 0x7f080bf7, entry index(3063) is beyond type entryCount(11)
02-04 16:12:41.249 18542 18596 W ResourceType: Failure getting entry for 0x7f080bf7 (t=7 e=3063) (error -75)
02-04 16:12:41.249 18542 18596 W ResourceType: For resource 0x7f080bf7, entry index(3063) is beyond type entryCount(11)
02-04 16:12:41.249 18542 18596 W ResourceType: Failure getting entry for 0x7f080bf7 (t=7 e=3063) (error -75)
02-04 16:12:41.249 18542 18596 W ResourceType: For resource 0x7f080bf7, entry index(3063) is beyond type entryCount(11)
02-04 16:12:41.249 18542 18596 W ResourceType: Failure getting entry for 0x7f080bf7 (t=7 e=3063) (error -75)
02-04 16:12:41.252 18542 18596 W ResourceType: For resource 0x7f08061d, entry index(1565) is beyond type entryCount(11)
02-04 16:12:41.253 18542 18596 W ResourceType: Failure getting entry for 0x7f08061d (t=7 e=1565) (error -75)
02-04 16:12:41.253 18542 18596 W ResourceType: For resource 0x7f0806c0, entry index(1728) is beyond type entryCount(11)
02-04 16:12:41.253 18542 18596 W ResourceType: Failure getting entry for 0x7f0806c0 (t=7 e=1728) (error -75)
02-04 16:12:41.253 18542 18596 W ResourceType: For resource 0x7f0806c0, entry index(1728) is beyond type entryCount(11)
02-04 16:12:41.253 18542 18596 W ResourceType: Failure getting entry for 0x7f0806c0 (t=7 e=1728) (error -75)
02-04 16:12:41.253 18542 18596 W ResourceType: For resource 0x7f0806c1, entry index(1729) is beyond type entryCount(11)
02-04 16:12:41.253 18542 18596 W ResourceType: Failure getting entry for 0x7f0806c1 (t=7 e=1729) (error -75)
02-04 16:12:41.255  3114 22905 E NetworkScheduler: Unrecognised action provided: android.intent.action.PACKAGE_REMOVED
02-04 16:12:41.271  3268  3268 W StaticLayout: maxLineHeight should not be -1.  maxLines:1 lineCount:1
02-04 16:12:41.275   571  1759 I ActivityManager: START u0 {act=android.intent.action.MAIN cat=[android.intent.category.LAUNCHER] flg=0x10000000 cmp=com.example.prasant.handlerandlooper/.MainActivity} from uid 2000
02-04 16:12:41.273  3268  3268 W StaticLayout: maxLineHeight should not be -1.  maxLines:1 lineCount:1
02-04 16:12:41.295  3268  3268 W StaticLayout: maxLineHeight should not be -1.  maxLines:3 lineCount:3
02-04 16:12:41.296  1659  2017 W Adreno-EGL: <qeglDrvAPI_eglGetConfigAttrib:607>: EGL_BAD_ATTRIBUTE
02-04 16:12:41.296  1659  2017 D vndksupport: Loading /vendor/lib/hw/gralloc.msm8974.so from current namespace instead of sphal namespace.
02-04 16:12:41.296  3268  3268 W StaticLayout: maxLineHeight should not be -1.  maxLines:3 lineCount:3
02-04 16:12:41.303 18542 18596 E ExternalAccountType: Unsupported attribute readOnly
02-04 16:12:41.348 23528 23528 I zygote  : Late-enabling -Xcheck:jni
02-04 16:12:41.349   571 13849 I ActivityManager: Start proc 23528:com.example.prasant.handlerandlooper/u0a134 for activity com.example.prasant.handlerandlooper/.MainActivity
02-04 16:12:41.353  1905  1905 D CarrierSvcBindHelper: No carrier app for: 0
02-04 16:12:41.363   571   571 I Telecom : DefaultDialerCache: Refreshing default dialer for user 0: now com.google.android.dialer: DDC.oR@FtU
02-04 16:12:41.362  1905  1905 D CarrierSvcBindHelper: No carrier app for: 0
02-04 16:12:41.399  3163  3163 D RegisteredNfcFServicesCache: Service unchanged, not updating
02-04 16:12:41.402  3163  3412 E NxpTml  : _i2c_write() errno : 5
02-04 16:12:41.402  3163  3412 E NxpTml  : PN54X - Error in I2C Write.....
02-04 16:12:41.402  3163  3414 E NxpHal  : write error status = 0x1ff
02-04 16:12:41.402  3163  3375 E NxpHal  : write_unlocked failed - PN54X Maybe in Standby Mode - Retry
02-04 16:12:41.421  1905  1905 D ImsResolver: maybeAddedImsService, packageName: com.example.prasant.handlerandlooper
02-04 16:12:41.422   571 13848 W BroadcastQueue: Background execution not allowed: receiving Intent { act=android.intent.action.PACKAGE_REMOVED dat=package:com.example.prasant.handlerandlooper flg=0x4000010 (has extras) } to com.google.android.googlequicksearchbox/com.google.android.apps.gsa.googlequicksearchbox.GelStubAppWatcher
02-04 16:12:41.422  1905  1905 D CarrierConfigLoader: mHandler: 9 phoneId: 0
02-04 16:12:41.437  3355 23537 D Wear_Controller: Received broadcast action=android.intent.action.PACKAGE_REMOVED and uri=com.example.prasant.handlerandlooper
02-04 16:12:41.449  3163 23413 D NfcService: Discovery configuration equal, not updating.
02-04 16:12:41.481 23528 23548 I zygote  : Debugger is no longer active
02-04 16:12:41.507  1659  1681 I zygote  : Background concurrent copying GC freed 59385(2MB) AllocSpace objects, 1(20KB) LOS objects, 50% free, 6MB/12MB, paused 96us total 287.901ms
02-04 16:12:41.508   571 13848 W BroadcastQueue: Background execution not allowed: receiving Intent { act=android.intent.action.PACKAGE_REMOVED dat=package:com.example.prasant.handlerandlooper flg=0x4000010 (has extras) } to com.jio.myjio/com.inn.passivesdk.receiver.PackageReceiver
02-04 16:12:41.549 14663 14663 I Finsky  : [2] com.google.android.finsky.wear.WearSupportService.onStartCommand(29): Starting WearSupportService for auto_install
02-04 16:12:41.559 14663 14663 I Finsky  : [2] com.google.android.finsky.wear.am.a(78): Connecting to wearable; initiated by: com.google.android.finsky.wear.WearSupportService
02-04 16:12:41.581 14663 14663 I Finsky  : [2] com.google.android.finsky.externalreferrer.e.a(52): Package state data is missing for com.example.prasant.handlerandlooper
02-04 16:12:41.586   571 13844 W BroadcastQueue: Background execution not allowed: receiving Intent { act=android.intent.action.PACKAGE_ADDED dat=package:com.example.prasant.handlerandlooper flg=0x4000010 (has extras) } to com.google.android.googlequicksearchbox/com.google.android.apps.gsa.googlequicksearchbox.GelStubAppWatcher
02-04 16:12:41.594  3114  3114 I WearableService: Wearable Services not starting - Wear is not available on this device.
02-04 16:12:41.599  3114  4726 D WearableService: onGetService - Wear is not available on this device.
02-04 16:12:41.602   571 14210 I ActivityManager: START u0 {flg=0x10800000 cmp=com.estrongs.android.pop.pro/com.estrongs.android.pop.app.InstallMonitorActivity (has extras)} from uid 10122
02-04 16:12:41.608 14663 14663 E Finsky  : [2] com.google.android.finsky.wear.ap.a(3): onConnectionFailed: ConnectionResult{statusCode=API_UNAVAILABLE, resolution=null, message=null}
02-04 16:12:41.608 14663 14663 W Finsky  : [2] com.google.android.finsky.wear.bu.run(12): Dropping command=auto_install due to Gms not connected
02-04 16:12:41.608 14663 14663 I Finsky  : [2] com.google.android.finsky.wear.WearSupportService.b(75): Stopping WearSupportService
02-04 16:12:41.641   571  3452 W BroadcastQueue: Background execution not allowed: receiving Intent { act=android.intent.action.PACKAGE_ADDED dat=package:com.example.prasant.handlerandlooper flg=0x4000010 (has extras) } to com.jio.myjio/com.inn.passivesdk.receiver.PackageReceiver
02-04 16:12:41.642  3355 23540 D Wear_Controller: Received broadcast action=android.intent.action.PACKAGE_ADDED and uri=com.example.prasant.handlerandlooper
02-04 16:12:41.690   571  1759 W BroadcastQueue: Background execution not allowed: receiving Intent { act=android.intent.action.PACKAGE_REPLACED dat=package:com.example.prasant.handlerandlooper flg=0x4000010 (has extras) } to com.google.android.apps.photos/.account.full.FetchAccountPropertiesAppUpgradeBroadcastReceiver
02-04 16:12:41.692   571   591 W BroadcastQueue: Background execution not allowed: receiving Intent { act=android.intent.action.PACKAGE_REPLACED dat=package:com.example.prasant.handlerandlooper flg=0x4000010 (has extras) } to com.google.android.apps.photos/.backgroundsignin.BackgroundSignInBroadcastReceiver
02-04 16:12:41.692   571   591 W BroadcastQueue: Background execution not allowed: receiving Intent { act=android.intent.action.PACKAGE_REPLACED dat=package:com.example.prasant.handlerandlooper flg=0x4000010 (has extras) } to com.google.android.apps.photos/.experiments.phenotype.full.PhenotypeAppUpgradeBroadcastReceiver
02-04 16:12:41.693   571   591 W BroadcastQueue: Background execution not allowed: receiving Intent { act=android.intent.action.PACKAGE_REPLACED dat=package:com.example.prasant.handlerandlooper flg=0x4000010 (has extras) } to com.google.android.apps.photos/.notificationchannels.AppUpdateBroadcastReceiver
02-04 16:12:41.700  3114 22905 E NetworkScheduler: Unrecognised action provided: android.intent.action.PACKAGE_REPLACED
02-04 16:12:41.705   571   592 D AutofillUI: destroySaveUiUiThread(): already destroyed
02-04 16:12:41.705   571   590 D AutofillManagerServiceImpl: Reset component for user 0
02-04 16:12:41.710   571 13847 W BroadcastQueue: Background execution not allowed: receiving Intent { act=android.intent.action.PACKAGE_REPLACED dat=package:com.example.prasant.handlerandlooper flg=0x4000010 (has extras) } to com.google.android.googlequicksearchbox/com.google.android.apps.gsa.googlequicksearchbox.GelStubAppWatcher
02-04 16:12:41.714  3355 23535 I FontsPackageChangeOp: Package com.example.prasant.handlerandlooper has no metadata
02-04 16:12:41.727 23528 23528 I InstantRun: starting instant run server: is main process
02-04 16:12:41.737   571  2055 W BroadcastQueue: Background execution not allowed: receiving Intent { act=android.intent.action.PACKAGE_REPLACED dat=package:com.example.prasant.handlerandlooper flg=0x4000010 (has extras) } to com.jio.myjio/com.inn.passivesdk.receiver.PackageReceiver
02-04 16:12:41.786  3355 23534 I Authzen : [DeviceStateSyncManager] The server is in sync with current state. Nothing to do
02-04 16:12:41.809   571   584 I chatty  : uid=1000(system) Binder:571_2 expire 1 line
02-04 16:12:41.811   571  1677 I chatty  : uid=1000(system) Binder:571_3 expire 1 line
02-04 16:12:41.815  3355 13911 I Icing   : IndexChimeraService.getServiceInterface callingPackage=com.google.android.gms componentName=AppsCorpus serviceId=32
02-04 16:12:41.816  3355 14151 I Icing   : IndexChimeraService.getServiceInterface callingPackage=com.google.android.gms componentName=AppsCorpus serviceId=36
02-04 16:12:41.924  3355  4090 I Icing   : App usage reports: 2
02-04 16:12:41.924  3355  4090 I Icing   : Usage reports ok 2, Failed Usage reports 0, indexed 0, rejected 0, imm upload false
02-04 16:12:41.943  3355  4090 I Icing   : Usage reports ok 0, Failed Usage reports 0, indexed 0, rejected 0, imm upload false
02-04 16:12:41.991  3355 14151 I Icing   : IndexChimeraService.getServiceInterface callingPackage=com.google.android.gms componentName=AppsCorpus serviceId=32
02-04 16:12:41.993  3355 13911 I Icing   : IndexChimeraService.getServiceInterface callingPackage=com.google.android.gms componentName=AppsCorpus serviceId=36
02-04 16:12:42.011  3355  4090 I Icing   : Usage reports ok 0, Failed Usage reports 0, indexed 0, rejected 0, imm upload false
02-04 16:12:42.110   571   591 W ActivityManager: Activity pause timeout for ActivityRecord{a58eb21 u0 com.example.prasant.handlerandlooper/.MainActivity t2466}
02-04 16:12:42.028  3355  4090 I Icing   : Usage reports ok 0, Failed Usage reports 0, indexed 0, rejected 0, imm upload false
02-04 16:12:42.127  4366  4366 W ResourceType: No package identifier when getting value for resource number 0x00000000
02-04 16:12:42.154  4366 14815 W FileUtils: Failed to chmod(/storage/emulated/0/backups/system/.confd): android.system.ErrnoException: chmod failed: EPERM (Operation not permitted)
02-04 16:12:42.164 23528 23576 E AndroidRuntime: FATAL EXCEPTION: Thread-4
02-04 16:12:42.164 23528 23576 E AndroidRuntime: Process: com.example.prasant.handlerandlooper, PID: 23528
02-04 16:12:42.164 23528 23576 E AndroidRuntime: java.lang.NullPointerException: Attempt to invoke virtual method 'boolean android.os.Handler.sendMessage(android.os.Message)' on a null object reference
02-04 16:12:42.164 23528 23576 E AndroidRuntime: 	at com.example.prasant.handlerandlooper.MainActivity$MyThread.run(MainActivity.java:46)
02-04 16:12:42.164 23528 23576 E AndroidRuntime: 	at java.lang.Thread.run(Thread.java:764)
02-04 16:12:42.171   571 13847 W ActivityManager:   Force finishing activity com.example.prasant.handlerandlooper/.MainActivity
02-04 16:12:42.176   571 13847 W ContextImpl: Calling a method in the system process without a qualified user: android.app.ContextImpl.sendBroadcast:966 com.android.server.am.AppErrors.crashApplicationInner:393 com.android.server.am.AppErrors.crashApplication:321 com.android.server.am.ActivityManagerService.handleApplicationCrashInner:14413 com.android.server.am.ActivityManagerService.handleApplicationCrash:14395 
02-04 16:12:42.178   571   592 I ActivityManager: Showing crash dialog for package com.example.prasant.handlerandlooper u0
02-04 16:12:42.184  4366 14815 W FileUtils: Failed to chmod(/storage/emulated/0/backups/system/.confd): android.system.ErrnoException: chmod failed: EPERM (Operation not permitted)
02-04 16:12:42.206 23528 23577 D OpenGLRenderer: HWUI GL Pipeline
02-04 16:12:42.224   571  8396 I chatty  : uid=1000(system) RenderThread expire 5 lines
02-04 16:12:42.257  3268  8111 W Adreno-EGL: <qeglDrvAPI_eglGetConfigAttrib:607>: EGL_BAD_ATTRIBUTE
02-04 16:12:42.261  3253  3348 W Adreno-EGL: <qeglDrvAPI_eglGetConfigAttrib:607>: EGL_BAD_ATTRIBUTE
02-04 16:12:42.266  3268  8111 D vndksupport: Loading /vendor/lib/hw/gralloc.msm8974.so from current namespace instead of sphal namespace.
02-04 16:12:42.269  3253  3348 D vndksupport: Loading /vendor/lib/hw/gralloc.msm8974.so from current namespace instead of sphal namespace.
02-04 16:12:42.294  3253  3348 W OpenGLRenderer: Incorrectly called buildLayer on View: ShortcutAndWidgetContainer, destroying layer...
02-04 16:12:42.803  3253  3348 W OpenGLRenderer: Incorrectly called buildLayer on View: ShortcutAndWidgetContainer, destroying layer...
02-04 16:12:42.949  3355  9449 I Icing   : Indexing 33C7550AC076D5275B1E75D0F41294CCBF0B880B from com.google.android.gms
02-04 16:12:43.057  3355  9449 I Icing   : Indexing done 33C7550AC076D5275B1E75D0F41294CCBF0B880B
02-04 16:12:43.066  7358  7358 I IcingNotification: Received intent: Intent { act=com.google.android.gms.icing.IME_NOTIFICATION flg=0x10 pkg=com.google.android.inputmethod.latin (has extras) }
02-04 16:12:43.316  3268  7858 I EventLogSendingHelper: Sending log events.
02-04 16:12:44.260   571   594 I chatty  : uid=1000(system) batterystats-wo expire 6 lines
02-04 16:12:44.262   269   269 E WifiHAL : wifi_get_logger_supported_feature_set: Error -95 happened. 
02-04 16:12:44.263   571  1333 I chatty  : uid=1000(system) WifiStateMachin expire 1 line
02-04 16:12:44.264   284   425 D audio_hw_primary: out_standby: enter: stream (0xb2eeb480) usecase(1: low-latency-playback)
02-04 16:12:44.268   269   269 E WifiHAL : wifi_get_logger_supported_feature_set: Error -95 happened. 
02-04 16:12:42.210  4366 14815 I chatty  : uid=10122(com.estrongs.android.pop.pro) dataAnalyzeThre identical 1 line
02-04 16:12:42.233  4366 14815 W FileUtils: Failed to chmod(/storage/emulated/0/backups/system/.confd): android.system.ErrnoException: chmod failed: EPERM (Operation not permitted)
02-04 16:12:44.313   571   594 E BatteryExternalStatsWorker: no controller energy info supplied for wifi
02-04 16:12:44.313   571   594 E BatteryExternalStatsWorker: no controller energy info supplied for bluetooth
02-04 16:12:44.320   284   425 D hardware_info: hw_info_append_hw_type : device_name = speaker
02-04 16:12:44.334   571   594 E KernelWakelockReader: neither /proc/wakelocks nor /d/wakeup_sources exists
02-04 16:12:44.342   571   594 W BatteryStatsImpl: Couldn't get kernel wake lock stats
02-04 16:12:44.342   571   594 E BatteryExternalStatsWorker: modem info is invalid: ModemActivityInfo{ mTimestamp=0 mSleepTimeMs=0 mIdleTimeMs=0 mTxTimeMs[]=[0, 0, 0, 0, 0] mRxTimeMs=0 mEnergyUsed=0}
02-04 16:12:46.448  3268 13395 I EventLogSendingHelper: Sending log events.
02-04 16:12:46.618  3114  3114 I WearableService: Wearable Services stopping
02-04 16:12:48.317  3268  7858 I EventLogSendingHelper: Sending log events.
02-04 16:12:51.452  3268  7858 I EventLogSendingHelper: Sending log events.
02-04 16:12:57.809   269  2874 E WifiHAL : Received UMAC message with insufficent length: 128
02-04 16:12:57.809   269  2874 E WifiHAL : Received UMAC message with insufficent length: 914
02-04 16:12:57.809   269  2874 E WifiHAL : Received UMAC message with insufficent length: 48
02-04 16:12:57.827 14663 14663 I Finsky  : [2] com.google.android.finsky.scheduler.ak.a(146): onJobSchedulerWakeup
02-04 16:12:57.829 14663 14663 I Finsky  : [2] com.google.android.finsky.scheduler.k.a(22): Scheduling fallback in 43199998 (absolute: 107851642)
02-04 16:12:57.831 14663 14663 I Finsky  : [2] com.google.android.finsky.scheduler.k.a(22): Scheduling fallback in 64799998 (absolute: 129451644)
02-04 16:12:57.834 14663 14663 I Finsky  : [2] com.google.android.finsky.scheduler.r.handleMessage(25): DeviceState: DeviceState{currentTime=1517740977832, isCharging=false, isIdle=false, netAny=true, netNotRoaming=false, netUnmetered=false}
02-04 16:12:57.861 14663 14663 I Finsky  : [2] com.google.android.finsky.scheduler.m.a(87): Running job: 1 (12)
02-04 16:12:57.861 14663 14663 I Finsky  : [2] com.google.android.finsky.af.c.a(40): ContentSyncJob started
02-04 16:12:57.871 14663 14663 I Finsky  : [2] com.google.android.finsky.scheduler.m.a(159): RunningQueue size: 1
02-04 16:12:57.871 14663 14663 I Finsky  : [2] com.google.android.finsky.scheduler.m.a(160): PendingQueue size: 0
02-04 16:12:57.892   269  2874 E WifiHAL : Received UMAC message with insufficent length: 914
02-04 16:12:57.893   269  2874 E WifiHAL : Received UMAC message with insufficent length: 128
02-04 16:12:57.893   269  2874 E WifiHAL : Received UMAC message with insufficent length: 128
02-04 16:12:57.894   571 14209 I chatty  : uid=1000(system) Binder:571_1B expire 1 line
02-04 16:12:58.087  3114  3125 I zygote  : Background concurrent copying GC freed 230487(8MB) AllocSpace objects, 27(2MB) LOS objects, 49% free, 11MB/22MB, paused 60us total 103.468ms
02-04 16:12:58.140 14663 14686 I Finsky  : [1193] com.google.android.finsky.l.c.a(25): Completed 0 account content syncs with 0 successful.
02-04 16:12:58.140 14663 14663 I Finsky  : [2] com.google.android.finsky.af.c.a(5): Installation state replication succeeded.
02-04 16:12:58.141 14663 14663 I Finsky  : [2] com.google.android.finsky.scheduler.ah.b(12): jobFinished: 1 12
02-04 16:12:58.141 14663 14663 I Finsky  : [2] com.google.android.finsky.scheduler.m.a(184): Job 1 (12) finished
02-04 16:12:58.142 14663 14663 I Finsky  : [2] com.google.android.finsky.scheduler.m.a(159): RunningQueue size: 0
02-04 16:12:58.142 14663 14663 I Finsky  : [2] com.google.android.finsky.scheduler.m.a(160): PendingQueue size: 0
02-04 16:12:58.142 14663 14663 I Finsky  : [2] com.google.android.finsky.scheduler.r.handleMessage(200): Executor finished
02-04 16:13:10.623   571   607 I PowerManagerService: Nap time (uid 1000)...
02-04 16:13:10.623   571   607 I PowerManagerService: Going to sleep due to screen timeout (uid 1000)...
02-04 16:13:10.678   571   607 I chatty  : uid=1000(system) PowerManagerSer expire 5 lines
02-04 16:13:10.981   571   607 I DisplayPowerController: Blocking screen off
02-04 16:13:10.985   571   607 I DisplayPowerController: Unblocked screen off after 3 ms
02-04 16:13:10.994   571   607 E KernelWakelockReader: neither /proc/wakelocks nor /d/wakeup_sources exists
02-04 16:13:11.009   571   607 W BatteryStatsImpl: Couldn't get kernel wake lock stats
02-04 16:13:11.115   571   605 I DisplayManagerService: Display device changed state: "Built-in Screen", OFF
02-04 16:13:11.115   276   276 D SurfaceFlinger: Set power mode=0, type=0 flinger=0xa5fd1000
02-04 16:13:11.115   276   276 D qdhwcomposer: hwc_setPowerMode: Setting mode 0 on display: 0
02-04 16:13:11.209  3268 19856 I PBSessionCacheImpl: Deleted sessionId[2557798048229] from persistence.
02-04 16:13:11.217   571  3207 I chatty  : uid=1000(system) Binder:571_8 expire 1 line
02-04 16:13:11.218   571 13845 I chatty  : uid=1000(system) Binder:571_13 expire 1 line
02-04 16:13:11.221  3268  3268 W SearchService: Abort, client detached.
02-04 16:13:11.283  3114  5974 I Places  : ?: PlacesBleScanner stop()
02-04 16:13:11.284  3114  3114 I BeaconBle: Places requested to stop scan
02-04 16:13:11.288  3114  3114 I BeaconBle: ZERO_POWER is disabled.
02-04 16:13:11.289  3114  3114 I BeaconBle: 'L' hardware scan: scan stopped, no powered clients
02-04 16:13:11.289  3114  3114 I BeaconBle: Scan canceled successfully.
02-04 16:13:11.295  3114  5974 I PlaceInferenceEngine: [anon] Changed inference mode: 105
02-04 16:13:11.333   276   375 I qdhwcomposer: handle_blank_event: dpy:0 panel power state: 0
02-04 16:13:11.350   276   276 D qdhwcomposer: hwc_setPowerMode: Done setting mode 0 on display 0
02-04 16:13:11.350   571  1643 I chatty  : uid=1000(system) PhotonicModulat expire 1 line
02-04 16:13:11.351   571   607 I DreamManagerService: Entering dreamland.
02-04 16:13:11.351   571   607 I PowerManagerService: Dozing...
02-04 16:13:11.352   571   605 I chatty  : uid=1000(system) android.display expire 1 line
02-04 16:13:11.353   571   603 I DreamController: Starting dream: name=ComponentInfo{com.android.systemui/com.android.systemui.doze.DozeService}, isTest=false, canDoze=true, userId=0
02-04 16:13:11.353   571 13847 I ActivityManager: Killing 23528:com.example.prasant.handlerandlooper/u0a134 (adj 902): crash
02-04 16:13:11.353   571   593 I chatty  : uid=1000(system) ActivityManager expire 3 lines
02-04 16:13:11.379   571   605 W ActivityManager: setHasOverlayUi called on unknown pid: 23528
02-04 16:13:11.381   571   603 D AutofillManagerService: Close system dialogs
02-04 16:13:11.390   571   592 W AppOps  : Finishing op nesting under-run: uid 1000 pkg android code 24 time=0 duration=0 nesting=0
02-04 16:13:11.390   276  1319 E SurfaceFlinger: Failed to find layer (Application Error: com.example.prasant.handlerandlooper#0) in layer parent (no-parent).
02-04 16:13:11.412   571  3449 D AutofillManagerServiceImpl: Reset component for user 0
02-04 16:13:11.413  7358  7358 I GoogleInputMethod: onFinishInput() : Dummy InputConnection bound
02-04 16:13:11.413  7358  7358 I GoogleInputMethod: onStartInput() : Dummy InputConnection bound
02-04 16:13:11.426  1659  1659 D StatusBar: disable<e i a s b h r c s q >
02-04 16:13:11.432  1659  1659 D StatusBar: disable<e i a s b h r c s q >
02-04 16:13:11.442   284 17646 D audio_hw_primary: adev_set_parameters: enter: screen_state=off
02-04 16:13:11.443   269  2874 E WifiHAL : Received UMAC message with insufficent length: 48
02-04 16:13:11.449   269  2874 I chatty  : uid=1010(wifi) android.hardwar identical 4 lines
02-04 16:13:11.457   269  2874 E WifiHAL : Received UMAC message with insufficent length: 48
02-04 16:13:11.461  1659  2017 W Adreno-EGL: <qeglDrvAPI_eglGetConfigAttrib:607>: EGL_BAD_ATTRIBUTE
02-04 16:13:11.462  1659  2017 D vndksupport: Loading /vendor/lib/hw/gralloc.msm8974.so from current namespace instead of sphal namespace.
02-04 16:13:11.465  1659  1659 D StatusBar: disable<e i a s b h r c s q >
02-04 16:13:11.473  1659  1659 I chatty  : uid=10026(com.android.systemui) identical 3 lines
02-04 16:13:11.473  1659  1659 D StatusBar: disable<e i a s b h r c s q >
02-04 16:13:11.499  3163  3412 E NxpTml  : _i2c_write() errno : 5
02-04 16:13:11.499  3163  3412 E NxpTml  : PN54X - Error in I2C Write.....
02-04 16:13:11.499  3163  3414 E NxpHal  : write error status = 0x1ff
