02-04 08:42:42.905   571 13847 I chatty  : uid=1000(system) Binder:571_15 expire 2 lines
02-04 08:42:46.960   571  2057 I chatty  : uid=1000(system) Binder:571_7 expire 2 lines
02-04 08:42:47.173   571  5265 I chatty  : uid=1000(system) Binder:571_E expire 1 line
02-04 08:42:51.094   571   592 I chatty  : uid=1000(system) android.ui expire 7 lines
02-04 08:42:51.114   571   583 I chatty  : uid=1000(system) Binder:571_1 expire 8 lines
02-04 08:42:52.677   571  2055 I chatty  : uid=1000(system) Binder:571_6 expire 3 lines
02-04 08:42:54.880   571 13849 I chatty  : uid=1000(system) Binder:571_17 expire 1 line
02-04 08:42:54.909   571   603 I chatty  : uid=1000(system) android.fg expire 9 lines
02-04 08:42:56.402  3114  4726 V PackageManager: [c19032c2-dc30-4cba-9097-fc770de26e5b] Phase1 called; posting
02-04 08:42:56.402  3114  3114 D PackageManager: [c19032c2-dc30-4cba-9097-fc770de26e5b] Phase1 request; prefix: [1208311808, 305614848]
02-04 08:42:56.413  3114  3499 V PackageManager: [d5531299-d900-4837-960b-c68b572c1c94] Phase1 called; posting
02-04 08:42:56.413  3114  3114 D PackageManager: [d5531299-d900-4837-960b-c68b572c1c94] Phase1 request; prefix: [1208311808, 305614848]
02-04 08:43:06.822   571 13844 I chatty  : uid=1000(system) Binder:571_12 expire 4 lines
02-04 08:43:08.199   571 13845 I chatty  : uid=1000(system) Binder:571_13 expire 4 lines
02-04 08:43:16.567   571 13851 I chatty  : uid=1000(system) Binder:571_19 expire 3 lines
02-04 08:43:17.717  3114  3499 V PackageManager: [22eef052-dc1e-4940-ae9a-3c21b79be435] Phase1 called; posting
02-04 08:43:17.717  3114  3114 D PackageManager: [22eef052-dc1e-4940-ae9a-3c21b79be435] Phase1 request; prefix: [1208311808, 305614848]
02-04 08:43:17.729  3114  5230 V PackageManager: [7877e74d-5ccc-4fd2-bcb7-93534ffdb360] Phase1 called; posting
02-04 08:43:17.729  3114  3114 D PackageManager: [7877e74d-5ccc-4fd2-bcb7-93534ffdb360] Phase1 request; prefix: [1208311808, 305614848]
02-04 08:43:40.862   571   584 I chatty  : uid=1000(system) Binder:571_2 expire 1 line
02-04 08:43:40.952   571  1997 I chatty  : uid=1000(system) Binder:571_5 expire 1 line
02-04 08:43:41.379   571   594 I chatty  : uid=1000(system) batterystats-wo expire 27 lines
02-04 08:43:41.380  3114  3499 V PackageManager: [e52b5ddf-6187-4d19-ad58-d82e1abfbfe4] Phase1 called; posting
02-04 08:43:41.383  3114  3114 D PackageManager: [e52b5ddf-6187-4d19-ad58-d82e1abfbfe4] Phase1 request; prefix: [-474955776]
02-04 08:44:11.587   571  3474 I chatty  : uid=1000(system) Binder:571_D expire 1 line
02-04 08:44:24.131   571  3449 I chatty  : uid=1000(system) Binder:571_B expire 1 line
02-04 08:44:28.327   571  3448 I chatty  : uid=1000(system) Binder:571_A expire 2 lines
02-04 08:44:29.812   571 13848 I chatty  : uid=1000(system) Binder:571_16 expire 3 lines
02-04 08:44:32.543   571  5321 I chatty  : uid=1000(system) Binder:571_11 expire 1 line
02-04 08:44:36.417   571  5298 I chatty  : uid=1000(system) Binder:571_10 expire 1 line
02-04 08:45:02.574   571 13846 I chatty  : uid=1000(system) Binder:571_14 expire 3 lines
02-04 08:45:28.384   571  1327 I chatty  : uid=1000(system) NetworkPolicy expire 12 lines
02-04 08:46:27.725   571  5297 I chatty  : uid=1000(system) Binder:571_F expire 1 line
02-04 08:46:28.091   571  1340 I chatty  : uid=1000(system) ConnectivitySer expire 3 lines
02-04 08:46:28.298   571  1759 I chatty  : uid=1000(system) Binder:571_4 expire 23 lines
02-04 08:46:29.209   571  1317 I chatty  : uid=1000(system) InputReader expire 3 lines
02-04 08:46:29.551   571   607 I chatty  : uid=1000(system) PowerManagerSer expire 12 lines
02-04 08:46:29.600   571   605 I chatty  : uid=1000(system) android.display expire 2 lines
02-04 08:46:35.392   571  3273 I chatty  : uid=1000(system) Binder:571_9 expire 1 line
02-04 08:46:40.410   571   571 I chatty  : uid=1000 system_server expire 35 lines
02-04 08:46:40.457   571  2392 I chatty  : uid=1000(system) uteStateMachine expire 10 lines
02-04 08:46:40.473   571  2397 I chatty  : uid=1000(system) CallAudioModeSt expire 3 lines
02-04 08:46:40.949  1905  1905 I Telephony: TelephonyConnectionService: onCreateOutgoingConnection, request: ConnectionRequest xxxxxxxxxxxxxxxxxxx Bundle[mParcelledData.dataSize=764]: (SBC.oSC)->CS.crCo->H.CS.crCo->H.CS.crCo.pICR@E-BH8
02-04 08:46:41.049   571   591 I chatty  : uid=1000(system) ActivityManager expire 23 lines
02-04 08:46:41.063  1905  1905 I Telephony: TelephonyConnectionService: notifyCreateConnectionComplete TC@2_1: (...->CSW.hCCC)->CS.crCoC->H.CS.crCoC@E-E-E-BH8
02-04 08:46:41.160   571  1997 I chatty  : uid=1000(system) Binder:571_5 expire 8 lines
02-04 08:46:41.412   571   584 I chatty  : uid=1000(system) Binder:571_2 expire 2 lines
02-04 08:46:41.554   571 13851 I chatty  : uid=1000(system) Binder:571_19 expire 1 line
02-04 08:46:41.570   571 13849 I chatty  : uid=1000(system) Binder:571_17 expire 3 lines
02-04 08:46:50.159   571 13845 I chatty  : uid=1000(system) Binder:571_13 expire 19 lines
02-04 08:46:52.685   571   607 I chatty  : uid=1000(system) PowerManagerSer expire 24 lines
02-04 08:46:52.755   571   605 I chatty  : uid=1000(system) android.display expire 9 lines
02-04 08:47:00.288   571  2397 I chatty  : uid=1000(system) CallAudioModeSt expire 6 lines
02-04 08:47:01.938   571   590 I chatty  : uid=1000(system) android.bg expire 1 line
02-04 08:47:19.306   571  5298 I chatty  : uid=1000(system) Binder:571_10 expire 24 lines
02-04 08:47:19.341   571  2392 I chatty  : uid=1000(system) uteStateMachine expire 8 lines
02-04 08:47:19.352   571  2380 I chatty  : uid=1000(system) BluetoothRouteM expire 2 lines
02-04 08:47:19.379   571   583 I chatty  : uid=1000(system) Binder:571_1 expire 1 line
02-04 08:47:21.380   571   571 I chatty  : uid=1000 system_server expire 2 lines
02-04 08:47:41.716   571   592 I chatty  : uid=1000(system) android.ui expire 5 lines
02-04 08:47:41.825   571  1246 I chatty  : uid=1000(system) android.anim expire 1 line
02-04 08:47:42.745   571  1759 I chatty  : uid=1000(system) Binder:571_4 expire 3 lines
02-04 08:47:42.800   571  1340 I chatty  : uid=1000(system) ConnectivitySer expire 8 lines
02-04 08:47:43.297   571 13844 I chatty  : uid=1000(system) Binder:571_12 expire 3 lines
02-04 08:47:46.145   571  1317 I chatty  : uid=1000(system) InputReader expire 3 lines
02-04 08:47:46.783   571   603 I chatty  : uid=1000(system) android.fg expire 5 lines
02-04 08:48:15.899   571 13847 I chatty  : uid=1000(system) Binder:571_15 expire 1 line
02-04 08:48:15.932   571   594 I chatty  : uid=1000(system) batterystats-wo expire 5 lines
02-04 08:48:17.178   296   296 W wificond: Scan is not started. Ignore abort request
02-04 08:48:17.210   571   591 I chatty  : uid=1000(system) ActivityManager expire 10 lines
02-04 08:48:17.354   571  1333 I chatty  : uid=1000(system) WifiStateMachin expire 1 line
02-04 08:48:20.939   571  1339 I chatty  : uid=1000(system) WifiP2pService expire 1 line
02-04 08:48:21.135   571  1327 I chatty  : uid=1000(system) NetworkPolicy expire 12 lines
02-04 08:48:22.474   571 13848 I chatty  : uid=1000(system) Binder:571_16 expire 1 line
02-04 08:48:22.559  3114  5219 V PackageManager: [4055c1d6-3005-48c0-936e-dbea3ea51db9] Phase1 called; posting
02-04 08:48:22.559  3114  3114 D PackageManager: [4055c1d6-3005-48c0-936e-dbea3ea51db9] Phase1 request; prefix: [1208311808, 305614848]
02-04 08:48:22.568  3114  3499 V PackageManager: [4b96003e-5bca-404f-b1b1-a789625cff73] Phase1 called; posting
02-04 08:48:22.568  3114  3114 D PackageManager: [4b96003e-5bca-404f-b1b1-a789625cff73] Phase1 request; prefix: [1208311808, 305614848]
02-04 08:48:24.338   571 13845 I chatty  : uid=1000(system) Binder:571_13 expire 1 line
02-04 08:48:25.436   571  3449 I chatty  : uid=1000(system) Binder:571_B expire 2 lines
02-04 08:48:25.680   571  3207 I chatty  : uid=1000(system) Binder:571_8 expire 1 line
02-04 08:48:47.691   571  5265 I chatty  : uid=1000(system) Binder:571_E expire 2 lines
02-04 08:48:47.756   571  5298 I chatty  : uid=1000(system) Binder:571_10 expire 2 lines
02-04 08:48:48.957  3114  4725 V PackageManager: [5120f538-d781-4e00-b3a7-0fed1a495492] Phase1 called; posting
02-04 08:48:48.983  3114  3114 D PackageManager: [5120f538-d781-4e00-b3a7-0fed1a495492] Phase1 request; prefix: [1208311808, 305614848]
02-04 08:48:49.005  3114  3129 V PackageManager: [216d1d6d-41ff-461e-b956-ecf360d98cc0] Phase1 called; posting
02-04 08:48:49.019  3114  3114 D PackageManager: [216d1d6d-41ff-461e-b956-ecf360d98cc0] Phase1 request; prefix: [1208311808, 305614848]
02-04 08:48:49.778  3114  3624 V PackageManager: [3f8e3ea5-ceff-490c-bf41-1873e229945f] Phase1 called; posting
02-04 08:48:49.778  3114  3114 D PackageManager: [3f8e3ea5-ceff-490c-bf41-1873e229945f] Phase1 request; prefix: [1802354688]
02-04 08:48:52.280   571   591 I chatty  : uid=1000(system) ActivityManager expire 3 lines
02-04 08:49:12.873   571 13846 I chatty  : uid=1000(system) Binder:571_14 expire 1 line
02-04 08:49:46.171  3114  3624 V PackageManager: [f3bad8be-3ee1-45cf-bd18-464b2ae5f844] Phase1 called; posting
02-04 08:49:46.171  3114  3114 D PackageManager: [f3bad8be-3ee1-45cf-bd18-464b2ae5f844] Phase1 request; prefix: [1802354688]
02-04 08:50:11.366  3114  5230 V PackageManager: [d3807de6-afbb-411a-bce2-5fa86df04516] Phase1 called; posting
02-04 08:50:11.367  3114  3114 D PackageManager: [d3807de6-afbb-411a-bce2-5fa86df04516] Phase1 request; prefix: [823734272, 1762959360]
02-04 08:50:16.095   571  1327 I chatty  : uid=1000(system) NetworkPolicy expire 12 lines
02-04 08:51:01.331  3114  5219 V PackageManager: [4c8c6c6c-2c1c-4f8b-826a-d3a5ce42a944] Phase1 called; posting
02-04 08:51:01.331  3114  3114 D PackageManager: [4c8c6c6c-2c1c-4f8b-826a-d3a5ce42a944] Phase1 request; prefix: [823734272, 1762959360]
02-04 08:51:05.267   571   594 I chatty  : uid=1000(system) batterystats-wo expire 14 lines
02-04 08:51:15.777   571   592 I chatty  : uid=1000(system) android.ui expire 11 lines
02-04 08:51:17.922  3114  3624 V PackageManager: [275e84f4-850b-4c9f-9164-d8255cd61216] Phase1 called; posting
02-04 08:51:17.923  3114  3114 D PackageManager: [275e84f4-850b-4c9f-9164-d8255cd61216] Phase1 request; prefix: [823734272, 1762959360]
02-04 08:51:23.846   571   591 I chatty  : uid=1000(system) ActivityManager expire 10 lines
02-04 08:51:43.707  3114  3132 V PackageManager: [16ed3c32-6d43-4768-9924-8b6af796d561] Phase1 called; posting
02-04 08:51:43.707  3114  3114 D PackageManager: [16ed3c32-6d43-4768-9924-8b6af796d561] Phase1 request; prefix: [823734272, 1762959360]
02-04 08:52:13.771  3114  3625 V PackageManager: [7597bf05-cabe-46e0-a069-745f83838857] Phase1 called; posting
02-04 08:52:13.771  3114  3114 D PackageManager: [7597bf05-cabe-46e0-a069-745f83838857] Phase1 request; prefix: [1802354688]
02-04 08:52:21.356  3114  5230 V PackageManager: [38a39ede-36b6-4b8c-b202-ea1eb27e8f5f] Phase1 called; posting
02-04 08:52:21.357  3114  3114 D PackageManager: [38a39ede-36b6-4b8c-b202-ea1eb27e8f5f] Phase1 request; prefix: [1802354688]
02-04 08:52:21.749  3114  4726 V PackageManager: [b63b12cd-81bf-493f-b697-7d68232f7f42] Phase1 called; posting
02-04 08:52:21.750  3114  3114 D PackageManager: [b63b12cd-81bf-493f-b697-7d68232f7f42] Phase1 request; prefix: [1802354688]
02-04 08:52:22.379  3114  5219 V PackageManager: [040aae7c-64cf-45ab-b943-764f456851c5] Phase1 called; posting
02-04 08:52:22.379  3114  3114 D PackageManager: [040aae7c-64cf-45ab-b943-764f456851c5] Phase1 request; prefix: [1802354688]
02-04 08:52:31.112  3114  3625 V PackageManager: [c1caa7ac-2477-4a4f-b3bd-7bf720b14541] Phase1 called; posting
02-04 08:52:31.112  3114  3114 D PackageManager: [c1caa7ac-2477-4a4f-b3bd-7bf720b14541] Phase1 request; prefix: [1802354688, -1618509824]
02-04 08:53:23.049   571  1246 I chatty  : uid=1000(system) android.anim expire 2 lines
02-04 08:53:30.087  3114  5230 V PackageManager: [e102d97e-87be-4ec4-9ffb-8fdc884e37e7] Phase1 called; posting
02-04 08:53:30.087  3114  3114 D PackageManager: [e102d97e-87be-4ec4-9ffb-8fdc884e37e7] Phase1 request; prefix: [1802354688, -1618509824]
02-04 08:53:58.348   571   592 I chatty  : uid=1000(system) android.ui expire 14 lines
02-04 08:54:10.647  3114  3500 V PackageManager: [22d3c2c1-3eb3-4c32-ad40-9138a8bffcee] Phase1 called; posting
02-04 08:54:10.647  3114  3114 D PackageManager: [22d3c2c1-3eb3-4c32-ad40-9138a8bffcee] Phase1 request; prefix: [1802354688, -1618509824]
02-04 08:54:28.001  3114  3499 V PackageManager: [daee229c-be5a-4357-9312-abd2967f00d2] Phase1 called; posting
02-04 08:54:28.001  3114  3114 D PackageManager: [daee229c-be5a-4357-9312-abd2967f00d2] Phase1 request; prefix: [1015750656]
02-04 08:54:29.859  3114  4726 V PackageManager: [dce98d5f-b9a5-4a91-b357-302617ede64d] Phase1 called; posting
02-04 08:54:29.859  3114  3114 D PackageManager: [dce98d5f-b9a5-4a91-b357-302617ede64d] Phase1 request; prefix: [1015750656, -1023299584]
02-04 08:54:56.874  3114  3499 V PackageManager: [9994a2a2-a610-4a50-b03e-96d5d4038dfc] Phase1 called; posting
02-04 08:54:56.874  3114  3114 D PackageManager: [9994a2a2-a610-4a50-b03e-96d5d4038dfc] Phase1 request; prefix: [902426624, -811048960, -137170944]
02-04 08:55:00.463  3114  4726 V PackageManager: [432cda0d-06bf-4f5f-9fdd-c9d4d625f7dd] Phase1 called; posting
02-04 08:55:00.463  3114  3114 D PackageManager: [432cda0d-06bf-4f5f-9fdd-c9d4d625f7dd] Phase1 request; prefix: [1802354688]
02-04 08:55:10.067  3114  5219 V PackageManager: [092949d5-ef8d-43b3-b095-a7f0e4d9b730] Phase1 called; posting
02-04 08:55:10.068  3114  3114 D PackageManager: [092949d5-ef8d-43b3-b095-a7f0e4d9b730] Phase1 request; prefix: [1802354688]
02-04 08:55:16.088   571   591 I chatty  : uid=1000(system) ActivityManager expire 25 lines
02-04 08:55:18.403   571   590 I chatty  : uid=1000(system) android.bg expire 2 lines
02-04 08:55:27.862  3114  3132 V PackageManager: [1a54756e-8861-4889-abec-6f27c03d5ac1] Phase1 called; posting
02-04 08:55:27.862  3114  3114 D PackageManager: [1a54756e-8861-4889-abec-6f27c03d5ac1] Phase1 request; prefix: [902426624, -811048960, -137170944]
02-04 08:55:31.881  3114  5219 V PackageManager: [038a871f-be8c-43fc-bd55-2169423c7b42] Phase1 called; posting
02-04 08:55:31.881  3114  3114 D PackageManager: [038a871f-be8c-43fc-bd55-2169423c7b42] Phase1 request; prefix: [1634934784, 1215242240]
02-04 08:55:45.941  3114  3624 V PackageManager: [85064ba8-ad86-4011-8157-f4d9b62f5cec] Phase1 called; posting
02-04 08:55:45.941  3114  3114 D PackageManager: [85064ba8-ad86-4011-8157-f4d9b62f5cec] Phase1 request; prefix: [-1297461248]
02-04 08:55:54.877   571  1997 I chatty  : uid=1000(system) Binder:571_5 expire 2 lines
02-04 08:55:54.987   571  3474 I chatty  : uid=1000(system) Binder:571_D expire 2 lines
02-04 08:55:56.309   571  1677 I chatty  : uid=1000(system) Binder:571_3 expire 4 lines
02-04 08:55:56.426   571 13848 I chatty  : uid=1000(system) Binder:571_16 expire 3 lines
02-04 08:56:05.272   571   594 I chatty  : uid=1000(system) batterystats-wo expire 10 lines
02-04 08:56:59.352   571 13844 I chatty  : uid=1000(system) Binder:571_12 expire 1 line
02-04 08:57:13.157   571  3273 I chatty  : uid=1000(system) Binder:571_9 expire 2 lines
02-04 08:57:17.231  3114  3625 V PackageManager: [7ef73d8a-904c-448d-853e-32719897483c] Phase1 called; posting
02-04 08:57:17.231  3114  3114 D PackageManager: [7ef73d8a-904c-448d-853e-32719897483c] Phase1 request; prefix: [1208311808, 305614848]
02-04 08:57:17.254  3114  4725 V PackageManager: [629454a2-1faf-4212-b078-5ff19872ee90] Phase1 called; posting
02-04 08:57:17.254  3114  3114 D PackageManager: [629454a2-1faf-4212-b078-5ff19872ee90] Phase1 request; prefix: [1208311808, 305614848]
02-04 08:57:42.081  3114  3500 V PackageManager: [c9db77c4-cbaa-411d-9215-4376728fae55] Phase1 called; posting
02-04 08:57:42.081  3114  3114 D PackageManager: [c9db77c4-cbaa-411d-9215-4376728fae55] Phase1 request; prefix: [1802354688, -1618509824]
02-04 08:57:52.991   571   592 I chatty  : uid=1000(system) android.ui expire 10 lines
02-04 08:58:19.749   571  2055 I chatty  : uid=1000(system) Binder:571_6 expire 2 lines
02-04 08:59:04.591   571   584 I chatty  : uid=1000(system) Binder:571_2 expire 3 lines
02-04 08:59:04.682   571   603 I chatty  : uid=1000(system) android.fg expire 6 lines
02-04 08:59:04.734   571   571 I chatty  : uid=1000 system_server expire 1 line
02-04 08:59:05.476  3114  5230 V PackageManager: [00f7d047-d00e-4a9a-b95c-a0e6d67ebe02] Phase1 called; posting
02-04 08:59:05.477  3114  3114 D PackageManager: [00f7d047-d00e-4a9a-b95c-a0e6d67ebe02] Phase1 request; prefix: [1208311808, 305614848]
02-04 08:59:05.485  3114  3129 V PackageManager: [1f82a235-fdb0-48ca-bde9-0b46c6ff01fd] Phase1 called; posting
02-04 08:59:05.485  3114  3114 D PackageManager: [1f82a235-fdb0-48ca-bde9-0b46c6ff01fd] Phase1 request; prefix: [1208311808, 305614848]
02-04 08:59:10.894  3114  4725 V PackageManager: [ba1e87e5-8f62-4e2a-9e1d-e3ed930fd041] Phase1 called; posting
02-04 08:59:10.894  3114  3114 D PackageManager: [ba1e87e5-8f62-4e2a-9e1d-e3ed930fd041] Phase1 request; prefix: [1705005056, -1552789504]
02-04 08:59:12.936   571  1327 I chatty  : uid=1000(system) NetworkPolicy expire 14 lines
02-04 08:59:20.070  3114  5230 V PackageManager: [7fbfaf6d-d35c-47a2-9fbb-7d336d26e1e7] Phase1 called; posting
02-04 08:59:20.070  3114  3114 D PackageManager: [7fbfaf6d-d35c-47a2-9fbb-7d336d26e1e7] Phase1 request; prefix: [1104056320, -1348775936]
02-04 09:00:05.273   571   594 I chatty  : uid=1000(system) batterystats-wo expire 21 lines
02-04 09:00:10.502   571 13850 I chatty  : uid=1000(system) Binder:571_18 expire 2 lines
02-04 09:00:10.639   571  3452 I chatty  : uid=1000(system) Binder:571_C expire 1 line
02-04 09:00:12.154   571  3449 I chatty  : uid=1000(system) Binder:571_B expire 1 line
02-04 09:00:48.186   571  1316 I chatty  : uid=1000(system) InputDispatcher expire 2 lines
02-04 09:00:49.859   571  5298 I chatty  : uid=1000(system) Binder:571_10 expire 1 line
02-04 09:00:49.976  3114  5219 V PackageManager: [fe2491e3-e818-4e8e-8955-1f94a82e8050] Phase1 called; posting
02-04 09:00:49.976  3114  3114 D PackageManager: [fe2491e3-e818-4e8e-8955-1f94a82e8050] Phase1 request; prefix: [1208311808, 305614848]
02-04 09:00:49.981  3114  3132 V PackageManager: [0deac8c7-115e-44c4-a191-b8ac89358dcf] Phase1 called; posting
02-04 09:00:49.982  3114  3114 D PackageManager: [0deac8c7-115e-44c4-a191-b8ac89358dcf] Phase1 request; prefix: [1208311808, 305614848]
02-04 09:01:04.530   571 13851 I chatty  : uid=1000(system) Binder:571_19 expire 1 line
02-04 09:01:05.128   571  1759 I chatty  : uid=1000(system) Binder:571_4 expire 1 line
02-04 09:01:07.400   571  5297 I chatty  : uid=1000(system) Binder:571_F expire 3 lines
02-04 09:01:07.760   571  5321 I chatty  : uid=1000(system) Binder:571_11 expire 1 line
02-04 09:01:22.357   571 13849 I chatty  : uid=1000(system) Binder:571_17 expire 1 line
02-04 09:01:25.960  3114  3625 V PackageManager: [07946376-60d2-4aa7-b84e-38478e0469ce] Phase1 called; posting
02-04 09:01:25.961  3114  3114 D PackageManager: [07946376-60d2-4aa7-b84e-38478e0469ce] Phase1 request; prefix: [1208311808, 305614848]
02-04 09:01:25.970  3114  5230 V PackageManager: [332971d7-3c7b-49db-8d13-2f6dd5e56f36] Phase1 called; posting
02-04 09:01:25.971  3114  3114 D PackageManager: [332971d7-3c7b-49db-8d13-2f6dd5e56f36] Phase1 request; prefix: [1208311808, 305614848]
02-04 09:01:30.110   571  1340 I chatty  : uid=1000(system) ConnectivitySer expire 3 lines
02-04 09:01:32.672   571 13846 I chatty  : uid=1000(system) Binder:571_14 expire 1 line
02-04 09:01:35.342   571  1317 I chatty  : uid=1000(system) InputReader expire 1 line
02-04 09:01:35.658   571   607 I chatty  : uid=1000(system) PowerManagerSer expire 6 lines
02-04 09:01:35.702   571   605 I chatty  : uid=1000(system) android.display expire 3 lines
02-04 09:18:20.870   571  1294 I chatty  : uid=1000(system) AlarmManager expire 1 line
02-04 09:18:20.904   571  1327 I chatty  : uid=1000(system) NetworkPolicy expire 10 lines
02-04 09:19:52.730   571   591 I chatty  : uid=1000(system) ActivityManager expire 10 lines
02-04 09:20:06.852   571   571 I chatty  : uid=1000 system_server expire 3 lines
02-04 09:20:06.914   571  2055 I chatty  : uid=1000(system) Binder:571_6 expire 4 lines
02-04 09:20:06.923   571   605 I chatty  : uid=1000(system) android.display expire 6 lines
02-04 09:29:38.186   571  1677 I chatty  : uid=1000(system) Binder:571_3 expire 2 lines
02-04 09:29:38.567   571 13846 I chatty  : uid=1000(system) Binder:571_14 expire 2 lines
02-04 09:37:36.516   571   594 I chatty  : uid=1000(system) batterystats-wo expire 12 lines
02-04 09:41:20.193   571  1317 I chatty  : uid=1000(system) InputReader expire 4 lines
02-04 09:41:20.196   571   607 I chatty  : uid=1000(system) PowerManagerSer expire 20 lines
02-04 09:41:20.502   571   603 I chatty  : uid=1000(system) android.fg expire 9 lines
02-04 09:41:20.507   571 13848 I chatty  : uid=1000(system) Binder:571_16 expire 3 lines
02-04 09:41:22.041   571  3474 I chatty  : uid=1000(system) Binder:571_D expire 9 lines
02-04 09:41:35.456   571  5265 I chatty  : uid=1000(system) Binder:571_E expire 4 lines
02-04 09:41:37.064   296   296 W wificond: Scan is not started. Ignore abort request
02-04 09:41:37.086   571   591 I chatty  : uid=1000(system) ActivityManager expire 13 lines
02-04 09:41:37.249   571  1333 I chatty  : uid=1000(system) WifiStateMachin expire 1 line
02-04 09:41:37.249   571  1340 I chatty  : uid=1000(system) ConnectivitySer expire 11 lines
02-04 09:41:40.507   571  1339 I chatty  : uid=1000(system) WifiP2pService expire 1 line
02-04 09:41:40.738   571   594 I chatty  : uid=1000(system) batterystats-wo expire 7 lines
02-04 09:41:40.796   571   583 I chatty  : uid=1000(system) Binder:571_1 expire 3 lines
02-04 09:41:41.347   571  1759 I chatty  : uid=1000(system) Binder:571_4 expire 2 lines
02-04 09:41:41.450   571  3452 I chatty  : uid=1000(system) Binder:571_C expire 3 lines
02-04 09:41:41.576   571  5298 I chatty  : uid=1000(system) Binder:571_10 expire 3 lines
02-04 09:41:41.700   571   590 I chatty  : uid=1000(system) android.bg expire 1 line
02-04 09:41:42.009 16769 16769 D ActivityThread: Loading provider com.google.android.gm.sapi: com.google.android.gm.sapi.SapiUiProvider
02-04 09:41:42.018 16769 16846 D ActivityThread: Loading provider com.google.android.gmail.provider;com.android.mail.notifier;com.google.android.gm.email.provider;com.google.android.gm.tasks.provider;com.google.android.gm.email.notifier: com.android.email.provider.EmailProvider
02-04 09:41:42.214   571   584 I chatty  : uid=1000(system) Binder:571_2 expire 2 lines
02-04 09:41:42.306   571 13850 I chatty  : uid=1000(system) Binder:571_18 expire 3 lines
02-04 09:41:43.296   571 13845 I chatty  : uid=1000(system) Binder:571_13 expire 1 line
02-04 09:41:45.297   571  3449 I chatty  : uid=1000(system) Binder:571_B expire 2 lines
02-04 09:41:45.315   571  3448 I chatty  : uid=1000(system) Binder:571_A expire 1 line
02-04 09:41:45.364   571  2057 I chatty  : uid=1000(system) Binder:571_7 expire 1 line
02-04 09:41:49.010  3114  5219 V PackageManager: [0e01d000-eb57-4d7c-9ca2-ed4eac7a15e9] Phase1 called; posting
02-04 09:41:49.010  3114  3114 D PackageManager: [0e01d000-eb57-4d7c-9ca2-ed4eac7a15e9] Phase1 request; prefix: [1208311808, 305614848]
02-04 09:41:49.017  3114  4726 V PackageManager: [7d793364-1de4-4b75-bd4e-298af6206bce] Phase1 called; posting
02-04 09:41:49.017  3114  3114 D PackageManager: [7d793364-1de4-4b75-bd4e-298af6206bce] Phase1 request; prefix: [1208311808, 305614848]
02-04 09:41:50.312   571  1316 I chatty  : uid=1000(system) InputDispatcher expire 1 line
02-04 09:41:51.503   571 13847 I chatty  : uid=1000(system) Binder:571_15 expire 2 lines
02-04 09:41:51.617   571   591 I chatty  : uid=1000(system) ActivityManager expire 2 lines
02-04 09:41:52.154   571 13851 I chatty  : uid=1000(system) Binder:571_19 expire 1 line
02-04 09:42:31.666   571  1327 I chatty  : uid=1000(system) NetworkPolicy expire 30 lines
02-04 09:49:48.338   571  5297 I chatty  : uid=1000(system) Binder:571_F expire 3 lines
02-04 09:50:02.051   571   607 I chatty  : uid=1000(system) PowerManagerSer expire 19 lines
02-04 09:50:02.084   571   605 I chatty  : uid=1000(system) android.display expire 3 lines
02-04 09:50:02.323   571   603 I chatty  : uid=1000(system) android.fg expire 7 lines
02-04 09:50:02.544   571  1317 I chatty  : uid=1000(system) InputReader expire 2 lines
02-04 09:50:02.854   571 13850 I chatty  : uid=1000(system) Binder:571_18 expire 2 lines
02-04 09:50:04.225   571  1677 I chatty  : uid=1000(system) Binder:571_3 expire 3 lines
02-04 09:50:04.553   571  3448 I chatty  : uid=1000(system) Binder:571_A expire 2 lines
02-04 09:50:06.085   571   591 I chatty  : uid=1000(system) ActivityManager expire 3 lines
02-04 09:50:10.564   571  1327 I chatty  : uid=1000(system) NetworkPolicy expire 24 lines
02-04 09:50:11.412   571  3207 I chatty  : uid=1000(system) Binder:571_8 expire 2 lines
02-04 09:50:46.622   571   594 I chatty  : uid=1000(system) batterystats-wo expire 60 lines
02-04 09:52:48.274   571  1340 I chatty  : uid=1000(system) ConnectivitySer expire 10 lines
02-04 09:53:06.203   571   590 I chatty  : uid=1000(system) android.bg expire 1 line
02-04 09:57:41.811   571   584 I chatty  : uid=1000(system) Binder:571_2 expire 1 line
02-04 10:00:01.889   571   571 I chatty  : uid=1000 system_server expire 10 lines
02-04 10:16:45.594   571  1294 I chatty  : uid=1000(system) AlarmManager expire 1 line
02-04 10:16:45.896   571  2057 I chatty  : uid=1000(system) Binder:571_7 expire 1 line
02-04 10:20:53.179   571  3449 I chatty  : uid=1000(system) Binder:571_B expire 2 lines
02-04 10:22:14.171   571  3474 I chatty  : uid=1000(system) Binder:571_D expire 1 line
02-04 10:24:05.483   571  1997 I chatty  : uid=1000(system) Binder:571_5 expire 1 line
02-04 10:24:35.113   571  5298 I chatty  : uid=1000(system) Binder:571_10 expire 1 line
02-04 10:27:11.563   571 13851 I chatty  : uid=1000(system) Binder:571_19 expire 7 lines
02-04 10:27:11.621  1905  1905 I Telephony: TelephonyConnectionService: onCreateIncomingConnection, request: ConnectionRequest xxxxxxxxxxxxxxxxxxx Bundle[mParcelledData.dataSize=508]: (SBC.oSC)->CS.crCo->H.CS.crCo->H.CS.crCo.pICR@E-Bl0
02-04 10:27:11.632   571 13847 I chatty  : uid=1000(system) Binder:571_15 expire 8 lines
02-04 10:27:11.643   571   571 I chatty  : uid=1000 system_server expire 17 lines
02-04 10:27:11.648  1905  1905 I Telephony: TelephonyConnectionService: notifyCreateConnectionComplete TC@3_1: (...->CSW.hCCC)->CS.crCoC->H.CS.crCoC@E-E-E-Bl0
02-04 10:27:11.649   571 21058 I chatty  : uid=1000 system_server expire 1 line
02-04 10:27:11.679   571  2392 I chatty  : uid=1000(system) uteStateMachine expire 1 line
02-04 10:27:11.683   571  2397 I chatty  : uid=1000(system) CallAudioModeSt expire 9 lines
02-04 10:27:11.707   571   571 I chatty  : uid=1000 system_server expire 13 lines
02-04 10:27:11.709   571   591 I chatty  : uid=1000(system) ActivityManager expire 23 lines
02-04 10:27:11.729   571  2392 I chatty  : uid=1000(system) uteStateMachine expire 13 lines
02-04 10:27:11.745   571 13850 I chatty  : uid=1000(system) Binder:571_18 expire 3 lines
02-04 10:27:11.842   571 21108 I chatty  : uid=1000 system_server expire 3 lines
02-04 10:27:12.024   571   594 I chatty  : uid=1000(system) batterystats-wo expire 5 lines
02-04 10:27:12.058   571  3452 I chatty  : uid=1000(system) Binder:571_C expire 3 lines
02-04 10:27:12.195   571  3474 I chatty  : uid=1000(system) Binder:571_D expire 2 lines
02-04 10:27:12.196   571  5298 I chatty  : uid=1000(system) Binder:571_10 expire 2 lines
02-04 10:27:12.196   571   603 I chatty  : uid=1000(system) android.fg expire 5 lines
02-04 10:27:12.228   571   584 I chatty  : uid=1000(system) Binder:571_2 expire 8 lines
02-04 10:27:12.229   571   607 I chatty  : uid=1000(system) PowerManagerSer expire 13 lines
02-04 10:27:12.239   571 13845 I chatty  : uid=1000(system) Binder:571_13 expire 1 line
02-04 10:27:12.317   571  2057 I chatty  : uid=1000(system) Binder:571_7 expire 2 lines
02-04 10:27:12.632   571 13847 I chatty  : uid=1000(system) Binder:571_15 expire 1 line
02-04 10:27:12.764   571  1246 I chatty  : uid=1000(system) android.anim expire 1 line
02-04 10:27:12.805   571   605 I chatty  : uid=1000(system) android.display expire 3 lines
02-04 10:27:15.394   571  1340 I chatty  : uid=1000(system) ConnectivitySer expire 3 lines
02-04 10:27:34.492   571 13851 I chatty  : uid=1000(system) Binder:571_19 expire 25 lines
02-04 10:27:34.494   571 13848 I chatty  : uid=1000(system) Binder:571_16 expire 1 line
02-04 10:27:34.542   571 13844 I chatty  : uid=1000(system) Binder:571_12 expire 3 lines
02-04 10:27:34.550   571   583 I chatty  : uid=1000(system) Binder:571_1 expire 1 line
02-04 10:27:34.564   571  3273 I chatty  : uid=1000(system) Binder:571_9 expire 9 lines
02-04 10:27:34.607   571  5297 I chatty  : uid=1000(system) Binder:571_F expire 1 line
02-04 10:27:34.646   571  1997 I chatty  : uid=1000(system) Binder:571_5 expire 2 lines
02-04 10:28:11.982   571 13846 I chatty  : uid=1000(system) Binder:571_14 expire 2 lines
02-04 10:28:15.685  3114  3129 V PackageManager: [48566475-af3d-495d-8312-0dff5eea2af1] Phase1 called; posting
02-04 10:28:15.685  3114  3114 D PackageManager: [48566475-af3d-495d-8312-0dff5eea2af1] Phase1 request; prefix: [-724971520, 420691968]
02-04 10:28:46.308  1905  1905 I Telephony: TelephonyConnectionService: onCreateIncomingConnection, request: ConnectionRequest xxxxxxxxxxxxxxxxxxx Bundle[mParcelledData.dataSize=508]: (SBC.oSC)->CS.crCo->H.CS.crCo->H.CS.crCo.pICR@E-Bps
02-04 10:28:46.321   571 21919 I chatty  : uid=1000 system_server expire 1 line
02-04 10:28:46.322  1905  1905 I Telephony: TelephonyConnectionService: notifyCreateConnectionComplete TC@4_1: (...->CSW.hCCC)->CS.crCoC->H.CS.crCoC@E-E-E-Bps
02-04 10:28:46.328   571   571 I chatty  : uid=1000 system_server expire 17 lines
02-04 10:28:46.353   571  2392 I chatty  : uid=1000(system) uteStateMachine expire 1 line
02-04 10:28:46.372   571   591 I chatty  : uid=1000(system) ActivityManager expire 21 lines
02-04 10:28:46.377   571   571 I chatty  : uid=1000 system_server expire 10 lines
02-04 10:28:46.377   571  2392 I chatty  : uid=1000(system) uteStateMachine expire 14 lines
02-04 10:28:46.401   571   584 I chatty  : uid=1000(system) Binder:571_2 expire 1 line
02-04 10:28:46.404   571  5298 I chatty  : uid=1000(system) Binder:571_10 expire 2 lines
02-04 10:28:46.462   571  2397 I chatty  : uid=1000(system) CallAudioModeSt expire 5 lines
02-04 10:28:46.463   571 21935 I chatty  : uid=1000 system_server expire 3 lines
02-04 10:28:46.508   571  2055 I chatty  : uid=1000(system) Binder:571_6 expire 1 line
02-04 10:28:46.510   571  3207 I chatty  : uid=1000(system) Binder:571_8 expire 2 lines
02-04 10:28:46.510   571   603 I chatty  : uid=1000(system) android.fg expire 5 lines
02-04 10:28:46.531   571  5265 I chatty  : uid=1000(system) Binder:571_E expire 27 lines
02-04 10:28:46.538   571   607 I chatty  : uid=1000(system) PowerManagerSer expire 14 lines
02-04 10:28:46.593   571 13846 I chatty  : uid=1000(system) Binder:571_14 expire 1 line
02-04 10:28:46.817   571  1246 I chatty  : uid=1000(system) android.anim expire 1 line
02-04 10:28:46.872   571   605 I chatty  : uid=1000(system) android.display expire 3 lines
02-04 10:28:49.176   571 13851 I chatty  : uid=1000(system) Binder:571_19 expire 2 lines
02-04 10:28:49.245   571  1997 I chatty  : uid=1000(system) Binder:571_5 expire 1 line
02-04 10:29:25.424   571 13844 I chatty  : uid=1000(system) Binder:571_12 expire 3 lines
02-04 10:29:25.435   571  3273 I chatty  : uid=1000(system) Binder:571_9 expire 1 line
02-04 10:29:41.735   571  1759 I chatty  : uid=1000(system) Binder:571_4 expire 3 lines
02-04 10:29:47.944   571  5321 I chatty  : uid=1000(system) Binder:571_11 expire 1 line
02-04 10:30:19.223   571   594 I chatty  : uid=1000(system) batterystats-wo expire 76 lines
02-04 10:36:44.551   571  1340 I chatty  : uid=1000(system) ConnectivitySer expire 8 lines
02-04 10:36:55.368   571  3452 I chatty  : uid=1000(system) Binder:571_C expire 1 line
02-04 10:36:56.304   571  5297 I chatty  : uid=1000(system) Binder:571_F expire 1 line
02-04 10:37:28.949   571 13849 I chatty  : uid=1000(system) Binder:571_17 expire 2 lines
02-04 10:38:52.110   571  3474 I chatty  : uid=1000(system) Binder:571_D expire 1 line
02-04 10:44:54.849   571 13850 I chatty  : uid=1000(system) Binder:571_18 expire 1 line
02-04 10:46:12.040   571  1327 I chatty  : uid=1000(system) NetworkPolicy expire 3 lines
02-04 10:55:33.946   571 13848 I chatty  : uid=1000(system) Binder:571_16 expire 26 lines
02-04 10:57:04.042   571   594 I chatty  : uid=1000(system) batterystats-wo expire 31 lines
02-04 10:57:14.605   571  5265 I chatty  : uid=1000(system) Binder:571_E expire 3 lines
02-04 10:57:36.911   571  3452 I chatty  : uid=1000(system) Binder:571_C expire 2 lines
02-04 10:59:26.561   571  1340 I chatty  : uid=1000(system) ConnectivitySer expire 5 lines
02-04 11:00:09.079   571   591 I chatty  : uid=1000(system) ActivityManager expire 12 lines
02-04 11:01:08.647   571  1759 I chatty  : uid=1000(system) Binder:571_4 expire 2 lines
02-04 11:04:15.647   571   583 I chatty  : uid=1000(system) Binder:571_1 expire 1 line
02-04 11:04:44.921   571  1997 I chatty  : uid=1000(system) Binder:571_5 expire 1 line
02-04 11:04:44.924   571  3474 I chatty  : uid=1000(system) Binder:571_D expire 5 lines
02-04 11:04:45.371   571  3448 I chatty  : uid=1000(system) Binder:571_A expire 1 line
02-04 11:04:45.373   571  5297 I chatty  : uid=1000(system) Binder:571_F expire 1 line
02-04 11:04:45.541   571 13851 I chatty  : uid=1000(system) Binder:571_19 expire 9 lines
02-04 11:04:45.541   571  3207 I chatty  : uid=1000(system) Binder:571_8 expire 2 lines
02-04 11:04:45.544   571  2055 I chatty  : uid=1000(system) Binder:571_6 expire 1 line
02-04 11:04:45.575   571  5298 I chatty  : uid=1000(system) Binder:571_10 expire 1 line
02-04 11:04:45.611   571  3273 I chatty  : uid=1000(system) Binder:571_9 expire 2 lines
02-04 11:04:45.612   571 13849 I chatty  : uid=1000(system) Binder:571_17 expire 1 line
02-04 11:08:18.865   571   571 I chatty  : uid=1000 system_server expire 25 lines
02-04 11:08:18.896  1905  1905 I Telephony: TelephonyConnectionService: onCreateIncomingConnection, request: ConnectionRequest xxxxxxxxxxxxxxxxxxx Bundle[mParcelledData.dataSize=508]: (SBC.oSC)->CS.crCo->H.CS.crCo->H.CS.crCo.pICR@E-Btc
02-04 11:08:18.906   571   584 I chatty  : uid=1000(system) Binder:571_2 expire 8 lines
02-04 11:08:18.908  1905  1905 I Telephony: TelephonyConnectionService: notifyCreateConnectionComplete TC@5_1: (...->CSW.hCCC)->CS.crCoC->H.CS.crCoC@E-E-E-Btc
02-04 11:08:18.915   571 23301 I chatty  : uid=1000 system_server expire 1 line
02-04 11:08:18.954   571  2392 I chatty  : uid=1000(system) uteStateMachine expire 13 lines
02-04 11:08:18.955   571  2397 I chatty  : uid=1000(system) CallAudioModeSt expire 8 lines
02-04 11:08:19.127   571   603 I chatty  : uid=1000(system) android.fg expire 3 lines
02-04 11:08:19.140   571 13850 I chatty  : uid=1000(system) Binder:571_18 expire 2 lines
02-04 11:08:19.140   571   607 I chatty  : uid=1000(system) PowerManagerSer expire 6 lines
02-04 11:08:19.196   571  5321 I chatty  : uid=1000(system) Binder:571_11 expire 1 line
02-04 11:08:19.372   571 23349 I chatty  : uid=1000 system_server expire 3 lines
02-04 11:08:19.414   571  1246 I chatty  : uid=1000(system) android.anim expire 1 line
02-04 11:08:19.473   571   605 I chatty  : uid=1000(system) android.display expire 1 line
02-04 11:08:19.748   571   590 I chatty  : uid=1000(system) android.bg expire 1 line
02-04 11:08:19.984 23407 23407 D ActivityThread: Loading provider com.google.android.gm.sapi: com.google.android.gm.sapi.SapiUiProvider
02-04 11:08:19.995 23407 23435 D ActivityThread: Loading provider com.google.android.gmail.provider;com.android.mail.notifier;com.google.android.gm.email.provider;com.google.android.gm.tasks.provider;com.google.android.gm.email.notifier: com.android.email.provider.EmailProvider
02-04 11:08:20.124   571  2057 I chatty  : uid=1000(system) Binder:571_7 expire 1 line
02-04 11:08:20.774   571   591 I chatty  : uid=1000(system) ActivityManager expire 10 lines
02-04 11:08:48.761   571  2392 I chatty  : uid=1000(system) uteStateMachine expire 11 lines
02-04 11:08:48.970   571  3448 I chatty  : uid=1000(system) Binder:571_A expire 2 lines
02-04 11:08:49.284   571   605 I chatty  : uid=1000(system) android.display expire 5 lines
02-04 11:08:49.290   571   571 I chatty  : uid=1000 system_server expire 31 lines
02-04 11:08:52.410  3114  3625 V PackageManager: [5b7a1f23-a193-49a9-9cf0-5bf6b69bf36b] Phase1 called; posting
02-04 11:08:52.410  3114  3114 D PackageManager: [5b7a1f23-a193-49a9-9cf0-5bf6b69bf36b] Phase1 request; prefix: [-724971520, 420691968]
02-04 11:08:52.627  3114  3132 V PackageManager: [6de285b2-31f2-4ae2-9f32-4759bab400d6] Phase1 called; posting
02-04 11:08:52.627  3114  3114 D PackageManager: [6de285b2-31f2-4ae2-9f32-4759bab400d6] Phase1 request; prefix: [-1552310272, -2130968576]
02-04 11:08:52.633  3114  4725 V PackageManager: [cea4307f-24fb-4d19-b72b-0881574cee42] Phase1 called; posting
02-04 11:08:52.633  3114  3114 D PackageManager: [cea4307f-24fb-4d19-b72b-0881574cee42] Phase1 request; prefix: [-1552310272, -2130968576]
02-04 11:08:59.048   571   607 I chatty  : uid=1000(system) PowerManagerSer expire 26 lines
02-04 11:08:59.608   571   603 I chatty  : uid=1000(system) android.fg expire 11 lines
02-04 11:09:00.661   571   594 I chatty  : uid=1000(system) batterystats-wo expire 7 lines
02-04 11:09:04.609   571  1317 I chatty  : uid=1000(system) InputReader expire 5 lines
02-04 11:09:05.095   571  3449 I chatty  : uid=1000(system) Binder:571_B expire 1 line
02-04 11:09:06.547   571  5297 I chatty  : uid=1000(system) Binder:571_F expire 5 lines
02-04 11:09:07.169   571 13846 I chatty  : uid=1000(system) Binder:571_14 expire 1 line
02-04 11:09:07.180   571  5321 I chatty  : uid=1000(system) Binder:571_11 expire 2 lines
02-04 11:09:07.617   571 13849 I chatty  : uid=1000(system) Binder:571_17 expire 4 lines
02-04 11:09:08.634   571   592 I chatty  : uid=1000(system) android.ui expire 6 lines
02-04 11:09:08.644   571  3273 I chatty  : uid=1000(system) Binder:571_9 expire 1 line
02-04 11:09:10.308   571   591 I chatty  : uid=1000(system) ActivityManager expire 10 lines
02-04 11:09:10.373   571 13844 I chatty  : uid=1000(system) Binder:571_12 expire 14 lines
02-04 11:09:14.099   571  2057 I chatty  : uid=1000(system) Binder:571_7 expire 3 lines
02-04 11:09:14.170   571  1997 I chatty  : uid=1000(system) Binder:571_5 expire 3 lines
02-04 11:09:14.219   571  3452 I chatty  : uid=1000(system) Binder:571_C expire 1 line
02-04 11:09:14.242   571  3474 I chatty  : uid=1000(system) Binder:571_D expire 2 lines
02-04 11:09:16.138   571  1340 I chatty  : uid=1000(system) ConnectivitySer expire 3 lines
02-04 11:09:16.231   571  1327 I chatty  : uid=1000(system) NetworkPolicy expire 6 lines
02-04 11:09:16.262   571  5298 I chatty  : uid=1000(system) Binder:571_10 expire 1 line
02-04 11:09:28.457   571   584 I chatty  : uid=1000(system) Binder:571_2 expire 1 line
02-04 11:14:25.083   571  1759 I chatty  : uid=1000(system) Binder:571_4 expire 1 line
02-04 11:14:29.365   571  2397 I chatty  : uid=1000(system) CallAudioModeSt expire 2 lines
02-04 11:14:29.450   571 24757 I chatty  : uid=1000(system) ContactsAsyncWo expire 1 line
02-04 11:14:29.796  1905  1905 I Telephony: TelephonyConnectionService: onCreateOutgoingConnection, request: ConnectionRequest xxxxxxxxxxxxxxxxxxx Bundle[mParcelledData.dataSize=736]: (SBC.oSC)->CS.crCo->H.CS.crCo->H.CS.crCo.pICR@E-B7s
02-04 11:14:29.896   571 13844 I chatty  : uid=1000(system) Binder:571_12 expire 9 lines
02-04 11:14:29.897   571  2397 I chatty  : uid=1000(system) CallAudioModeSt expire 8 lines
02-04 11:14:29.901   571   591 I chatty  : uid=1000(system) ActivityManager expire 19 lines
02-04 11:14:29.901   571  2392 I chatty  : uid=1000(system) uteStateMachine expire 11 lines
02-04 11:14:29.907  1905  1905 I Telephony: TelephonyConnectionService: notifyCreateConnectionComplete TC@6_1: (...->CSW.hCCC)->CS.crCoC->H.CS.crCoC@E-E-E-B7s
02-04 11:14:29.943   571  3273 I chatty  : uid=1000(system) Binder:571_9 expire 1 line
02-04 11:14:30.012   571  5321 I chatty  : uid=1000(system) Binder:571_11 expire 5 lines
02-04 11:14:30.500   571  5297 I chatty  : uid=1000(system) Binder:571_F expire 2 lines
02-04 11:14:44.134   571 13851 I chatty  : uid=1000(system) Binder:571_19 expire 10 lines
02-04 11:14:44.466   571  3448 I chatty  : uid=1000(system) Binder:571_A expire 25 lines
02-04 11:14:44.511   571  2380 I chatty  : uid=1000(system) BluetoothRouteM expire 2 lines
02-04 11:14:44.573   571  3474 I chatty  : uid=1000(system) Binder:571_D expire 2 lines
02-04 11:14:46.536   571   571 I chatty  : uid=1000 system_server expire 19 lines
02-04 11:15:14.027   571   607 I chatty  : uid=1000(system) PowerManagerSer expire 8 lines
02-04 11:15:14.412   571   605 I chatty  : uid=1000(system) android.display expire 2 lines
02-04 11:15:14.641   571   603 I chatty  : uid=1000(system) android.fg expire 2 lines
02-04 11:15:47.992   571  1327 I chatty  : uid=1000(system) NetworkPolicy expire 9 lines
02-04 11:19:00.179   571  3452 I chatty  : uid=1000(system) Binder:571_C expire 1 line
02-04 11:20:11.523   571   590 I chatty  : uid=1000(system) android.bg expire 1 line
02-04 11:20:14.770   571  1294 I chatty  : uid=1000(system) AlarmManager expire 1 line
02-04 11:38:52.287   571  1340 I chatty  : uid=1000(system) ConnectivitySer expire 1 line
02-04 11:38:52.558   571  3207 I chatty  : uid=1000(system) Binder:571_8 expire 1 line
02-04 11:38:52.601   571  2057 I chatty  : uid=1000(system) Binder:571_7 expire 1 line
02-04 11:38:52.618   571  5298 I chatty  : uid=1000(system) Binder:571_10 expire 1 line
02-04 11:38:52.853   571   594 I chatty  : uid=1000(system) batterystats-wo expire 10 lines
02-04 11:58:51.148   571  1759 I chatty  : uid=1000(system) Binder:571_4 expire 1 line
02-04 12:50:53.492  1905  1905 I Telephony: TelephonyConnectionService: onCreateIncomingConnection, request: ConnectionRequest xxxxxxxxxxxxxxxxxxx Bundle[mParcelledData.dataSize=508]: (SBC.oSC)->CS.crCo->H.CS.crCo@E-CJQ
02-04 12:50:53.497   571  5265 I chatty  : uid=1000(system) Binder:571_E expire 8 lines
02-04 12:50:53.499   571 25938 I chatty  : uid=1000 system_server expire 1 line
02-04 12:50:53.500  1905  1905 I Telephony: TelephonyConnectionService: notifyCreateConnectionComplete TC@7_1: (...->CSW.hCCC)->CS.crCoC->H.CS.crCoC@E-E-E-CJQ
02-04 12:50:53.529   571  2392 I chatty  : uid=1000(system) uteStateMachine expire 16 lines
02-04 12:50:53.531   571   571 I chatty  : uid=1000 system_server expire 9 lines
02-04 12:50:53.545   571  2397 I chatty  : uid=1000(system) CallAudioModeSt expire 11 lines
02-04 12:50:53.551   571   591 I chatty  : uid=1000(system) ActivityManager expire 30 lines
02-04 12:50:53.596   571  2055 I chatty  : uid=1000(system) Binder:571_6 expire 1 line
02-04 12:50:53.598   571  5321 I chatty  : uid=1000(system) Binder:571_11 expire 1 line
02-04 12:50:53.692   571  5265 I chatty  : uid=1000(system) Binder:571_E expire 1 line
02-04 12:50:53.692   571  3452 I chatty  : uid=1000(system) Binder:571_C expire 1 line
02-04 12:50:53.692   571   603 I chatty  : uid=1000(system) android.fg expire 6 lines
02-04 12:50:53.704   571  5297 I chatty  : uid=1000(system) Binder:571_F expire 2 lines
02-04 12:50:53.704   571   607 I chatty  : uid=1000(system) PowerManagerSer expire 12 lines
02-04 12:50:53.715   571 13847 I chatty  : uid=1000(system) Binder:571_15 expire 1 line
02-04 12:50:53.771   571 13848 I chatty  : uid=1000(system) Binder:571_16 expire 4 lines
02-04 12:50:53.920   571 25984 I chatty  : uid=1000 system_server expire 3 lines
02-04 12:50:54.033   571  1246 I chatty  : uid=1000(system) android.anim expire 1 line
02-04 12:50:54.120   571   605 I chatty  : uid=1000(system) android.display expire 2 lines
02-04 12:50:54.145   571  1327 I chatty  : uid=1000(system) NetworkPolicy expire 3 lines
02-04 12:51:12.642   571  1316 I chatty  : uid=1000(system) InputDispatcher expire 1 line
02-04 12:51:15.878   571   583 I chatty  : uid=1000(system) Binder:571_1 expire 1 line
02-04 12:51:15.878   571  5298 I chatty  : uid=1000(system) Binder:571_10 expire 3 lines
02-04 12:51:16.321   571 13849 I chatty  : uid=1000(system) Binder:571_17 expire 17 lines
02-04 12:51:16.373   571 13844 I chatty  : uid=1000(system) Binder:571_12 expire 2 lines
02-04 12:51:20.169   571  1317 I chatty  : uid=1000(system) InputReader expire 1 line
02-04 12:58:38.960   571   594 I chatty  : uid=1000(system) batterystats-wo expire 5 lines
02-04 13:00:21.432   571 13850 I chatty  : uid=1000(system) Binder:571_18 expire 24 lines
02-04 13:00:21.547   571  2380 I chatty  : uid=1000(system) BluetoothRouteM expire 2 lines
02-04 13:00:21.706   571  3207 I chatty  : uid=1000(system) Binder:571_8 expire 1 line
02-04 13:00:21.912   571  2397 I chatty  : uid=1000(system) CallAudioModeSt expire 7 lines
02-04 13:00:22.022   571  2392 I chatty  : uid=1000(system) uteStateMachine expire 19 lines
02-04 13:00:23.699   571   571 I chatty  : uid=1000 system_server expire 29 lines
02-04 13:02:17.316   571  2057 I chatty  : uid=1000(system) Binder:571_7 expire 2 lines
02-04 13:04:18.649   571   591 I chatty  : uid=1000(system) ActivityManager expire 17 lines
02-04 13:05:25.380   571 13848 I chatty  : uid=1000(system) Binder:571_16 expire 7 lines
02-04 13:05:25.440   571  5298 I chatty  : uid=1000(system) Binder:571_10 expire 4 lines
02-04 13:05:25.441  1905  1905 I Telephony: TelephonyConnectionService: onCreateIncomingConnection, request: ConnectionRequest xxxxxxxxxxxxxxxxxxx Bundle[mParcelledData.dataSize=508]: (SBC.oSC)->CS.crCo->H.CS.crCo->H.CS.crCo.pICR@E-CQs
02-04 13:05:25.460   571  5297 I chatty  : uid=1000(system) Binder:571_F expire 8 lines
02-04 13:05:25.479  1905  1905 I Telephony: TelephonyConnectionService: notifyCreateConnectionComplete TC@8_1: (...->CSW.hCCC)->CS.crCoC->H.CS.crCoC@E-E-E-CQs
02-04 13:05:25.483   571 26680 I chatty  : uid=1000 system_server expire 1 line
02-04 13:05:25.551   571  1997 I chatty  : uid=1000(system) Binder:571_5 expire 3 lines
02-04 13:05:25.610   571 26698 I chatty  : uid=1000 system_server expire 3 lines
02-04 13:05:25.633   571   603 I chatty  : uid=1000(system) android.fg expire 6 lines
02-04 13:05:25.633   571  3449 I chatty  : uid=1000(system) Binder:571_B expire 1 line
02-04 13:05:25.647   571 13849 I chatty  : uid=1000(system) Binder:571_17 expire 1 line
02-04 13:05:25.647   571   607 I chatty  : uid=1000(system) PowerManagerSer expire 14 lines
02-04 13:05:25.921   571  1246 I chatty  : uid=1000(system) android.anim expire 1 line
02-04 13:05:25.964   571   605 I chatty  : uid=1000(system) android.display expire 2 lines
02-04 13:05:28.418   571  1316 I chatty  : uid=1000(system) InputDispatcher expire 1 line
02-04 13:05:32.750   571 13847 I chatty  : uid=1000(system) Binder:571_15 expire 2 lines
02-04 13:05:32.758   571 13844 I chatty  : uid=1000(system) Binder:571_12 expire 2 lines
02-04 13:05:33.044   571  2055 I chatty  : uid=1000(system) Binder:571_6 expire 24 lines
02-04 13:05:33.104   571  1677 I chatty  : uid=1000(system) Binder:571_3 expire 1 line
02-04 13:05:33.198   571  5321 I chatty  : uid=1000(system) Binder:571_11 expire 2 lines
02-04 13:05:34.030  3114  4725 V PackageManager: [f78606a3-eb70-487e-8183-6eaffe682b91] Phase1 called; posting
02-04 13:05:34.030  3114  3114 D PackageManager: [f78606a3-eb70-487e-8183-6eaffe682b91] Phase1 request; prefix: [-724971520, 420691968]
02-04 13:05:34.281  3114  5219 V PackageManager: [7bf5867b-d33c-47fc-95ba-8aaa6ffa57c4] Phase1 called; posting
02-04 13:05:34.282  3114  3114 D PackageManager: [7bf5867b-d33c-47fc-95ba-8aaa6ffa57c4] Phase1 request; prefix: [-1552310272, -2130968576]
02-04 13:05:34.297  3114  4726 V PackageManager: [e387c04c-d9e5-43d1-8179-6608e266793a] Phase1 called; posting
02-04 13:05:34.297  3114  3114 D PackageManager: [e387c04c-d9e5-43d1-8179-6608e266793a] Phase1 request; prefix: [-1552310272, -2130968576]
02-04 13:05:34.514  3114  3624 V PackageManager: [187f6c78-59ab-4e86-a771-8a66a11f1e55] Phase1 called; posting
02-04 13:05:34.514  3114  3114 D PackageManager: [187f6c78-59ab-4e86-a771-8a66a11f1e55] Phase1 request; prefix: [-1552310272, -2130968576]
02-04 13:05:34.531  3114  5219 V PackageManager: [893b4490-3f7d-4e03-b564-d18992d2dbdc] Phase1 called; posting
02-04 13:05:34.531  3114  3114 D PackageManager: [893b4490-3f7d-4e03-b564-d18992d2dbdc] Phase1 request; prefix: [-1552310272, -2130968576]
02-04 13:05:35.152   571   571 I chatty  : uid=1000 system_server expire 1 line
02-04 13:06:09.438  3253  3253 E ActivityThread: Performing stop of activity that is already stopped: {com.google.android.apps.nexuslauncher/com.google.android.apps.nexuslauncher.NexusLauncherActivity}
02-04 13:06:09.438  3253  3253 E ActivityThread: java.lang.RuntimeException: Performing stop of activity that is already stopped: {com.google.android.apps.nexuslauncher/com.google.android.apps.nexuslauncher.NexusLauncherActivity}
02-04 13:06:09.438  3253  3253 E ActivityThread: 	at android.app.ActivityThread.performStopActivityInner(ActivityThread.java:3997)
02-04 13:06:09.438  3253  3253 E ActivityThread: 	at android.app.ActivityThread.handleStopActivity(ActivityThread.java:4085)
02-04 13:06:09.438  3253  3253 E ActivityThread: 	at android.app.ActivityThread.-wrap24(Unknown Source:0)
02-04 13:06:09.438  3253  3253 E ActivityThread: 	at android.app.ActivityThread$H.handleMessage(ActivityThread.java:1623)
02-04 13:06:09.438  3253  3253 E ActivityThread: 	at android.os.Handler.dispatchMessage(Handler.java:106)
02-04 13:06:09.438  3253  3253 E ActivityThread: 	at android.os.Looper.loop(Looper.java:164)
