02-03 22:44:44.431  3114  3114 D PackageManager: [f7ca7ae3-1ac4-4dc0-a3c0-413e0ae1bacb] Phase1 request; prefix: [-1552310272, -2130968576]
02-03 22:44:50.294   571   607 I chatty  : uid=1000(system) PowerManagerSer expire 26 lines
02-03 22:44:50.609   571   605 I chatty  : uid=1000(system) android.display expire 6 lines
02-03 22:44:50.876   571   603 I chatty  : uid=1000(system) android.fg expire 10 lines
02-03 22:44:55.231   571  1317 I chatty  : uid=1000(system) InputReader expire 8 lines
02-03 22:44:55.778   571  1759 I chatty  : uid=1000(system) Binder:571_4 expire 1 line
02-03 22:44:58.482   571 13848 I chatty  : uid=1000(system) Binder:571_16 expire 4 lines
02-03 22:44:59.591   571  3449 I chatty  : uid=1000(system) Binder:571_B expire 1 line
02-03 22:44:59.651   571  2057 I chatty  : uid=1000(system) Binder:571_7 expire 3 lines
02-03 22:44:59.668   571  3448 I chatty  : uid=1000(system) Binder:571_A expire 2 lines
02-03 22:45:00.621   571  3207 I chatty  : uid=1000(system) Binder:571_8 expire 4 lines
02-03 22:45:01.727   571  3474 I chatty  : uid=1000(system) Binder:571_D expire 2 lines
02-03 22:45:03.127   571 13850 I chatty  : uid=1000(system) Binder:571_18 expire 2 lines
02-03 22:45:03.157   571   594 I chatty  : uid=1000(system) batterystats-wo expire 27 lines
02-03 22:45:04.409   296   296 W wificond: Scan is not started. Ignore abort request
02-03 22:45:04.943   571  1333 I chatty  : uid=1000(system) WifiStateMachin expire 1 line
02-03 22:45:04.944   571  1340 I chatty  : uid=1000(system) ConnectivitySer expire 9 lines
02-03 22:45:05.069   571  5297 I chatty  : uid=1000(system) Binder:571_F expire 3 lines
02-03 22:45:05.079   571 13851 I chatty  : uid=1000(system) Binder:571_19 expire 2 lines
02-03 22:45:06.294   571   583 I chatty  : uid=1000(system) Binder:571_1 expire 1 line
02-03 22:45:08.167   571  1339 I chatty  : uid=1000(system) WifiP2pService expire 1 line
02-03 22:45:08.811   571  1327 I chatty  : uid=1000(system) NetworkPolicy expire 45 lines
02-03 22:45:08.877   571  1677 I chatty  : uid=1000(system) Binder:571_3 expire 1 line
02-03 22:45:16.649   571 13845 I chatty  : uid=1000(system) Binder:571_13 expire 4 lines
02-03 22:45:18.952   571 13847 I chatty  : uid=1000(system) Binder:571_15 expire 1 line
02-03 22:45:18.975   571 13844 I chatty  : uid=1000(system) Binder:571_12 expire 2 lines
02-03 22:45:29.991   571  3273 I chatty  : uid=1000(system) Binder:571_9 expire 1 line
02-03 22:45:46.013   571   592 I chatty  : uid=1000(system) android.ui expire 6 lines
02-03 22:45:46.358   571  1246 I chatty  : uid=1000(system) android.anim expire 2 lines
02-03 22:45:49.595   571  2392 I chatty  : uid=1000(system) uteStateMachine expire 5 lines
02-03 22:45:51.794   571  5265 I chatty  : uid=1000(system) Binder:571_E expire 1 line
02-03 22:45:54.292   571   584 I chatty  : uid=1000(system) Binder:571_2 expire 1 line
02-03 22:48:34.056   571   607 I chatty  : uid=1000(system) PowerManagerSer expire 12 lines
02-03 22:48:34.328   571   603 I chatty  : uid=1000(system) android.fg expire 5 lines
02-03 22:48:35.157   571 13849 I chatty  : uid=1000(system) Binder:571_17 expire 2 lines
02-03 22:48:35.239   571  3452 I chatty  : uid=1000(system) Binder:571_C expire 1 line
02-03 22:48:35.272   571 13846 I chatty  : uid=1000(system) Binder:571_14 expire 1 line
02-03 22:48:40.347   571  1997 I chatty  : uid=1000(system) Binder:571_5 expire 1 line
02-03 22:50:37.543   571   606 I chatty  : uid=1000(system) CpuTracker expire 4 lines
02-03 22:51:00.042   571   590 I chatty  : uid=1000(system) android.bg expire 2 lines
02-03 22:51:25.758   571  1327 I chatty  : uid=1000(system) NetworkPolicy expire 102 lines
02-03 22:52:51.693   571   591 I chatty  : uid=1000(system) ActivityManager expire 3 lines
02-03 22:52:52.951   571  1759 I chatty  : uid=1000(system) Binder:571_4 expire 5 lines
02-03 22:52:53.478   571  3449 I chatty  : uid=1000(system) Binder:571_B expire 2 lines
02-03 22:52:53.675   571   605 I chatty  : uid=1000(system) android.display expire 4 lines
02-03 22:52:59.391   571   592 I chatty  : uid=1000(system) android.ui expire 33 lines
02-03 22:52:59.800   571  1246 I chatty  : uid=1000(system) android.anim expire 11 lines
02-03 22:53:09.808   571 13847 I chatty  : uid=1000(system) Binder:571_15 expire 1 line
02-03 22:53:24.678   571 13848 I chatty  : uid=1000(system) Binder:571_16 expire 2 lines
02-03 22:53:26.617   571  2055 I chatty  : uid=1000(system) Binder:571_6 expire 1 line
02-03 22:53:43.559   571   594 I chatty  : uid=1000(system) batterystats-wo expire 35 lines
02-03 23:07:57.595   571 13851 I chatty  : uid=1000(system) Binder:571_19 expire 1 line
02-03 23:07:58.095   571  1997 I chatty  : uid=1000(system) Binder:571_5 expire 1 line
02-03 23:08:24.140   571  1317 I chatty  : uid=1000(system) InputReader expire 4 lines
02-03 23:08:24.141   571   571 I chatty  : uid=1000 system_server expire 3 lines
02-03 23:08:25.451   571  2392 I chatty  : uid=1000(system) uteStateMachine expire 6 lines
02-03 23:08:27.477   571   607 I chatty  : uid=1000(system) PowerManagerSer expire 21 lines
02-03 23:08:27.974   571  5265 I chatty  : uid=1000(system) Binder:571_E expire 1 line
02-03 23:08:28.144   571   603 I chatty  : uid=1000(system) android.fg expire 5 lines
02-03 23:08:30.346   571 13845 I chatty  : uid=1000(system) Binder:571_13 expire 4 lines
02-03 23:09:10.064   571   607 I chatty  : uid=1000(system) PowerManagerSer expire 7 lines
02-03 23:09:10.064   571   603 I chatty  : uid=1000(system) android.fg expire 10 lines
02-03 23:09:15.853   571   583 I chatty  : uid=1000(system) Binder:571_1 expire 4 lines
02-03 23:09:25.630   571   605 I chatty  : uid=1000(system) android.display expire 5 lines
02-03 23:11:23.703   571   594 I chatty  : uid=1000(system) batterystats-wo expire 17 lines
02-03 23:14:12.217   571  1317 I chatty  : uid=1000(system) InputReader expire 1 line
02-03 23:14:12.673   571 13846 I chatty  : uid=1000(system) Binder:571_14 expire 4 lines
02-03 23:14:13.993   571  5297 I chatty  : uid=1000(system) Binder:571_F expire 9 lines
02-03 23:14:15.178   571   592 I chatty  : uid=1000(system) android.ui expire 10 lines
02-03 23:14:33.717   571   591 I chatty  : uid=1000(system) ActivityManager expire 12 lines
02-03 23:16:46.214   571  1294 I chatty  : uid=1000(system) AlarmManager expire 1 line
02-03 23:16:46.247   571   571 I chatty  : uid=1000 system_server expire 5 lines
02-03 23:16:46.377   571  1327 I chatty  : uid=1000(system) NetworkPolicy expire 9 lines
02-03 23:17:06.991   571  3448 I chatty  : uid=1000(system) Binder:571_A expire 8 lines
02-03 23:17:26.217   571  1246 I chatty  : uid=1000(system) android.anim expire 2 lines
02-03 23:18:08.761   571  3474 I chatty  : uid=1000(system) Binder:571_D expire 4 lines
02-03 23:20:13.509   571   584 I chatty  : uid=1000(system) Binder:571_2 expire 2 lines
02-03 23:20:18.391   571  5265 I chatty  : uid=1000(system) Binder:571_E expire 3 lines
02-03 23:20:43.706   571   590 I chatty  : uid=1000(system) android.bg expire 2 lines
02-03 23:20:43.898 29783 29783 D ActivityThread: Loading provider com.google.android.gm.sapi: com.google.android.gm.sapi.SapiUiProvider
02-03 23:20:43.906 29783 29816 D ActivityThread: Loading provider com.google.android.gmail.provider;com.android.mail.notifier;com.google.android.gm.email.provider;com.google.android.gm.tasks.provider;com.google.android.gm.email.notifier: com.android.email.provider.EmailProvider
02-03 23:20:44.021   571 13851 I chatty  : uid=1000(system) Binder:571_19 expire 6 lines
02-03 23:20:44.218   571  3207 I chatty  : uid=1000(system) Binder:571_8 expire 5 lines
02-03 23:22:30.206   571   591 I chatty  : uid=1000(system) ActivityManager expire 10 lines
02-03 23:23:14.089   571  1340 I chatty  : uid=1000(system) ConnectivitySer expire 1 line
02-03 23:23:14.089   571  3273 I chatty  : uid=1000(system) Binder:571_9 expire 4 lines
02-03 23:23:17.296   571   594 I chatty  : uid=1000(system) batterystats-wo expire 10 lines
02-03 23:25:06.717   571  1316 I chatty  : uid=1000(system) InputDispatcher expire 1 line
02-03 23:25:08.398   571  3452 I chatty  : uid=1000(system) Binder:571_C expire 4 lines
02-03 23:25:08.495   571  1997 I chatty  : uid=1000(system) Binder:571_5 expire 1 line
02-03 23:25:08.815   571 13848 I chatty  : uid=1000(system) Binder:571_16 expire 5 lines
02-03 23:25:09.391   571  3449 I chatty  : uid=1000(system) Binder:571_B expire 2 lines
02-03 23:25:13.759  3114  3624 V PackageManager: [fe5b5b42-1f75-455a-8d73-5168836a9f47] Phase1 called; posting
02-03 23:25:13.759  3114  3114 D PackageManager: [fe5b5b42-1f75-455a-8d73-5168836a9f47] Phase1 request; prefix: [1208311808, 305614848]
02-03 23:25:13.772  3114  3625 V PackageManager: [910b2fa1-5e6c-4025-9ce1-1106b28aac81] Phase1 called; posting
02-03 23:25:13.772  3114  3114 D PackageManager: [910b2fa1-5e6c-4025-9ce1-1106b28aac81] Phase1 request; prefix: [1208311808, 305614848]
02-03 23:25:13.803  3114  3132 V PackageManager: [00495209-37e2-46dd-acca-9ad16b3eac5d] Phase1 called; posting
02-03 23:25:13.804  3114  3114 D PackageManager: [00495209-37e2-46dd-acca-9ad16b3eac5d] Phase1 request; prefix: [1208311808, 305614848]
02-03 23:25:15.419   571  5321 I chatty  : uid=1000(system) Binder:571_11 expire 3 lines
02-03 23:25:16.604   571 13849 I chatty  : uid=1000(system) Binder:571_17 expire 4 lines
02-03 23:25:21.632   571   594 I chatty  : uid=1000(system) batterystats-wo expire 13 lines
02-03 23:25:37.610   571   606 I chatty  : uid=1000(system) CpuTracker expire 2 lines
02-03 23:25:40.054  3114  5219 V PackageManager: [6ddbedb5-f014-4101-9250-24ab3c89f02b] Phase1 called; posting
02-03 23:25:40.054  3114  3114 D PackageManager: [6ddbedb5-f014-4101-9250-24ab3c89f02b] Phase1 request; prefix: [902426624, -811048960, -137170944]
02-03 23:25:56.456   571 13844 I chatty  : uid=1000(system) Binder:571_12 expire 5 lines
02-03 23:25:56.835   571  5298 I chatty  : uid=1000(system) Binder:571_10 expire 2 lines
02-03 23:25:56.922   571  1677 I chatty  : uid=1000(system) Binder:571_3 expire 2 lines
02-03 23:25:56.925   571 13850 I chatty  : uid=1000(system) Binder:571_18 expire 2 lines
02-03 23:26:02.822   571  2057 I chatty  : uid=1000(system) Binder:571_7 expire 4 lines
02-03 23:26:20.087  3114  3625 V PackageManager: [f516cd14-e0da-4942-8827-fbe4005138ba] Phase1 called; posting
02-03 23:26:20.087  3114  3114 D PackageManager: [f516cd14-e0da-4942-8827-fbe4005138ba] Phase1 request; prefix: [1208311808, 305614848]
02-03 23:26:20.098  3114  3129 V PackageManager: [b36590e8-b5c4-41e1-b7b9-390379e712f6] Phase1 called; posting
02-03 23:26:20.098  3114  3114 D PackageManager: [b36590e8-b5c4-41e1-b7b9-390379e712f6] Phase1 request; prefix: [1208311808, 305614848]
02-03 23:26:52.705  3114  5219 V PackageManager: [b448abca-dde6-4f57-b5ea-46743306ffd9] Phase1 called; posting
02-03 23:26:52.705  3114  3114 D PackageManager: [b448abca-dde6-4f57-b5ea-46743306ffd9] Phase1 request; prefix: [1208311808, 305614848]
02-03 23:26:52.715  3114  3500 V PackageManager: [ceae3f84-ef4e-41af-b58f-20f35ee9c8e6] Phase1 called; posting
02-03 23:26:52.715  3114  3114 D PackageManager: [ceae3f84-ef4e-41af-b58f-20f35ee9c8e6] Phase1 request; prefix: [1208311808, 305614848]
02-03 23:26:59.804   571   592 I chatty  : uid=1000(system) android.ui expire 7 lines
02-03 23:27:12.471   571  1759 I chatty  : uid=1000(system) Binder:571_4 expire 3 lines
02-03 23:28:30.805  3114  3132 V PackageManager: [917c9a57-1279-4d20-b221-7e5c818b7980] Phase1 called; posting
02-03 23:28:30.805  3114  3114 D PackageManager: [917c9a57-1279-4d20-b221-7e5c818b7980] Phase1 request; prefix: [1208311808, 305614848]
02-03 23:28:30.817  3114  3625 V PackageManager: [eac447ff-a93b-42b7-9f5e-17c7bc3cb581] Phase1 called; posting
02-03 23:28:30.817  3114  3114 D PackageManager: [eac447ff-a93b-42b7-9f5e-17c7bc3cb581] Phase1 request; prefix: [1208311808, 305614848]
02-03 23:28:32.434   571   591 I chatty  : uid=1000(system) ActivityManager expire 4 lines
02-03 23:29:11.006   571   603 I chatty  : uid=1000(system) android.fg expire 4 lines
02-03 23:29:11.996  3114  3129 V PackageManager: [0382a413-54aa-4eef-94b5-b5cf7cd8a018] Phase1 called; posting
02-03 23:29:11.996  3114  3114 D PackageManager: [0382a413-54aa-4eef-94b5-b5cf7cd8a018] Phase1 request; prefix: [1208311808, 305614848]
02-03 23:29:12.004  3114  3624 V PackageManager: [fa4cee22-127f-4133-a2e8-f18db92760a7] Phase1 called; posting
02-03 23:29:12.005  3114  3114 D PackageManager: [fa4cee22-127f-4133-a2e8-f18db92760a7] Phase1 request; prefix: [1208311808, 305614848]
02-03 23:29:34.465   571   594 I chatty  : uid=1000(system) batterystats-wo expire 17 lines
02-03 23:29:42.263   571 13847 I chatty  : uid=1000(system) Binder:571_15 expire 1 line
02-03 23:29:42.297   571  3452 I chatty  : uid=1000(system) Binder:571_C expire 8 lines
02-03 23:29:43.146  4822  4854 W FileUtils: Failed to chmod(/storage/emulated/0/backups/system/.confd): android.system.ErrnoException: chmod failed: EPERM (Operation not permitted)
02-03 23:29:43.831  4822  4854 I chatty  : uid=10122(com.estrongs.android.pop.pro) identical 19 lines
02-03 23:29:43.860  4822  4854 W FileUtils: Failed to chmod(/storage/emulated/0/backups/system/.confd): android.system.ErrnoException: chmod failed: EPERM (Operation not permitted)
02-03 23:29:43.872  4822  4890 E ActivityThread: Failed to find provider info for com.estrongs.locker
02-03 23:29:43.992   571 13845 I chatty  : uid=1000(system) Binder:571_13 expire 6 lines
02-03 23:29:44.800  4822  4955 E ActivityThread: Failed to find provider info for com.estrongs.locker
02-03 23:29:46.974  4822  4883 W PackageParser: No actions in intent filter at /data/app/com.google.android.gm-gAVbkLVExgJyl9TQSZXCrw==/base.apk Binary XML file line #678
02-03 23:29:46.975  4822  4883 W PackageParser: No actions in intent filter at /data/app/com.google.android.gm-gAVbkLVExgJyl9TQSZXCrw==/base.apk Binary XML file line #743
02-03 23:29:52.736   571  2057 I chatty  : uid=1000(system) Binder:571_7 expire 2 lines
02-03 23:29:52.774   571 13851 I chatty  : uid=1000(system) Binder:571_19 expire 4 lines
02-03 23:30:00.005   571   571 I chatty  : uid=1000 system_server expire 14 lines
02-03 23:30:07.990   571   584 I chatty  : uid=1000(system) Binder:571_2 expire 3 lines
02-03 23:30:31.369   571   592 I chatty  : uid=1000(system) android.ui expire 15 lines
02-03 23:30:32.941   571  5321 I chatty  : uid=1000(system) Binder:571_11 expire 7 lines
02-03 23:30:33.033  3253  3253 W ViewRootImpl[NexusLauncherActivity]: Cancelling event due to no window focus: KeyEvent { action=ACTION_UP, keyCode=KEYCODE_BACK, scanCode=158, metaState=0, flags=0x68, repeatCount=0, eventTime=3921743, downTime=3921660, deviceId=5, source=0x101 }
02-03 23:30:33.033  3253  3253 I chatty  : uid=10038(com.google.android.apps.nexuslauncher) identical 7 lines
02-03 23:30:33.034  3253  3253 W ViewRootImpl[NexusLauncherActivity]: Cancelling event due to no window focus: KeyEvent { action=ACTION_UP, keyCode=KEYCODE_BACK, scanCode=158, metaState=0, flags=0x68, repeatCount=0, eventTime=3921743, downTime=3921660, deviceId=5, source=0x101 }
02-03 23:30:33.204   571   591 I chatty  : uid=1000(system) ActivityManager expire 3 lines
02-03 23:30:35.505   571 13850 I chatty  : uid=1000(system) Binder:571_18 expire 10 lines
02-03 23:30:38.047   571  2055 I chatty  : uid=1000(system) Binder:571_6 expire 8 lines
02-03 23:30:39.591   571   583 I chatty  : uid=1000(system) Binder:571_1 expire 7 lines
02-03 23:30:41.159   571 13844 I chatty  : uid=1000(system) Binder:571_12 expire 4 lines
02-03 23:30:44.069   571 13846 I chatty  : uid=1000(system) Binder:571_14 expire 7 lines
02-03 23:30:47.015  3984  5685 E ActivityThread: Failed to find provider info for com.whatsappprovider.media
02-03 23:30:47.145  3984  5685 I chatty  : uid=10130(com.whatsapp) identical 122 lines
02-03 23:30:47.146  3984  5685 E ActivityThread: Failed to find provider info for com.whatsappprovider.media
02-03 23:30:49.560   571  3207 I chatty  : uid=1000(system) Binder:571_8 expire 5 lines
02-03 23:31:09.883   571  5265 I chatty  : uid=1000(system) Binder:571_E expire 2 lines
02-03 23:31:57.382   571  1759 I chatty  : uid=1000(system) Binder:571_4 expire 3 lines
02-03 23:31:57.704  3114  5219 V PackageManager: [d93d8728-8f1b-4c99-b9f8-67cb35721336] Phase1 called; posting
02-03 23:31:57.704  3114  3114 D PackageManager: [d93d8728-8f1b-4c99-b9f8-67cb35721336] Phase1 request; prefix: [610275328, -649494528]
02-03 23:31:58.105  3114  4725 V PackageManager: [71056593-feee-4a0f-8fe8-5545a91cf944] Phase1 called; posting
02-03 23:31:58.105  3114  3114 D PackageManager: [71056593-feee-4a0f-8fe8-5545a91cf944] Phase1 request; prefix: [-724971520, 420691968]
02-03 23:31:58.510  6685  6833 E ActivityThread: Failed to find provider info for com.facebook.katana.provider.AttributionIdProvider
02-03 23:31:59.184  3114  3499 V PackageManager: [57d9c742-8543-4d4f-8da2-90f4e02b3825] Phase1 called; posting
02-03 23:31:59.184  3114  3114 D PackageManager: [57d9c742-8543-4d4f-8da2-90f4e02b3825] Phase1 request; prefix: [-724971520, 420691968]
02-03 23:31:59.431   571  5298 I chatty  : uid=1000(system) Binder:571_10 expire 5 lines
02-03 23:31:59.634  6685  6833 E ActivityThread: Failed to find provider info for com.facebook.katana.provider.AttributionIdProvider
02-03 23:31:59.953  3114  3132 V PackageManager: [011f40cd-39c8-4cfe-b884-72e2a9def1ae] Phase1 called; posting
02-03 23:31:59.953  3114  3114 D PackageManager: [011f40cd-39c8-4cfe-b884-72e2a9def1ae] Phase1 request; prefix: [610275328, -649494528]
02-03 23:32:00.434  6685  6998 E ActivityThread: Failed to find provider info for com.ksmobile.cb.android.provider.DownloadProvider
02-03 23:32:00.480  6895  7016 E ActivityThread: Failed to find provider info for com.ksmobile.cb.android.provider.DownloadProvider
02-03 23:32:00.780  3114  4726 V PackageManager: [6d1ce17f-b259-4d9e-9749-a9f9870de021] Phase1 called; posting
02-03 23:32:00.780  3114  3114 D PackageManager: [6d1ce17f-b259-4d9e-9749-a9f9870de021] Phase1 request; prefix: [-1552310272, -2130968576]
02-03 23:32:00.785  3114  3132 V PackageManager: [f47afbdf-b8af-4143-9d14-e9fb18e59a0c] Phase1 called; posting
02-03 23:32:00.785  3114  3114 D PackageManager: [f47afbdf-b8af-4143-9d14-e9fb18e59a0c] Phase1 request; prefix: [-1552310272, -2130968576]
02-03 23:32:01.506  3114  4726 V PackageManager: [5aa170cf-462d-4d29-b4d8-cbd2ca33a631] Phase1 called; posting
02-03 23:32:01.507  3114  3114 D PackageManager: [5aa170cf-462d-4d29-b4d8-cbd2ca33a631] Phase1 request; prefix: [-1552310272, -2130968576]
02-03 23:32:01.513  3114  3132 V PackageManager: [deacab13-4657-4f79-9dec-83a91f761ed5] Phase1 called; posting
02-03 23:32:01.513  3114  3114 D PackageManager: [deacab13-4657-4f79-9dec-83a91f761ed5] Phase1 request; prefix: [-1552310272, -2130968576]
02-03 23:32:01.781  6685  6833 E ActivityThread: Failed to find provider info for com.facebook.katana.provider.AttributionIdProvider
02-03 23:32:02.313  3114  4725 V PackageManager: [8c75f334-4762-464e-8690-fede61b4eae9] Phase1 called; posting
02-03 23:32:02.314  3114  3114 D PackageManager: [8c75f334-4762-464e-8690-fede61b4eae9] Phase1 request; prefix: [-1552310272, -2130968576]
02-03 23:32:02.321  3114  4726 V PackageManager: [a2f06209-4ce5-4554-963a-fb226c5e723b] Phase1 called; posting
02-03 23:32:02.321  3114  3114 D PackageManager: [a2f06209-4ce5-4554-963a-fb226c5e723b] Phase1 request; prefix: [-1552310272, -2130968576]
02-03 23:32:03.121  3114  3500 V PackageManager: [330eca03-7b6d-4c30-80ee-4f113249a810] Phase1 called; posting
02-03 23:32:03.126  3114  3114 D PackageManager: [330eca03-7b6d-4c30-80ee-4f113249a810] Phase1 request; prefix: [-1552310272, -2130968576]
02-03 23:32:03.133  3114  3132 V PackageManager: [92089e02-541b-4cd3-b1f6-67cb685ba9d3] Phase1 called; posting
02-03 23:32:03.133  3114  3114 D PackageManager: [92089e02-541b-4cd3-b1f6-67cb685ba9d3] Phase1 request; prefix: [-1552310272, -2130968576]
02-03 23:32:04.038  6685  6833 E ActivityThread: Failed to find provider info for com.facebook.katana.provider.AttributionIdProvider
02-03 23:32:11.371   571  3474 I chatty  : uid=1000(system) Binder:571_D expire 2 lines
02-03 23:32:20.075   571  1677 I chatty  : uid=1000(system) Binder:571_3 expire 7 lines
02-03 23:32:52.936   571  1327 I chatty  : uid=1000(system) NetworkPolicy expire 42 lines
02-03 23:32:53.293   571   594 I chatty  : uid=1000(system) batterystats-wo expire 15 lines
02-03 23:33:47.251   571  1997 I chatty  : uid=1000(system) Binder:571_5 expire 2 lines
02-03 23:34:13.816   571 13849 I chatty  : uid=1000(system) Binder:571_17 expire 2 lines
02-03 23:34:24.762   571   592 I chatty  : uid=1000(system) android.ui expire 21 lines
02-03 23:34:53.461   571  3449 I chatty  : uid=1000(system) Binder:571_B expire 4 lines
02-03 23:36:32.188   571 13848 I chatty  : uid=1000(system) Binder:571_16 expire 3 lines
02-03 23:37:18.653   571  5297 I chatty  : uid=1000(system) Binder:571_F expire 3 lines
02-03 23:38:13.391  3114  4725 V PackageManager: [0baa95f0-0f64-478e-83ed-46843dfaa55d] Phase1 called; posting
02-03 23:38:13.392  3114  3114 D PackageManager: [0baa95f0-0f64-478e-83ed-46843dfaa55d] Phase1 request; prefix: [2017382400, 1841512448]
02-03 23:38:13.846   571  1327 I chatty  : uid=1000(system) NetworkPolicy expire 3 lines
02-03 23:38:14.412   571   592 I chatty  : uid=1000(system) android.ui expire 1 line
02-03 23:38:15.016   571  1340 I chatty  : uid=1000(system) ConnectivitySer expire 1 line
02-03 23:38:15.416   571   594 I chatty  : uid=1000(system) batterystats-wo expire 23 lines
02-03 23:38:16.028   571   591 I chatty  : uid=1000(system) ActivityManager expire 6 lines
02-03 23:38:16.178   571 13847 I chatty  : uid=1000(system) Binder:571_15 expire 11 lines
02-03 23:38:20.385   571  1327 I chatty  : uid=1000(system) NetworkPolicy expire 45 lines
02-03 23:38:25.237   571   592 I chatty  : uid=1000(system) android.ui expire 26 lines
02-03 23:38:25.299   571   584 I chatty  : uid=1000(system) Binder:571_2 expire 6 lines
02-03 23:38:38.141   571 13845 I chatty  : uid=1000(system) Binder:571_13 expire 7 lines
02-03 23:38:44.519   571   571 I chatty  : uid=1000 system_server expire 3 lines
02-03 23:38:50.032   571  3207 I chatty  : uid=1000(system) Binder:571_8 expire 5 lines
02-03 23:38:58.174   571 13844 I chatty  : uid=1000(system) Binder:571_12 expire 6 lines
02-03 23:39:04.541   571 13848 I chatty  : uid=1000(system) Binder:571_16 expire 3 lines
02-03 23:39:14.136   571  3448 I chatty  : uid=1000(system) Binder:571_A expire 4 lines
02-03 23:39:16.395   571  5298 I chatty  : uid=1000(system) Binder:571_10 expire 6 lines
02-03 23:39:37.344   571  3452 I chatty  : uid=1000(system) Binder:571_C expire 6 lines
02-03 23:39:41.840   571 13849 I chatty  : uid=1000(system) Binder:571_17 expire 3 lines
02-03 23:39:44.465   571  2055 I chatty  : uid=1000(system) Binder:571_6 expire 1 line
02-03 23:40:43.295   571 13846 I chatty  : uid=1000(system) Binder:571_14 expire 3 lines
02-03 23:40:46.376   571   583 I chatty  : uid=1000(system) Binder:571_1 expire 7 lines
02-03 23:40:47.708   571  1759 I chatty  : uid=1000(system) Binder:571_4 expire 5 lines
02-03 23:40:49.876   571  1997 I chatty  : uid=1000(system) Binder:571_5 expire 6 lines
02-03 23:40:55.518   571 13851 I chatty  : uid=1000(system) Binder:571_19 expire 4 lines
02-03 23:40:55.889   571  1246 I chatty  : uid=1000(system) android.anim expire 9 lines
02-03 23:41:42.426   571  2057 I chatty  : uid=1000(system) Binder:571_7 expire 2 lines
02-03 23:41:42.750   571  3449 I chatty  : uid=1000(system) Binder:571_B expire 4 lines
02-03 23:41:43.128   571  5321 I chatty  : uid=1000(system) Binder:571_11 expire 3 lines
02-03 23:41:43.705   571 13850 I chatty  : uid=1000(system) Binder:571_18 expire 3 lines
02-03 23:41:45.839   571  5297 I chatty  : uid=1000(system) Binder:571_F expire 2 lines
02-03 23:42:33.865   571  1677 I chatty  : uid=1000(system) Binder:571_3 expire 4 lines
02-03 23:45:19.184   571  1340 I chatty  : uid=1000(system) ConnectivitySer expire 1 line
02-03 23:45:19.530   571  3273 I chatty  : uid=1000(system) Binder:571_9 expire 3 lines
02-03 23:46:31.408   571  3474 I chatty  : uid=1000(system) Binder:571_D expire 2 lines
02-03 23:47:24.035   571   590 I chatty  : uid=1000(system) android.bg expire 1 line
02-03 23:47:32.020  6685 12812 E ActivityThread: Failed to find provider info for com.facebook.katana.provider.AttributionIdProvider
02-03 23:47:37.544   571   592 I chatty  : uid=1000(system) android.ui expire 2 lines
02-03 23:47:40.424   571   605 I chatty  : uid=1000(system) android.display expire 3 lines
02-03 23:47:40.437   571   594 I chatty  : uid=1000(system) batterystats-wo expire 6 lines
02-03 23:47:43.928   571   603 I chatty  : uid=1000(system) android.fg expire 6 lines
02-03 23:47:46.465 13024 13051 E ActivityThread: Failed to find provider info for com.ksmobile.cb.android.provider.DownloadProvider
02-03 23:47:48.774   571  3448 I chatty  : uid=1000(system) Binder:571_A expire 3 lines
02-03 23:47:48.780   571   605 I chatty  : uid=1000(system) android.display expire 4 lines
02-03 23:47:49.728   571 13849 I chatty  : uid=1000(system) Binder:571_17 expire 2 lines
02-03 23:48:07.022   571 13845 I chatty  : uid=1000(system) Binder:571_13 expire 3 lines
02-03 23:48:07.140   571 13848 I chatty  : uid=1000(system) Binder:571_16 expire 10 lines
02-03 23:48:07.405   571  5298 I chatty  : uid=1000(system) Binder:571_10 expire 3 lines
02-03 23:48:08.344  3114  3625 V PackageManager: [b873fdcc-1248-44a5-8db9-eaa4d97681e6] Phase1 called; posting
02-03 23:48:08.347  3114  3114 D PackageManager: [b873fdcc-1248-44a5-8db9-eaa4d97681e6] Phase1 request; prefix: [1208311808, 305614848]
02-03 23:48:08.357  3114  4725 V PackageManager: [7a9daac3-e40b-4c73-a634-f822b69b2cba] Phase1 called; posting
02-03 23:48:08.357  3114  3114 D PackageManager: [7a9daac3-e40b-4c73-a634-f822b69b2cba] Phase1 request; prefix: [1208311808, 305614848]
02-03 23:48:11.812  3114  5230 V PackageManager: [54ad61a9-c5f4-43cb-8159-c731293ce27a] Phase1 called; posting
02-03 23:48:11.812  3114  3114 D PackageManager: [54ad61a9-c5f4-43cb-8159-c731293ce27a] Phase1 request; prefix: [1208311808, 305614848]
02-03 23:48:13.295   571  5321 I chatty  : uid=1000(system) Binder:571_11 expire 3 lines
02-03 23:48:17.020   571  3474 I chatty  : uid=1000(system) Binder:571_D expire 2 lines
02-03 23:48:17.290   571 13846 I chatty  : uid=1000(system) Binder:571_14 expire 1 line
02-03 23:48:17.997   571   583 I chatty  : uid=1000(system) Binder:571_1 expire 2 lines
02-03 23:48:23.072   571   594 I chatty  : uid=1000(system) batterystats-wo expire 11 lines
02-03 23:48:23.124   571   590 I chatty  : uid=1000(system) android.bg expire 1 line
02-03 23:48:33.877   571   591 I chatty  : uid=1000(system) ActivityManager expire 10 lines
02-03 23:48:59.772   571  1327 I chatty  : uid=1000(system) NetworkPolicy expire 12 lines
02-03 23:49:13.645  3114  4725 V PackageManager: [e5a0f1d8-5754-4644-a406-8a15ab5d732d] Phase1 called; posting
02-03 23:49:13.645  3114  3114 D PackageManager: [e5a0f1d8-5754-4644-a406-8a15ab5d732d] Phase1 request; prefix: [-628383744, -1379491840]
02-03 23:49:37.038   571   592 I chatty  : uid=1000(system) android.ui expire 12 lines
02-03 23:50:00.464  3114  3624 V PackageManager: [1fca8d64-a4d6-4f7f-a77c-de987e2f0d4c] Phase1 called; posting
02-03 23:50:00.464  3114  3114 D PackageManager: [1fca8d64-a4d6-4f7f-a77c-de987e2f0d4c] Phase1 request; prefix: [-628383744, -1379491840]
02-03 23:51:06.744  3114  5230 V PackageManager: [39c04480-e76c-46db-a0d4-16460fc3cd9c] Phase1 called; posting
02-03 23:51:06.744  3114  3114 D PackageManager: [39c04480-e76c-46db-a0d4-16460fc3cd9c] Phase1 request; prefix: [1648664576, -938012672]
02-03 23:51:19.693  3114  3129 V PackageManager: [35059aa8-fff3-4b7b-a8a4-50b2273b2c89] Phase1 called; posting
02-03 23:51:19.693  3114  3114 D PackageManager: [35059aa8-fff3-4b7b-a8a4-50b2273b2c89] Phase1 request; prefix: [1648664576, -938012672]
02-03 23:51:53.363   571   594 I chatty  : uid=1000(system) batterystats-wo expire 29 lines
02-03 23:52:31.539   571  3449 I chatty  : uid=1000(system) Binder:571_B expire 2 lines
02-03 23:52:32.367   571  1759 I chatty  : uid=1000(system) Binder:571_4 expire 2 lines
02-03 23:52:54.374  3114  3499 V PackageManager: [a255d31d-9480-4a57-b7b7-cf1dc7bddf15] Phase1 called; posting
02-03 23:52:54.374  3114  3114 D PackageManager: [a255d31d-9480-4a57-b7b7-cf1dc7bddf15] Phase1 request; prefix: [1514692608, 1835155456]
02-03 23:53:07.930   571  1327 I chatty  : uid=1000(system) NetworkPolicy expire 15 lines
02-03 23:54:27.588  3114  3624 V PackageManager: [d49389ff-65f6-4285-8b9a-5a4969d004c1] Phase1 called; posting
02-03 23:54:27.588  3114  3114 D PackageManager: [d49389ff-65f6-4285-8b9a-5a4969d004c1] Phase1 request; prefix: [1514692608, 1835155456]
02-03 23:54:45.951   571   592 I chatty  : uid=1000(system) android.ui expire 3 lines
02-03 23:54:51.899  3114  3499 V PackageManager: [02915caa-c5aa-401d-bc49-50a3b8fa4d78] Phase1 called; posting
02-03 23:54:51.899  3114  3114 D PackageManager: [02915caa-c5aa-401d-bc49-50a3b8fa4d78] Phase1 request; prefix: [1639649280, -1041969152]
02-03 23:54:53.123   571   591 I chatty  : uid=1000(system) ActivityManager expire 20 lines
02-03 23:54:54.472   571 13851 I chatty  : uid=1000(system) Binder:571_19 expire 6 lines
02-03 23:54:55.237   571 13847 I chatty  : uid=1000(system) Binder:571_15 expire 2 lines
02-03 23:56:00.317   571   584 I chatty  : uid=1000(system) Binder:571_2 expire 2 lines
02-03 23:56:00.548   571  2055 I chatty  : uid=1000(system) Binder:571_6 expire 2 lines
02-03 23:56:00.687   571  2057 I chatty  : uid=1000(system) Binder:571_7 expire 2 lines
02-03 23:56:00.741 17834 17887 E AndroidRuntime: FATAL EXCEPTION: gcm-task#1
02-03 23:56:00.741 17834 17887 E AndroidRuntime: Process: com.jio.myjio, PID: 17834
02-03 23:56:00.741 17834 17887 E AndroidRuntime: java.lang.IllegalStateException: Not allowed to start service Intent { act=com.bb.lib.usage.action.PERIODIC cmp=com.jio.myjio/com.bb.lib.usage.SMSParsingService }: app is in background uid UidRecord{386b25c u0a129 TRNB idle change:idle|uncached procs:1 seq(0,0,0)}
02-03 23:56:00.741 17834 17887 E AndroidRuntime: 	at android.app.ContextImpl.startServiceCommon(ContextImpl.java:1521)
02-03 23:56:00.741 17834 17887 E AndroidRuntime: 	at android.app.ContextImpl.startService(ContextImpl.java:1477)
02-03 23:56:00.741 17834 17887 E AndroidRuntime: 	at android.content.ContextWrapper.startService(ContextWrapper.java:650)
02-03 23:56:00.741 17834 17887 E AndroidRuntime: 	at com.bb.lib.usage.SMSParsingService.a(Unknown Source:12)
02-03 23:56:00.741 17834 17887 E AndroidRuntime: 	at com.bb.lib.scheduler.service.SimWiseSMSPushTaskService.a(Unknown Source:33)
02-03 23:56:00.741 17834 17887 E AndroidRuntime: 	at com.bb.lib.scheduler.service.SimWiseSMSPushTaskService.onRunTask(Unknown Source:112)
02-03 23:56:00.741 17834 17887 E AndroidRuntime: 	at com.google.android.gms.gcm.GcmTaskService$b.run(Unknown Source:13)
02-03 23:56:00.741 17834 17887 E AndroidRuntime: 	at java.util.concurrent.ThreadPoolExecutor.runWorker(ThreadPoolExecutor.java:1162)
02-03 23:56:00.741 17834 17887 E AndroidRuntime: 	at java.util.concurrent.ThreadPoolExecutor$Worker.run(ThreadPoolExecutor.java:636)
02-03 23:56:00.741 17834 17887 E AndroidRuntime: 	at java.lang.Thread.run(Thread.java:764)
02-03 23:56:07.015   571  1677 I chatty  : uid=1000(system) Binder:571_3 expire 1 line
02-03 23:56:08.130   571  1997 I chatty  : uid=1000(system) Binder:571_5 expire 1 line
02-03 23:56:08.171   571 13850 I chatty  : uid=1000(system) Binder:571_18 expire 2 lines
02-03 23:56:08.241   571  5265 I chatty  : uid=1000(system) Binder:571_E expire 3 lines
02-03 23:56:08.241   571  5297 I chatty  : uid=1000(system) Binder:571_F expire 1 line
02-03 23:56:09.894   571  1340 I chatty  : uid=1000(system) ConnectivitySer expire 4 lines
02-03 23:56:50.424   571   607 I chatty  : uid=1000(system) PowerManagerSer expire 8 lines
02-04 00:00:01.166 18387 18387 D ActivityThread: Loading provider com.whatsapp.provider.contact: com.whatsapp.contact.ContactProvider
02-04 00:00:01.645   571  3452 I chatty  : uid=1000(system) Binder:571_C expire 2 lines
02-04 00:01:27.649   571   591 I chatty  : uid=1000(system) ActivityManager expire 8 lines
02-04 00:16:19.045   571  3273 I chatty  : uid=1000(system) Binder:571_9 expire 3 lines
02-04 00:18:47.666   571  1294 I chatty  : uid=1000(system) AlarmManager expire 1 line
02-04 00:18:47.692   571  1327 I chatty  : uid=1000(system) NetworkPolicy expire 12 lines
02-04 00:18:47.753   571   571 I chatty  : uid=1000 system_server expire 3 lines
02-04 00:30:58.145   571   594 I chatty  : uid=1000(system) batterystats-wo expire 15 lines
02-04 02:00:00.723   571  1326 I chatty  : uid=1000(system) NetworkStats expire 1 line
02-04 02:02:18.950   571  3207 I chatty  : uid=1000(system) Binder:571_8 expire 1 line
02-04 02:02:41.936   571  3448 I chatty  : uid=1000(system) Binder:571_A expire 1 line
02-04 02:21:28.744   571  1327 I chatty  : uid=1000(system) NetworkPolicy expire 15 lines
02-04 03:43:22.513   571   594 I chatty  : uid=1000(system) batterystats-wo expire 10 lines
02-04 03:43:24.337   571   591 I chatty  : uid=1000(system) ActivityManager expire 10 lines
02-04 04:35:08.798   571   571 I chatty  : uid=1000 system_server expire 2 lines
02-04 04:35:08.827   571   607 I chatty  : uid=1000(system) PowerManagerSer expire 10 lines
02-04 04:35:08.846   571   603 I chatty  : uid=1000(system) android.fg expire 6 lines
02-04 04:35:08.859   571 13845 I chatty  : uid=1000(system) Binder:571_13 expire 1 line
02-04 04:35:08.951   571   605 I chatty  : uid=1000(system) android.display expire 1 line
02-04 04:35:10.886   571  1997 I chatty  : uid=1000(system) Binder:571_5 expire 8 lines
02-04 04:35:10.988   571  1317 I chatty  : uid=1000(system) InputReader expire 2 lines
02-04 04:35:12.694   571   592 I chatty  : uid=1000(system) android.ui expire 1 line
02-04 04:35:13.850   571  1759 I chatty  : uid=1000(system) Binder:571_4 expire 1 line
02-04 04:35:40.680   571   583 I chatty  : uid=1000(system) Binder:571_1 expire 1 line
02-04 04:36:00.737  3114  3499 V PackageManager: [5367f503-8985-4223-85ab-939a3859431f] Phase1 called; posting
02-04 04:36:00.737  3114  3114 D PackageManager: [5367f503-8985-4223-85ab-939a3859431f] Phase1 request; prefix: [1087258624]
02-04 04:36:00.787 19579 19602 V FingerprintManager: FingerprintManagerService was null
02-04 04:36:25.206   571  3273 I chatty  : uid=1000(system) Binder:571_9 expire 1 line
02-04 04:36:31.919   571   594 I chatty  : uid=1000(system) batterystats-wo expire 151 lines
02-04 04:40:53.506   571   590 I chatty  : uid=1000(system) android.bg expire 2 lines
02-04 04:46:29.025   571  1327 I chatty  : uid=1000(system) NetworkPolicy expire 9 lines
02-04 05:03:37.881   571   594 I chatty  : uid=1000(system) batterystats-wo expire 164 lines
02-04 05:04:00.013   571   571 I chatty  : uid=1000 system_server expire 9 lines
02-04 05:04:00.099   571  1759 I chatty  : uid=1000(system) Binder:571_4 expire 1 line
02-04 05:04:00.100   571  1340 I chatty  : uid=1000(system) ConnectivitySer expire 1 line
02-04 05:04:00.100   571  5298 I chatty  : uid=1000(system) Binder:571_10 expire 1 line
02-04 05:04:38.065   571   591 I chatty  : uid=1000(system) ActivityManager expire 3 lines
02-04 05:05:15.737   571  3452 I chatty  : uid=1000(system) Binder:571_C expire 3 lines
02-04 05:17:38.114   571  3474 I chatty  : uid=1000(system) Binder:571_D expire 1 line
02-04 05:46:26.484  3114  3625 V PackageManager: [8ac64b12-2e20-4297-a596-02ad4eaaa833] Phase1 called; posting
02-04 05:46:26.485  3114  3114 D PackageManager: [8ac64b12-2e20-4297-a596-02ad4eaaa833] Phase1 request; prefix: [-474955776]
02-04 05:46:26.514   571 13844 I chatty  : uid=1000(system) Binder:571_12 expire 1 line
02-04 05:46:26.842   571  1320 I chatty  : uid=1000(system) StorageManagerS expire 3 lines
02-04 05:46:26.844   221   231 I vold    : [libfs_mgr]fs_mgr_read_fstab_dt(): failed to read fstab from dt
02-04 05:46:26.844   571  1321 I chatty  : uid=1000(system) VoldConnector expire 4 lines
02-04 05:46:26.846   221 23479 D vold    : Starting trim of /data
02-04 05:46:27.064 23482 23500 D DownloadManager: Removed 0 stale downloads
02-04 05:46:27.076 23482 23500 D DownloadManager: Missing /storage/emulated/0/Download/snice24.jpg, deleting 466
02-04 05:46:27.442 23482 23500 D DownloadManager: Missing /storage/emulated/0/Download/5c8f1c767a7ec06602030cee186e8bf5.jpg, deleting 467
02-04 05:46:27.691 23482 23500 D DownloadManager: Missing /storage/emulated/0/Download/download (10).jpg, deleting 468
02-04 05:46:27.812 23482 23500 D DownloadManager: Missing /storage/emulated/0/Download/images (25).jpeg, deleting 477
02-04 05:46:28.071 23482 23500 D DownloadManager: Found 29 files in database
02-04 05:46:28.071 23482 23500 D DownloadManager: Found 0 files on disk
02-04 05:46:29.476   221 23479 I vold    : Trimmed 2436947968 bytes on /data in 2629ms
02-04 05:46:29.476   221 23479 D vold    : Starting trim of /cache
02-04 05:46:29.512   221 23479 I vold    : Trimmed 519626752 bytes on /cache in 35ms
02-04 05:46:29.512   221 23479 D vold    : Starting trim of /persist
02-04 05:46:29.512   221 23479 I vold    : Trimmed 0 bytes on /persist in 0ms
02-04 05:46:29.813 23503 23503 E ActivityThread: Service com.android.storagemanager.automatic.AutomaticStorageManagementJobService has leaked ServiceConnection com.google.android.storagemanager.overlay.PhotosDeletionType$1@cd8b8ea that was originally bound here
02-04 05:46:29.813 23503 23503 E ActivityThread: android.app.ServiceConnectionLeaked: Service com.android.storagemanager.automatic.AutomaticStorageManagementJobService has leaked ServiceConnection com.google.android.storagemanager.overlay.PhotosDeletionType$1@cd8b8ea that was originally bound here
02-04 05:46:29.813 23503 23503 E ActivityThread: 	at android.app.LoadedApk$ServiceDispatcher.<init>(LoadedApk.java:1532)
02-04 05:46:29.813 23503 23503 E ActivityThread: 	at android.app.LoadedApk.getServiceDispatcher(LoadedApk.java:1424)
02-04 05:46:29.813 23503 23503 E ActivityThread: 	at android.app.ContextImpl.bindServiceCommon(ContextImpl.java:1605)
02-04 05:46:29.813 23503 23503 E ActivityThread: 	at android.app.ContextImpl.bindService(ContextImpl.java:1557)
02-04 05:46:29.813 23503 23503 E ActivityThread: 	at android.content.ContextWrapper.bindService(ContextWrapper.java:684)
02-04 05:46:29.813 23503 23503 E ActivityThread: 	at com.google.android.storagemanager.overlay.PhotosDeletionType.onResume(PhotosDeletionType.java:81)
02-04 05:46:29.813 23503 23503 E ActivityThread: 	at com.google.android.storagemanager.overlay.PhotosStorageManagementJobProvider.onStartJob(PhotosStorageManagementJobProvider.java:26)
02-04 05:46:29.813 23503 23503 E ActivityThread: 	at com.android.storagemanager.automatic.AutomaticStorageManagementJobService.onStartJob(AutomaticStorageManagementJobService.java:79)
02-04 05:46:29.813 23503 23503 E ActivityThread: 	at android.app.job.JobService$1.onStartJob(JobService.java:71)
02-04 05:46:29.813 23503 23503 E ActivityThread: 	at android.app.job.JobServiceEngine$JobHandler.handleMessage(JobServiceEngine.java:108)
02-04 05:46:29.813 23503 23503 E ActivityThread: 	at android.os.Handler.dispatchMessage(Handler.java:106)
02-04 05:46:29.813 23503 23503 E ActivityThread: 	at android.os.Looper.loop(Looper.java:164)
02-04 05:46:29.813 23503 23503 E ActivityThread: 	at android.app.ActivityThread.main(ActivityThread.java:6499)
02-04 05:46:29.813 23503 23503 E ActivityThread: 	at java.lang.reflect.Method.invoke(Native Method)
02-04 05:46:29.813 23503 23503 E ActivityThread: 	at com.android.internal.os.RuntimeInit$MethodAndArgsCaller.run(RuntimeInit.java:440)
02-04 05:46:29.813 23503 23503 E ActivityThread: 	at com.android.internal.os.ZygoteInit.main(ZygoteInit.java:807)
02-04 05:46:49.177   571  3273 I chatty  : uid=1000(system) Binder:571_9 expire 1 line
02-04 05:46:49.615   571 13851 I chatty  : uid=1000(system) Binder:571_19 expire 1 line
02-04 05:47:07.793   571   594 I chatty  : uid=1000(system) batterystats-wo expire 15 lines
02-04 05:47:41.117   571  3207 I chatty  : uid=1000(system) Binder:571_8 expire 1 line
02-04 05:56:31.859   571   594 I chatty  : uid=1000(system) batterystats-wo expire 55 lines
02-04 05:58:57.801   571   571 I chatty  : uid=1000 system_server expire 11 lines
02-04 06:01:00.090   571   591 I chatty  : uid=1000(system) ActivityManager expire 20 lines
02-04 06:06:26.250   571   590 I chatty  : uid=1000(system) android.bg expire 6 lines
02-04 06:16:30.607   571 13846 I chatty  : uid=1000(system) Binder:571_14 expire 3 lines
02-04 06:17:21.294   571  1294 I chatty  : uid=1000(system) AlarmManager expire 1 line
02-04 06:17:21.422   571  1327 I chatty  : uid=1000(system) NetworkPolicy expire 15 lines
02-04 06:17:21.775   571  1759 I chatty  : uid=1000(system) Binder:571_4 expire 1 line
02-04 06:17:38.110   571 13848 I chatty  : uid=1000(system) Binder:571_16 expire 3 lines
02-04 07:32:29.822   571  5265 I chatty  : uid=1000(system) Binder:571_E expire 4 lines
02-04 07:33:13.651  3114  3129 V PackageManager: [a7bc49d5-af99-40f9-91c4-a8ddb420a199] Phase1 called; posting
02-04 07:33:13.651  3114  3114 D PackageManager: [a7bc49d5-af99-40f9-91c4-a8ddb420a199] Phase1 request; prefix: [-1905897472]
02-04 07:33:13.731 27852 27877 V FingerprintManager: FingerprintManagerService was null
02-04 07:33:34.612   571  3449 I chatty  : uid=1000(system) Binder:571_B expire 2 lines
02-04 07:58:37.961   571   594 I chatty  : uid=1000(system) batterystats-wo expire 13 lines
02-04 08:08:38.263   571   607 I chatty  : uid=1000(system) PowerManagerSer expire 16 lines
02-04 08:08:38.264   571   603 I chatty  : uid=1000(system) android.fg expire 8 lines
02-04 08:08:38.266   571  5321 I chatty  : uid=1000(system) Binder:571_11 expire 1 line
02-04 08:08:48.670   571   605 I chatty  : uid=1000(system) android.display expire 2 lines
02-04 08:35:39.537   571  1317 I chatty  : uid=1000(system) InputReader expire 2 lines
02-04 08:35:40.030   571  5297 I chatty  : uid=1000(system) Binder:571_F expire 1 line
02-04 08:35:42.233   571  1997 I chatty  : uid=1000(system) Binder:571_5 expire 2 lines
02-04 08:35:43.653   571 13845 I chatty  : uid=1000(system) Binder:571_13 expire 1 line
02-04 08:35:44.139   571  3448 I chatty  : uid=1000(system) Binder:571_A expire 2 lines
02-04 08:35:45.588   296   296 W wificond: Scan is not started. Ignore abort request
02-04 08:35:45.636   571   591 I chatty  : uid=1000(system) ActivityManager expire 12 lines
02-04 08:35:45.808   571  1333 I chatty  : uid=1000(system) WifiStateMachin expire 1 line
02-04 08:35:45.808   571  1340 I chatty  : uid=1000(system) ConnectivitySer expire 7 lines
02-04 08:35:49.297   571  1339 I chatty  : uid=1000(system) WifiP2pService expire 1 line
02-04 08:35:52.034   571   594 I chatty  : uid=1000(system) batterystats-wo expire 2 lines
02-04 08:35:52.035   571  1327 I chatty  : uid=1000(system) NetworkPolicy expire 9 lines
02-04 08:35:52.312  3114  3625 V PackageManager: [73831f15-411c-408e-bf2b-172b54c16c72] Phase1 called; posting
02-04 08:35:52.312  3114  3114 D PackageManager: [73831f15-411c-408e-bf2b-172b54c16c72] Phase1 request; prefix: [610275328, -649494528]
02-04 08:35:53.491   571  3273 I chatty  : uid=1000(system) Binder:571_9 expire 1 line
02-04 08:35:53.533   571  3474 I chatty  : uid=1000(system) Binder:571_D expire 2 lines
02-04 08:35:53.845   571   583 I chatty  : uid=1000(system) Binder:571_1 expire 1 line
02-04 08:35:55.099 30040 30040 D ActivityThread: Loading provider com.google.android.gm.sapi: com.google.android.gm.sapi.SapiUiProvider
02-04 08:35:55.127 30040 30131 D ActivityThread: Loading provider com.google.android.gmail.provider;com.android.mail.notifier;com.google.android.gm.email.provider;com.google.android.gm.tasks.provider;com.google.android.gm.email.notifier: com.android.email.provider.EmailProvider
02-04 08:35:55.378   571   571 I chatty  : uid=1000 system_server expire 1 line
02-04 08:35:56.268   571  3452 I chatty  : uid=1000(system) Binder:571_C expire 1 line
02-04 08:35:58.333   571  2057 I chatty  : uid=1000(system) Binder:571_7 expire 1 line
02-04 08:35:59.230   571  2055 I chatty  : uid=1000(system) Binder:571_6 expire 1 line
02-04 08:35:59.477   571 13850 I chatty  : uid=1000(system) Binder:571_18 expire 8 lines
02-04 08:36:01.824   571  1759 I chatty  : uid=1000(system) Binder:571_4 expire 8 lines
02-04 08:36:01.905   571   584 I chatty  : uid=1000(system) Binder:571_2 expire 7 lines
02-04 08:36:03.975   571  2055 I chatty  : uid=1000(system) Binder:571_6 expire 8 lines
02-04 08:36:16.880   571   591 I chatty  : uid=1000(system) ActivityManager expire 11 lines
02-04 08:36:17.200   571 13845 I chatty  : uid=1000(system) Binder:571_13 expire 4 lines
02-04 08:36:17.596   571  3452 I chatty  : uid=1000(system) Binder:571_C expire 7 lines
02-04 08:36:17.753   571 13849 I chatty  : uid=1000(system) Binder:571_17 expire 4 lines
02-04 08:36:18.466   571  3448 I chatty  : uid=1000(system) Binder:571_A expire 2 lines
02-04 08:36:18.758   571  2057 I chatty  : uid=1000(system) Binder:571_7 expire 3 lines
02-04 08:36:18.794   571  5265 I chatty  : uid=1000(system) Binder:571_E expire 7 lines
02-04 08:36:18.806   571  5298 I chatty  : uid=1000(system) Binder:571_10 expire 6 lines
02-04 08:36:18.837   571   583 I chatty  : uid=1000(system) Binder:571_1 expire 3 lines
02-04 08:36:18.872   571 13844 I chatty  : uid=1000(system) Binder:571_12 expire 5 lines
02-04 08:36:19.089   571 13847 I chatty  : uid=1000(system) Binder:571_15 expire 4 lines
02-04 08:36:19.175   571 13851 I chatty  : uid=1000(system) Binder:571_19 expire 5 lines
02-04 08:36:21.065   571 13848 I chatty  : uid=1000(system) Binder:571_16 expire 9 lines
02-04 08:36:21.262   571  1677 I chatty  : uid=1000(system) Binder:571_3 expire 4 lines
02-04 08:36:21.313   571  3449 I chatty  : uid=1000(system) Binder:571_B expire 2 lines
02-04 08:36:22.208   571  3273 I chatty  : uid=1000(system) Binder:571_9 expire 4 lines
02-04 08:36:22.261   571   592 I chatty  : uid=1000(system) android.ui expire 11 lines
02-04 08:36:23.142   571  5321 I chatty  : uid=1000(system) Binder:571_11 expire 6 lines
02-04 08:36:56.013   571  1327 I chatty  : uid=1000(system) NetworkPolicy expire 24 lines
02-04 08:37:10.295   571  5297 I chatty  : uid=1000(system) Binder:571_F expire 4 lines
02-04 08:37:10.963   571  3207 I chatty  : uid=1000(system) Binder:571_8 expire 3 lines
02-04 08:37:19.723   571   571 I chatty  : uid=1000 system_server expire 10 lines
02-04 08:37:20.356   571  1997 I chatty  : uid=1000(system) Binder:571_5 expire 2 lines
02-04 08:37:27.831   571 13846 I chatty  : uid=1000(system) Binder:571_14 expire 1 line
02-04 08:38:01.802   571  3474 I chatty  : uid=1000(system) Binder:571_D expire 2 lines
02-04 08:39:22.718  3114  3499 V PackageManager: [c231e358-0c31-4cf5-a0b3-75f404fbd2ac] Phase1 called; posting
02-04 08:39:22.718  3114  3114 D PackageManager: [c231e358-0c31-4cf5-a0b3-75f404fbd2ac] Phase1 request; prefix: [1208311808, 305614848]
02-04 08:39:22.726  3114  3624 V PackageManager: [02bed26b-23bb-4963-b768-9d48f1f29fb8] Phase1 called; posting
02-04 08:39:22.726  3114  3114 D PackageManager: [02bed26b-23bb-4963-b768-9d48f1f29fb8] Phase1 request; prefix: [1208311808, 305614848]
02-04 08:39:26.390   571   594 I chatty  : uid=1000(system) batterystats-wo expire 15 lines
02-04 08:39:28.214  3114  3499 V PackageManager: [dfc71acd-232c-4ab7-80b9-585a867e797b] Phase1 called; posting
02-04 08:39:28.214  3114  3114 D PackageManager: [dfc71acd-232c-4ab7-80b9-585a867e797b] Phase1 request; prefix: [1208311808, 305614848]
02-04 08:39:38.846   571  1327 I chatty  : uid=1000(system) NetworkPolicy expire 6 lines
02-04 08:40:51.767  3114  3624 V PackageManager: [e311e915-76a5-417f-a21c-3f50a438d37e] Phase1 called; posting
02-04 08:40:51.767  3114  3114 D PackageManager: [e311e915-76a5-417f-a21c-3f50a438d37e] Phase1 request; prefix: [1208311808, 305614848]
02-04 08:40:51.779  3114  3129 V PackageManager: [377a86f5-dd4e-457c-acb1-7547a986890f] Phase1 called; posting
02-04 08:40:51.779  3114  3114 D PackageManager: [377a86f5-dd4e-457c-acb1-7547a986890f] Phase1 request; prefix: [1208311808, 305614848]
02-04 08:41:06.237   571   603 I chatty  : uid=1000(system) android.fg expire 2 lines
02-04 08:41:07.908  3114  3624 V PackageManager: [8334f4ee-f926-4a10-83eb-4363edd2602c] Phase1 called; posting
02-04 08:41:07.908  3114  3114 D PackageManager: [8334f4ee-f926-4a10-83eb-4363edd2602c] Phase1 request; prefix: [1208311808, 305614848]
02-04 08:41:07.931  3114  3499 V PackageManager: [2fa893af-6f81-4bae-8b4a-72a964665052] Phase1 called; posting
02-04 08:41:07.931  3114  3114 D PackageManager: [2fa893af-6f81-4bae-8b4a-72a964665052] Phase1 request; prefix: [1208311808, 305614848]
02-04 08:41:15.763   571   590 I chatty  : uid=1000(system) android.bg expire 1 line
02-04 08:41:16.108  2081  2081 D ActivityThread: Loading provider com.google.android.gm.sapi: com.google.android.gm.sapi.SapiUiProvider
02-04 08:41:16.129  2081  2114 D ActivityThread: Loading provider com.google.android.gmail.provider;com.android.mail.notifier;com.google.android.gm.email.provider;com.google.android.gm.tasks.provider;com.google.android.gm.email.notifier: com.android.email.provider.EmailProvider
02-04 08:41:53.631   571   591 I chatty  : uid=1000(system) ActivityManager expire 16 lines
02-04 08:42:01.230  3114  3499 V PackageManager: [5f8fdb07-24cf-40d4-bd43-be93686ac535] Phase1 called; posting
02-04 08:42:01.230  3114  3114 D PackageManager: [5f8fdb07-24cf-40d4-bd43-be93686ac535] Phase1 request; prefix: [1208311808, 305614848]
02-04 08:42:01.239  3114  4725 V PackageManager: [5f5b6e3b-543e-46d5-908f-bfe291abc02b] Phase1 called; posting
02-04 08:42:01.240  3114  3114 D PackageManager: [5f5b6e3b-543e-46d5-908f-bfe291abc02b] Phase1 request; prefix: [1208311808, 305614848]
