02-04 16:11:15.529 22751 22774 I Bugle   : Carrier configs loaded: Bundle[{httpSocketTimeout=60000, aliasMinChars=2, smsToMmsTextThreshold=-1, enableSMSDeliveryReports=true, maxMessageTextSize=-1, supportMmsContentDisposition=true, enabledTransID=false, aliasEnabled=false, supportHttpCharsetHeader=false, allowAttachAudio=true, smsToMmsTextLengthThreshold=-1, recipientLimit=2147483647, uaProfTagName=x-wap-profile, aliasMaxChars=48, maxImageHeight=480, enableMMSDeliveryReports=false, userAgent=, mmsCloseConnection=false, config_cellBroadcastAppLinks=true, maxSubjectLength=40, httpParams=, enableGroupMms=true, emailGatewayNumber=, maxMessageSize=307200, naiSuffix=, enableMMSReadReports=false, maxImageWidth=640, uaProfUrl=, enabledMMS=true, enabledNotifyWapMMSC=false, sendMultipartSmsAsSeparateMessages=false, enableMultipartSMS=true}] from resources+system for subId=1
02-04 16:11:15.530 22751 22751 E CarrierServices: [2] e.a: Cannot get service version because CS.apk was not found, not pre-loaded or disabled.
02-04 16:11:15.530 22751 22751 E CarrierServices: [2] e.d: No supported version found
02-04 16:11:15.530 22751 22751 W CarrierServices: [2] e.a: Service with meta data key: JibeServiceApiVersions is not compatible. Service Version 1 is not supported. Supported versions: []
02-04 16:11:15.532 22751 22751 I CarrierServices: [2] e.f: Not using CS JibeService because it is not compatible with AM.
02-04 16:11:15.532 22751 22751 I CarrierServices: [2] a.connect: Binding to JibeService in Bugle.
02-04 16:11:15.533 18112 18112 I BugleRcsEngine: [2] a.c: Initializing Carrier Services Logging.
02-04 16:11:15.534 18112 18112 D BugleRcsEngine: log_saver already enabled
02-04 16:11:15.534   571  5297 D ConnectivityService: Returning UNBLOCKED NetworkInfo to uid=10102
02-04 16:11:15.537 22751 22751 I BugleRcs: RCS availability is already updating
02-04 16:11:15.537 18112 18112 W BugleRcsEngine: [2] e.i: Carrier Services Apk was not found.
02-04 16:11:15.537 18112 18112 E BugleRcsEngine: [2] e.a: Cannot get service version because CS.apk was not found, not pre-loaded or disabled.
02-04 16:11:15.537 18112 18112 E BugleRcsEngine: [2] e.d: No supported version found
02-04 16:11:15.538 18112 18112 W BugleRcsEngine: [2] e.a: Service with meta data key: forwardConnectivityEvents is not compatible. Service Version 2 is not supported. Supported versions: []
02-04 16:11:15.542 18112 18112 W BugleRcsEngine: [2] e.i: Carrier Services Apk was not found.
02-04 16:11:15.542 18112 18112 E BugleRcsEngine: [2] e.a: Cannot get service version because CS.apk was not found, not pre-loaded or disabled.
02-04 16:11:15.542 18112 18112 E BugleRcsEngine: [2] e.d: No supported version found
02-04 16:11:15.543 18112 18112 W BugleRcsEngine: [2] e.a: Service with meta data key: forwardConnectivityEvents is not compatible. Service Version 2 is not supported. Supported versions: []
02-04 16:11:15.544   571  1759 D ConnectivityService: requestNetwork for uid/pid:10102/18112 NetworkRequest [ TRACK_DEFAULT id=106, [ Capabilities: INTERNET&NOT_RESTRICTED&TRUSTED&NOT_VPN] ]
02-04 16:11:15.545 18112 22780 I Bugle   : GServicesValues:
02-04 16:11:15.545 18112 22780 I Bugle   : bugle_enable_primes_crash_metrics: true
02-04 16:11:15.545 18112 22780 I Bugle   : bugle_max_telemetry_upload_retries: 10
02-04 16:11:15.545 18112 22780 I Bugle   : bugle_sticker_set_list_version: 3
02-04 16:11:15.546   571 13848 W ActivityManager: Background start not allowed: service Intent { cmp=com.google.android.apps.messaging/.shared.datamodel.action.ActionExecutorImpl$EmptyService } to com.google.android.apps.messaging/.shared.datamodel.action.ActionExecutorImpl$EmptyService from pid=22751 uid=10102 pkg=com.google.android.apps.messaging
02-04 16:11:15.547   571  1628 I chatty  : uid=1000(system) EthernetService expire 1 line
02-04 16:11:15.548 22751 22778 W Bugle   : canonicalizeMccMnc: invalid mccmnc:null ,null
02-04 16:11:15.548   571  1333 I chatty  : uid=1000(system) WifiStateMachin expire 2 lines
02-04 16:11:15.549  1905  1905 D PhoneSwitcherNetworkRequstListener: got request NetworkRequest [ TRACK_DEFAULT id=106, [ Capabilities: INTERNET&NOT_RESTRICTED&TRUSTED&NOT_VPN] ] with score 60
02-04 16:11:15.551   571 13847 D MmsServiceBroker: getCarrierConfigValues() by com.google.android.apps.messaging
02-04 16:11:15.551  1905  3514 D MmsService: getCarrierConfigValues
02-04 16:11:15.551  1905  3514 I MmsService: mms config for sub 1: Bundle[{httpSocketTimeout=60000, aliasMinChars=2, smsToMmsTextThreshold=-1, enableSMSDeliveryReports=true, maxMessageTextSize=-1, supportMmsContentDisposition=true, enabledTransID=false, aliasEnabled=false, supportHttpCharsetHeader=false, allowAttachAudio=true, smsToMmsTextLengthThreshold=-1, recipientLimit=2147483647, uaProfTagName=x-wap-profile, aliasMaxChars=48, maxImageHeight=480, enableMMSDeliveryReports=false, userAgent=, mmsCloseConnection=false, config_cellBroadcastAppLinks=true, maxSubjectLength=40, httpParams=, enableGroupMms=true, emailGatewayNumber=, maxMessageSize=307200, naiSuffix=, enableMMSReadReports=false, maxImageWidth=640, uaProfUrl=, enabledMMS=true, enabledNotifyWapMMSC=false, sendMultipartSmsAsSeparateMessages=false, enableMultipartSMS=true}]
02-04 16:11:15.551 18112 18134 I BugleRcsEngine: [1261] g.b: Connected state: [1], networkType: [WIFI]
02-04 16:11:15.552 22751 22774 I BugleDataModel: failed to start protective service, will try laterjava.lang.IllegalStateException: Not allowed to start service Intent { cmp=com.google.android.apps.messaging/.shared.datamodel.action.ActionExecutorImpl$EmptyService }: app is in background uid UidRecord{f43bfbd u0a102 SVC  bg:+9m8s563ms idle change:uncached procs:2 seq(7,7,7)}
02-04 16:11:15.554 22751 22771 I ShortcutBadger: Checking if platform supports badge counters, attempt 1/3.
02-04 16:11:15.555 22751 22778 I Bugle   : Carrier configs loaded: Bundle[{httpSocketTimeout=60000, aliasMinChars=2, smsToMmsTextThreshold=-1, enableSMSDeliveryReports=true, maxMessageTextSize=-1, supportMmsContentDisposition=true, enabledTransID=false, aliasEnabled=false, supportHttpCharsetHeader=false, allowAttachAudio=true, smsToMmsTextLengthThreshold=-1, recipientLimit=2147483647, uaProfTagName=x-wap-profile, aliasMaxChars=48, maxImageHeight=480, enableMMSDeliveryReports=false, userAgent=, mmsCloseConnection=false, config_cellBroadcastAppLinks=true, maxSubjectLength=40, httpParams=, enableGroupMms=true, emailGatewayNumber=, maxMessageSize=307200, naiSuffix=, enableMMSReadReports=false, maxImageWidth=640, uaProfUrl=, enabledMMS=true, enabledNotifyWapMMSC=false, sendMultipartSmsAsSeparateMessages=false, enableMultipartSMS=true}] from resources+system for subId=1
02-04 16:11:15.557  3253  3348 W OpenGLRenderer: Incorrectly called buildLayer on View: ShortcutAndWidgetContainer, destroying layer...
02-04 16:11:15.569 22751 22771 I ShortcutBadger: Checking if platform supports badge counters, attempt 2/3.
02-04 16:11:15.570 22751 22778 E BugleRcs: couldn't get package info for carrier services package with name com.google.android.ims
02-04 16:11:15.574 22751 22778 E BugleRcs: android.content.pm.PackageManager$NameNotFoundException: com.google.android.ims
02-04 16:11:15.574 22751 22778 E BugleRcs: 	at android.app.ApplicationPackageManager.getPackageInfoAsUser(ApplicationPackageManager.java:173)
02-04 16:11:15.574 22751 22778 E BugleRcs: 	at android.app.ApplicationPackageManager.getPackageInfo(ApplicationPackageManager.java:144)
02-04 16:11:15.574 22751 22778 E BugleRcs: 	at com.google.android.apps.messaging.shared.util.bu.<init>(SourceFile:17)
02-04 16:11:15.574 22751 22778 E BugleRcs: 	at com.google.android.apps.messaging.shared.util.bu.a(SourceFile:3)
02-04 16:11:15.574 22751 22778 E BugleRcs: 	at com.google.android.apps.messaging.a.cs.a(SourceFile:134)
02-04 16:11:15.574 22751 22778 E BugleRcs: 	at com.google.android.apps.messaging.shared.util.a.o.doInBackground(SourceFile:28)
02-04 16:11:15.574 22751 22778 E BugleRcs: 	at android.os.AsyncTask$2.call(AsyncTask.java:333)
02-04 16:11:15.574 22751 22778 E BugleRcs: 	at java.util.concurrent.FutureTask.run(FutureTask.java:266)
02-04 16:11:15.574 22751 22778 E BugleRcs: 	at java.util.concurrent.ThreadPoolExecutor.runWorker(ThreadPoolExecutor.java:1162)
02-04 16:11:15.574 22751 22778 E BugleRcs: 	at java.util.concurrent.ThreadPoolExecutor$Worker.run(ThreadPoolExecutor.java:636)
02-04 16:11:15.574 22751 22778 E BugleRcs: 	at java.lang.Thread.run(Thread.java:764)
02-04 16:11:15.574 22751 22778 I BugleRcs: No minimum Cs.apk version is set, not checking Cs.apk version
02-04 16:11:15.576 22751 22771 I ShortcutBadger: Checking if platform supports badge counters, attempt 3/3.
02-04 16:11:15.577 18112 18112 W RcsProvisioning: Failed to read configuration: /data/user/0/com.google.android.apps.messaging/files/rcsconfig (No such file or directory)
02-04 16:11:15.577 18112 18112 D RcsProvisioning: Retrieving backup token
02-04 16:11:15.583 22751 22771 W ShortcutBadger: Badge counter seems not supported in this platform: unable to resolve intent: Intent { act=android.intent.action.BADGE_COUNT_UPDATE (has extras) }
02-04 16:11:15.585 22751 22779 W Bugle   : canonicalizeMccMnc: invalid mccmnc:null ,null
02-04 16:11:15.587   571  5297 D MmsServiceBroker: getCarrierConfigValues() by com.google.android.apps.messaging
02-04 16:11:15.588  1905  1928 D MmsService: getCarrierConfigValues
02-04 16:11:15.588  1905  1928 I MmsService: mms config for sub 1: Bundle[{httpSocketTimeout=60000, aliasMinChars=2, smsToMmsTextThreshold=-1, enableSMSDeliveryReports=true, maxMessageTextSize=-1, supportMmsContentDisposition=true, enabledTransID=false, aliasEnabled=false, supportHttpCharsetHeader=false, allowAttachAudio=true, smsToMmsTextLengthThreshold=-1, recipientLimit=2147483647, uaProfTagName=x-wap-profile, aliasMaxChars=48, maxImageHeight=480, enableMMSDeliveryReports=false, userAgent=, mmsCloseConnection=false, config_cellBroadcastAppLinks=true, maxSubjectLength=40, httpParams=, enableGroupMms=true, emailGatewayNumber=, maxMessageSize=307200, naiSuffix=, enableMMSReadReports=false, maxImageWidth=640, uaProfUrl=, enabledMMS=true, enabledNotifyWapMMSC=false, sendMultipartSmsAsSeparateMessages=false, enableMultipartSMS=true}]
02-04 16:11:15.590 22751 22779 I Bugle   : Carrier configs loaded: Bundle[{httpSocketTimeout=60000, aliasMinChars=2, smsToMmsTextThreshold=-1, enableSMSDeliveryReports=true, maxMessageTextSize=-1, supportMmsContentDisposition=true, enabledTransID=false, aliasEnabled=false, supportHttpCharsetHeader=false, allowAttachAudio=true, smsToMmsTextLengthThreshold=-1, recipientLimit=2147483647, uaProfTagName=x-wap-profile, aliasMaxChars=48, maxImageHeight=480, enableMMSDeliveryReports=false, userAgent=, mmsCloseConnection=false, config_cellBroadcastAppLinks=true, maxSubjectLength=40, httpParams=, enableGroupMms=true, emailGatewayNumber=, maxMessageSize=307200, naiSuffix=, enableMMSReadReports=false, maxImageWidth=640, uaProfUrl=, enabledMMS=true, enabledNotifyWapMMSC=false, sendMultipartSmsAsSeparateMessages=false, enableMultipartSMS=true}] from resources+system for subId=1
02-04 16:11:15.593 22751 22768 I BugleBackup: Registering preference change listener for "buglesub_1".
02-04 16:11:15.601   571 13844 W ActivityManager: Background start not allowed: service Intent { cmp=com.google.android.apps.messaging/.shared.datamodel.action.ActionExecutorImpl$EmptyService } to com.google.android.apps.messaging/.shared.datamodel.action.ActionExecutorImpl$EmptyService from pid=22751 uid=10102 pkg=com.google.android.apps.messaging
02-04 16:11:15.601 22751 22751 I BugleDataModel: failed to start protective service, will try laterjava.lang.IllegalStateException: Not allowed to start service Intent { cmp=com.google.android.apps.messaging/.shared.datamodel.action.ActionExecutorImpl$EmptyService }: app is in background uid UidRecord{f43bfbd u0a102 SVC  bg:+9m8s618ms idle change:uncached procs:2 seq(7,7,7)}
02-04 16:11:15.602 22751 22771 V Bugle   : Committing bugle phenotype.
02-04 16:11:15.608 22751 22778 I BugleRcs: RcsAvailability updated: We aren't the default SMS app
02-04 16:11:15.609 22751 22751 I BugleRcs: Broadcast disable RCS for availability (5)
02-04 16:11:15.611 22751 22751 W CarrierServices: [2] e.i: Carrier Services Apk was not found.
02-04 16:11:15.611 22751 22751 E CarrierServices: [2] e.a: Cannot get service version because CS.apk was not found, not pre-loaded or disabled.
02-04 16:11:15.611 22751 22751 E CarrierServices: [2] e.d: No supported version found
02-04 16:11:15.611 22751 22751 W CarrierServices: [2] e.a: Service with meta data key: JibeServiceApiVersions is not compatible. Service Version 1 is not supported. Supported versions: []
02-04 16:11:15.611 22751 22751 I CarrierServices: [2] e.f: Not using CS JibeService because it is not compatible with AM.
02-04 16:11:15.686 18112 18112 D RcsProvisioning: No backup token found
02-04 16:11:15.686 18112 18112 I BugleRcsEngine: [2] u.<init>: RcsEngine: Constructor running in com.google.android.apps.messaging
02-04 16:11:15.692 18112 18112 W BugleRcsEngine: [2] b.a: No config URL. RCS will be disabled!
02-04 16:11:15.717 18112 18112 D BugleRcsEngine: log_saver already enabled
02-04 16:11:15.733 18112 18112 W BugleRcsEngine: [2] e.i: Carrier Services Apk was not found.
02-04 16:11:15.734 18112 18112 E BugleRcsEngine: [2] e.a: Cannot get service version because CS.apk was not found, not pre-loaded or disabled.
02-04 16:11:15.734 18112 18112 E BugleRcsEngine: [2] e.d: No supported version found
02-04 16:11:15.734 18112 18112 W BugleRcsEngine: [2] e.a: Service with meta data key: JibeServiceApiVersions is not compatible. Service Version 1 is not supported. Supported versions: []
02-04 16:11:15.735 18112 18112 I BugleRcsEngine: [2] e.f: Not using CS JibeService because it is not compatible with AM.
02-04 16:11:20.260 22751 22765 I zygote  : Waiting for a blocking GC ProfileSaver
02-04 16:11:20.273 22751 22765 I zygote  : WaitForGcToComplete blocked ProfileSaver on AddRemoveAppImageSpace for 12.442ms
02-04 16:11:28.467   269  2874 E WifiHAL : Received UMAC message with insufficent length: 128
02-04 16:11:28.467   269  2874 E WifiHAL : Received UMAC message with insufficent length: 914
02-04 16:11:28.469   269  2874 E WifiHAL : Received UMAC message with insufficent length: 48
02-04 16:11:28.491 14663 14663 I chatty  : uid=10012(com.android.vending) expire 6 lines
02-04 16:11:28.534   269  2874 E WifiHAL : Received UMAC message with insufficent length: 914
02-04 16:11:28.534   269  2874 E WifiHAL : Received UMAC message with insufficent length: 128
02-04 16:11:28.535   269  2874 E WifiHAL : Received UMAC message with insufficent length: 128
02-04 16:11:28.797 14663 14686 I chatty  : uid=10012(com.android.vending) libraries-threa expire 1 line
02-04 16:11:28.798 14663 14663 I chatty  : uid=10012(com.android.vending) expire 6 lines
02-04 16:11:32.000 22825 22825 D AndroidRuntime: >>>>>> START com.android.internal.os.RuntimeInit uid 2000 <<<<<<
02-04 16:11:32.006 22825 22825 E cutils-trace: Error opening trace file: No such file or directory (2)
02-04 16:11:32.010 22825 22825 W app_process: Could not reserve sentinel fault page
02-04 16:11:32.157 22825 22825 D AndroidRuntime: Calling main entry com.android.commands.pm.Pm
02-04 16:11:32.186 22825 22837 W MessageQueue: Handler (android.os.Handler) {dd219d3} sending message to a Handler on a dead thread
02-04 16:11:32.186 22825 22837 W MessageQueue: java.lang.IllegalStateException: Handler (android.os.Handler) {dd219d3} sending message to a Handler on a dead thread
02-04 16:11:32.186 22825 22837 W MessageQueue: 	at android.os.MessageQueue.enqueueMessage(MessageQueue.java:545)
02-04 16:11:32.186 22825 22837 W MessageQueue: 	at android.os.Handler.enqueueMessage(Handler.java:662)
02-04 16:11:32.186 22825 22837 W MessageQueue: 	at android.os.Handler.sendMessageAtTime(Handler.java:631)
02-04 16:11:32.186 22825 22837 W MessageQueue: 	at android.os.Handler.sendMessageDelayed(Handler.java:601)
02-04 16:11:32.186 22825 22837 W MessageQueue: 	at android.os.Handler.post(Handler.java:357)
02-04 16:11:32.186 22825 22837 W MessageQueue: 	at android.os.ResultReceiver$MyResultReceiver.send(ResultReceiver.java:57)
02-04 16:11:32.186 22825 22837 W MessageQueue: 	at com.android.internal.os.IResultReceiver$Stub.onTransact(IResultReceiver.java:58)
02-04 16:11:32.186 22825 22837 W MessageQueue: 	at android.os.Binder.execTransact(Binder.java:697)
02-04 16:11:32.187 22825 22825 I app_process: System.exit called, status: 0
02-04 16:11:32.187 22825 22825 I AndroidRuntime: VM exiting with result code 0.
02-04 16:11:32.570 18307 22851 I wao     : Launching job OfflineSearchIndexingJob
02-04 16:11:32.572 18307 22851 I waa     : Starting Job(OfflineSearchIndexingJob#0.40) (priority=0)
02-04 16:11:32.573 18307 22849 I wnp     : Job(OfflineSearchIndexingJob#0.40) Started new READ_ONLY transaction readtx36 [readDatabaseResultsToIndex]
02-04 16:11:32.576 18307 18376 I wnp     : Closing transaction readtx36 [readDatabaseResultsToIndex]: Stats[1 Reads (rows: 1)]
02-04 16:11:32.577 18307 22852 I mqc     : Job(OfflineSearchIndexingJob#0.40) Already caught up to the current max write_sequence_id
02-04 16:11:32.577 18307 22852 I mqc     : Job(OfflineSearchIndexingJob#0.40) Scheduling next offline search indexing in 60000 ms
02-04 16:11:32.577 18307 22852 I waa     : Job(OfflineSearchIndexingJob#0.40) Finished Job(OfflineSearchIndexingJob#0.40) (5 ms)
02-04 16:11:32.591 14314 14314 E adbd    : failed to connect to socket 'localabstract:com.example.prasant.handlerandlooper': Connection refused
02-04 16:11:33.167 22853 22853 D AndroidRuntime: >>>>>> START com.android.internal.os.RuntimeInit uid 2000 <<<<<<
02-04 16:11:33.175 22853 22853 E cutils-trace: Error opening trace file: No such file or directory (2)
02-04 16:11:33.179 22853 22853 W app_process: Could not reserve sentinel fault page
02-04 16:11:33.345 22853 22853 D AndroidRuntime: Calling main entry com.android.commands.pm.Pm
02-04 16:11:33.369 22853 22853 I app_process: System.exit called, status: 0
02-04 16:11:33.369 22853 22853 I AndroidRuntime: VM exiting with result code 0.
02-04 16:11:36.787   571   607 I PowerManagerService: Nap time (uid 1000)...
02-04 16:11:36.788   571   607 I PowerManagerService: Going to sleep due to screen timeout (uid 1000)...
02-04 16:11:36.811  7358  7358 I GoogleInputMethod: onFinishInput() : Dummy InputConnection bound
02-04 16:11:36.812  7358  7358 I GoogleInputMethod: onStartInput() : Dummy InputConnection bound
02-04 16:11:37.001  3268 16323 W GmsLocationProvider: Error removing location updates: 16
02-04 16:11:37.150   571   607 I DisplayPowerController: Blocking screen off
02-04 16:11:37.150   571   607 I DisplayPowerController: Unblocked screen off after 0 ms
02-04 16:11:37.152   571   607 E KernelWakelockReader: neither /proc/wakelocks nor /d/wakeup_sources exists
02-04 16:11:37.152   571   607 W BatteryStatsImpl: Couldn't get kernel wake lock stats
02-04 16:11:37.162   571   607 I chatty  : uid=1000(system) PowerManagerSer expire 4 lines
02-04 16:11:37.179   571   605 I DisplayManagerService: Display device changed state: "Built-in Screen", OFF
02-04 16:11:37.182   276   276 D SurfaceFlinger: Set power mode=0, type=0 flinger=0xa5fd1000
02-04 16:11:37.183   276   276 D qdhwcomposer: hwc_setPowerMode: Setting mode 0 on display: 0
02-04 16:11:37.283  3268 19856 I PBSessionCacheImpl: Deleted sessionId[2557798047461] from persistence.
02-04 16:11:37.295  3268  3268 W SearchService: Abort, client detached.
02-04 16:11:37.372  3114  3114 I chatty  : uid=10027 com.google.android.gms.persistent expire 1 line
02-04 16:11:37.378  3114  5974 I chatty  : uid=10027(com.google.android.gms) Places expire 1 line
02-04 16:11:37.394   276   375 I qdhwcomposer: handle_blank_event: dpy:0 panel power state: 0
02-04 16:11:37.413   276   276 D qdhwcomposer: hwc_setPowerMode: Done setting mode 0 on display 0
02-04 16:11:37.414   571   607 I DreamManagerService: Entering dreamland.
02-04 16:11:37.414   571   607 I PowerManagerService: Dozing...
02-04 16:11:37.417   571   603 I DreamController: Starting dream: name=ComponentInfo{com.android.systemui/com.android.systemui.doze.DozeService}, isTest=false, canDoze=true, userId=0
02-04 16:11:37.420   571   603 D AutofillManagerService: Close system dialogs
02-04 16:11:37.442  1659  1659 D StatusBar: disable<e i a s b h r c s q >
02-04 16:11:37.443  1659  1659 D StatusBar: disable<e i a s b h r c s q >
02-04 16:11:37.450   284 17438 D audio_hw_primary: adev_set_parameters: enter: screen_state=off
02-04 16:11:37.452   269  2874 E WifiHAL : Received UMAC message with insufficent length: 48
02-04 16:11:37.466   269  2874 E WifiHAL : Received UMAC message with insufficent length: 48
02-04 16:11:37.478  1659  2017 W Adreno-EGL: <qeglDrvAPI_eglGetConfigAttrib:607>: EGL_BAD_ATTRIBUTE
02-04 16:11:37.479  1659  1659 D StatusBar: disable<e i a s b h r c s q >
02-04 16:11:37.480  1659  2017 D vndksupport: Loading /vendor/lib/hw/gralloc.msm8974.so from current namespace instead of sphal namespace.
02-04 16:11:37.483  1659  1659 D StatusBar: disable<e i a s b h r c s q >
02-04 16:11:37.485  1659  1659 D StatusBar: disable<e i a s b h r c s q >
02-04 16:11:37.511  3135  3135 I HwDetectorWithState: #performNextHotwordAction action: 2
02-04 16:11:37.513  3163  3412 E NxpTml  : _i2c_write() errno : 5
02-04 16:11:37.513  3163  3412 E NxpTml  : PN54X - Error in I2C Write.....
02-04 16:11:37.513  3163  3414 E NxpHal  : write error status = 0x1ff
02-04 16:11:37.513  3163  3375 E NxpHal  : write_unlocked failed - PN54X Maybe in Standby Mode - Retry
02-04 16:11:37.517  3114  3125 I chatty  : uid=10027(com.google.android.gms) HeapTaskDaemon expire 1 line
02-04 16:11:37.520   284 22589 D audio_hw_primary: in_standby: enter: stream (0xb1b5e000) usecase(9: audio-record)
02-04 16:11:37.565   284 22589 D hardware_info: hw_info_append_hw_type : device_name = voice-rec-mic
02-04 16:11:37.566   284 22589 D audio_hw_primary: in_set_parameters: enter: kvpairs=routing=0
02-04 16:11:37.568  3135  3135 I HotwordRecognitionRnr: Stopping hotword detection.
02-04 16:11:37.568   284 11451 D audio_hw_primary: adev_close_input_stream: enter:stream_handle(0xb1b5e000)
02-04 16:11:37.568   284 11451 D audio_hw_primary: in_standby: enter: stream (0xb1b5e000) usecase(9: audio-record)
02-04 16:11:37.569  3135  3497 I GsaVoiceInteractionSrv: HotwordCallback#onError
02-04 16:11:37.569  3135  3497 I HotwordRecognitionRnr: Catched InterruptedException
02-04 16:11:37.569  3135  3494 I GsaVoiceInteractionSrv: #onClosed - Hotword is not running
02-04 16:11:37.569  3135  3494 I HwDetectorWithState: #performNextHotwordAction action: 3
02-04 16:11:37.585  5812 22909 V b       : Syncing TimeServer
02-04 16:11:37.598  7358  7358 I GoogleInputMethod: onReceive() : Action = android.intent.action.SCREEN_OFF
02-04 16:11:37.669 22872 22872 D AndroidRuntime: >>>>>> START com.android.internal.os.RuntimeInit uid 2000 <<<<<<
02-04 16:11:37.674 22872 22872 E cutils-trace: Error opening trace file: No such file or directory (2)
02-04 16:11:37.677 22872 22872 W app_process: Could not reserve sentinel fault page
02-04 16:11:37.685  5812 22909 D a       : request time failed: java.io.IOException: sendto failed: EPERM (Operation not permitted)
02-04 16:11:37.685  5812 22909 V b       : Syncing TimeServer failed
02-04 16:11:37.842 22872 22872 D AndroidRuntime: Calling main entry com.android.commands.wm.Wm
02-04 16:11:37.851   571  3452 W WindowManager: Permission Denial: dismissKeyguard from pid=22872, uid=2000 requires android.permission.CONTROL_KEYGUARD
02-04 16:11:37.854 22872 22872 D AndroidRuntime: Shutting down VM
02-04 16:11:38.128   571  1123 D PackageInstaller: Inherited files: [/data/app/com.example.prasant.handlerandlooper-sneHpClJK2DvM13fiO_QGw==/base.apk, /data/app/com.example.prasant.handlerandlooper-sneHpClJK2DvM13fiO_QGw==/split_lib_dependencies_apk.apk, /data/app/com.example.prasant.handlerandlooper-sneHpClJK2DvM13fiO_QGw==/split_lib_slice_0_apk.apk, /data/app/com.example.prasant.handlerandlooper-sneHpClJK2DvM13fiO_QGw==/split_lib_slice_1_apk.apk, /data/app/com.example.prasant.handlerandlooper-sneHpClJK2DvM13fiO_QGw==/split_lib_slice_2_apk.apk, /data/app/com.example.prasant.handlerandlooper-sneHpClJK2DvM13fiO_QGw==/split_lib_slice_3_apk.apk, /data/app/com.example.prasant.handlerandlooper-sneHpClJK2DvM13fiO_QGw==/split_lib_slice_4_apk.apk, /data/app/com.example.prasant.handlerandlooper-sneHpClJK2DvM13fiO_QGw==/split_lib_slice_5_apk.apk, /data/app/com.example.prasant.handlerandlooper-sneHpClJK2DvM13fiO_QGw==/split_lib_slice_6_apk.apk, /data/app/com.example.prasant.handlerandlooper-sneHpClJK2DvM13fiO_QGw==/split_lib_slice_7_apk.apk, /data/app/com.example.prasant.handlerandlooper-sneHpClJK2DvM13fiO_QGw==/split_lib_slice_8_apk.apk, /data/app/com.example.prasant.handlerandlooper-sneHpClJK2DvM13fiO_QGw==/split_lib_slice_9_apk.apk, /data/app/com.example.prasant.handlerandlooper-sneHpClJK2DvM13fiO_QGw==/oat/arm/base.odex, /data/app/com.example.prasant.handlerandlooper-sneHpClJK2DvM13fiO_QGw==/oat/arm/base.vdex]
02-04 16:11:38.134   571  1123 D PackageInstaller: Linked 14 files into /data/app/vmdl974449528.tmp
02-04 16:11:38.203 14663 22930 I chatty  : uid=10012(com.android.vending) expire 9 lines
02-04 16:11:38.438 14663 22650 I chatty  : uid=10012(com.android.vending) expire 1 line
02-04 16:11:38.530 14663 14663 I chatty  : uid=10012(com.android.vending) expire 5 lines
02-04 16:11:38.611   571   617 W PackageParser: Unknown element under <manifest>: uses-sdk at /data/app/vmdl974449528.tmp/split_lib_resources_apk.apk Binary XML file line #7
02-04 16:11:38.649   571   591 I ActivityManager: Force stopping com.example.prasant.handlerandlooper appid=10134 user=-1: installPackageLI
02-04 16:11:38.746   571   617 I PackageManager: Package com.example.prasant.handlerandlooper codePath changed from /data/app/com.example.prasant.handlerandlooper-sneHpClJK2DvM13fiO_QGw== to /data/app/com.example.prasant.handlerandlooper-twq9W9GZ_Q9liP7ReZGWyQ==; Retaining data and using new
02-04 16:11:38.746   571   617 W PackageManager: Code path for com.example.prasant.handlerandlooper changing from /data/app/com.example.prasant.handlerandlooper-sneHpClJK2DvM13fiO_QGw== to /data/app/com.example.prasant.handlerandlooper-twq9W9GZ_Q9liP7ReZGWyQ==
02-04 16:11:38.746   571   617 W PackageManager: Resource path for com.example.prasant.handlerandlooper changing from /data/app/com.example.prasant.handlerandlooper-sneHpClJK2DvM13fiO_QGw== to /data/app/com.example.prasant.handlerandlooper-twq9W9GZ_Q9liP7ReZGWyQ==
02-04 16:11:39.003   571  1317 I PowerManagerService: Waking up from dozing (uid=1000 reason=android.policy:POWER)...
02-04 16:11:39.009   571   607 E KernelWakelockReader: neither /proc/wakelocks nor /d/wakeup_sources exists
02-04 16:11:39.009   571   607 W BatteryStatsImpl: Couldn't get kernel wake lock stats
02-04 16:11:39.020  1659  1659 D StatusBar: disable<e i a s b h r c s q >
02-04 16:11:39.039  7358  7358 I GoogleInputMethod: onFinishInput() : Dummy InputConnection bound
02-04 16:11:39.040  7358  7358 I GoogleInputMethod: onStartInput() : Dummy InputConnection bound
02-04 16:11:39.048  1659  1659 D StatusBar: disable<e i a s b h r c s q >
02-04 16:11:39.072   269  2874 E WifiHAL : Received UMAC message with insufficent length: 48
02-04 16:11:39.074   571   607 I DisplayPowerController: Blocking screen on until initial contents have been drawn.
02-04 16:11:39.073   269  2874 E WifiHAL : Received UMAC message with insufficent length: 48
02-04 16:11:39.075   284 17646 D audio_hw_primary: adev_set_parameters: enter: screen_state=on
02-04 16:11:39.078   269  2874 E WifiHAL : Received UMAC message with insufficent length: 48
02-04 16:11:39.086   269  2874 E WifiHAL : Received UMAC message with insufficent length: 48
02-04 16:11:39.111   276   276 D SurfaceFlinger: Set power mode=2, type=0 flinger=0xa5fd1000
02-04 16:11:39.111   276   276 D qdhwcomposer: hwc_setPowerMode: Setting mode 2 on display: 0
02-04 16:11:39.133   571   605 I DisplayManagerService: Display device changed state: "Built-in Screen", ON
02-04 16:11:39.142   571  1317 I WindowManager: Suppressed redundant power key press while already in the process of turning the screen on.
02-04 16:11:39.192  3268  3268 W SessionLifecycleManager: Handover failed. Creating new session controller.
02-04 16:11:39.196  1905  1905 D ServiceStateProvider: subId=1
02-04 16:11:39.200  3163  3412 E NxpTml  : _i2c_write() errno : 5
02-04 16:11:39.200  3163  3412 E NxpTml  : PN54X - Error in I2C Write.....
02-04 16:11:39.200  3163  3414 E NxpHal  : write error status = 0x1ff
02-04 16:11:39.200  3163  3375 E NxpHal  : write_unlocked failed - PN54X Maybe in Standby Mode - Retry
02-04 16:11:39.201  3135  3135 I HwDetectorWithState: #performNextHotwordAction action: 0
02-04 16:11:39.204  3268  3268 I OptInState: There is a new client and it does not support opt-in. Dropping request.
02-04 16:11:39.210   284   284 D audio_hw_primary: adev_open_input_stream: enter: sample_rate(16000) channel_mask(0x10) devices(0x80000004)        stream_handle(0xb21f3180) io_handle(2734) source(6)
02-04 16:11:39.211   284 22984 I AudioFlinger: AudioFlinger's thread 0xaf38ab40 tid=22984 ready to run
02-04 16:11:39.211   284 22984 D audio_hw_primary: in_standby: enter: stream (0xb21f3180) usecase(9: audio-record)
02-04 16:11:39.214   284 22984 D audio_hw_primary: in_standby: enter: stream (0xb21f3180) usecase(9: audio-record)
02-04 16:11:39.220   571 13845 I chatty  : uid=1000(system) Binder:571_13 expire 2 lines
02-04 16:11:39.220  3163 22975 D NfcService: Discovery configuration equal, not updating.
02-04 16:11:39.228   284 22984 D audio_hw_primary: in_set_parameters: enter: kvpairs=input_source=6;routing=-2147483644
02-04 16:11:39.230   284 22986 D audio_hw_primary: start_input_stream: enter: stream(0xb21f3180)usecase(9: audio-record)
02-04 16:11:39.230   284 22986 D audio_hw_primary: select_devices: out_snd_device(0: ) in_snd_device(65: voice-rec-mic)
02-04 16:11:39.230   284 22986 D hardware_info: hw_info_append_hw_type : device_name = voice-rec-mic
02-04 16:11:39.230   284 22986 I msm8974_platform: platform_send_audio_calibration: sending audio calibration for snd_device(65) acdb_id(119)
02-04 16:11:39.230   284 22986 D ACDB-LOADER: ACDB -> send_audio_cal, acdb_id = 119, path =  1
02-04 16:11:39.230   284 22986 D ACDB-LOADER: ACDB -> send_adm_topology
02-04 16:11:39.230   284 22986 D ACDB-LOADER: ACDB -> ACDB_CMD_GET_AUDPROC_COMMON_TOPOLOGY_ID
02-04 16:11:39.231   284 22986 D ACDB-LOADER: ACDB -> send_asm_topology
02-04 16:11:39.231   284 22986 D ACDB-LOADER: ACDB -> ACDB_CMD_GET_AUDPROC_STREAM_TOPOLOGY_ID
02-04 16:11:39.231   284 22986 D ACDB-LOADER: ACDB -> send_audtable
02-04 16:11:39.231   284 22986 D ACDB-LOADER: ACDB -> ACDB_CMD_GET_AUDPROC_COMMON_TABLE
02-04 16:11:39.231   284 22986 D ACDB-LOADER: ACDB -> AUDIO_SET_AUDPROC_CAL
02-04 16:11:39.231   284 22986 D ACDB-LOADER: ACDB -> send_audvoltable
02-04 16:11:39.231   284 22986 D ACDB-LOADER: ACDB -> ACDB_CMD_GET_AUDPROC_GAIN_DEP_STEP_TABLE
02-04 16:11:39.231   284 22986 D         : Failed to fetch the lookup information of the device 00000077 
02-04 16:11:39.231   284 22986 E ACDB-LOADER: Error: ACDB AudProc vol returned = -19
02-04 16:11:39.231   284 22986 D ACDB-LOADER: ACDB -> AUDIO_SET_AUDPROC_VOL_CAL
02-04 16:11:39.231   284 22986 D ACDB-LOADER: ACDB -> AUDIO_SET_AFE_CAL
02-04 16:11:39.231   284 22986 D audio_route: Apply path: voice-rec-mic
02-04 16:11:39.231  3135  3497 I HotwordRecognitionRnr: Starting hotword detection.
02-04 16:11:39.236   284 22986 D audio_route: Apply path: audio-record
02-04 16:11:39.236   284 22986 D audio_hw_primary: select_devices: done
02-04 16:11:39.240  1905  1905 D ServiceStateProvider: subId=1
02-04 16:11:39.341  3268 13395 W LocationOracle: No location history returned by ContextManager
02-04 16:11:39.368   276   276 D qdhwcomposer: hwc_setPowerMode: Done setting mode 2 on display 0
02-04 16:11:39.368   276   375 I qdhwcomposer: handle_blank_event: dpy:0 panel power state: 1
02-04 16:11:39.385   571   607 I DisplayPowerController: Unblocked screen on after 310 ms
02-04 16:11:39.386   571   607 W PowerManagerService: Screen on took 385 ms
02-04 16:11:39.386   571   607 I DreamManagerService: Gently waking up from dream.
02-04 16:11:39.386   571   603 I DreamManagerService: Performing gentle wake from dream.
02-04 16:11:39.397   571   584 I DreamManagerService: Leaving dreamland.
02-04 16:11:39.397   571   603 I DreamManagerService: Performing gentle wake from dream.
02-04 16:11:39.398   571   603 I DreamController: Stopping dream: name=ComponentInfo{com.android.systemui/com.android.systemui.doze.DozeService}, isTest=false, canDoze=true, userId=0
02-04 16:11:39.400  3268  3268 W StaticLayout: maxLineHeight should not be -1.  maxLines:2 lineCount:2
02-04 16:11:39.409  3268  3268 W StaticLayout: maxLineHeight should not be -1.  maxLines:2 lineCount:2
02-04 16:11:39.433  3268  3268 W StaticLayout: maxLineHeight should not be -1.  maxLines:1 lineCount:1
02-04 16:11:39.435  3268  3268 W StaticLayout: maxLineHeight should not be -1.  maxLines:1 lineCount:1
02-04 16:11:39.457  3268  3268 W StaticLayout: maxLineHeight should not be -1.  maxLines:3 lineCount:3
02-04 16:11:39.459  3268  3268 W StaticLayout: maxLineHeight should not be -1.  maxLines:3 lineCount:3
02-04 16:11:39.508  3114 22905 I chatty  : uid=10027 com.google.android.gms.persistent expire 3 lines
02-04 16:11:39.564  1659  2017 W Adreno-EGL: <qeglDrvAPI_eglGetConfigAttrib:607>: EGL_BAD_ATTRIBUTE
02-04 16:11:39.565  1659  2017 D vndksupport: Loading /vendor/lib/hw/gralloc.msm8974.so from current namespace instead of sphal namespace.
02-04 16:11:39.566  3114  5974 I chatty  : uid=10027(com.google.android.gms) Places expire 4 lines
02-04 16:11:39.699  3114  3114 I chatty  : uid=10027 com.google.android.gms.persistent expire 4 lines
02-04 16:11:39.705   571  5298 I chatty  : uid=1000(system) Binder:571_10 expire 1 line
02-04 16:11:39.748   289   289 E         : Couldn't opendir /data/app/vmdl974449528.tmp: No such file or directory
02-04 16:11:39.748   289   289 E installd: Failed to delete /data/app/vmdl974449528.tmp: No such file or directory
02-04 16:11:39.753   571   617 I ActivityManager: Force stopping com.example.prasant.handlerandlooper appid=10134 user=0: pkg removed
02-04 16:11:39.781   571  1317 I chatty  : uid=1000(system) InputReader expire 9 lines
02-04 16:11:39.800 18542 18596 W ResourceType: For resource 0x7f080544, entry index(1348) is beyond type entryCount(11)
02-04 16:11:39.800 18542 18596 W ResourceType: Failure getting entry for 0x7f080544 (t=7 e=1348) (error -75)
02-04 16:11:39.807 18542 18596 W ResourceType: For resource 0x7f080bf7, entry index(3063) is beyond type entryCount(11)
02-04 16:11:39.807 18542 18596 W ResourceType: Failure getting entry for 0x7f080bf7 (t=7 e=3063) (error -75)
02-04 16:11:39.807 18542 18596 W ResourceType: For resource 0x7f080bf7, entry index(3063) is beyond type entryCount(11)
02-04 16:11:39.807 18542 18596 W ResourceType: Failure getting entry for 0x7f080bf7 (t=7 e=3063) (error -75)
02-04 16:11:39.808 18542 18596 W ResourceType: For resource 0x7f080bf7, entry index(3063) is beyond type entryCount(11)
02-04 16:11:39.808 18542 18596 W ResourceType: Failure getting entry for 0x7f080bf7 (t=7 e=3063) (error -75)
02-04 16:11:39.809 18542 18596 W ResourceType: For resource 0x7f08061d, entry index(1565) is beyond type entryCount(11)
02-04 16:11:39.809 18542 18596 W ResourceType: Failure getting entry for 0x7f08061d (t=7 e=1565) (error -75)
02-04 16:11:39.809 18542 18596 W ResourceType: For resource 0x7f0806c0, entry index(1728) is beyond type entryCount(11)
02-04 16:11:39.809 18542 18596 W ResourceType: Failure getting entry for 0x7f0806c0 (t=7 e=1728) (error -75)
02-04 16:11:39.809 18542 18596 W ResourceType: For resource 0x7f0806c0, entry index(1728) is beyond type entryCount(11)
02-04 16:11:39.809 18542 18596 W ResourceType: Failure getting entry for 0x7f0806c0 (t=7 e=1728) (error -75)
02-04 16:11:39.809 18542 18596 W ResourceType: For resource 0x7f0806c1, entry index(1729) is beyond type entryCount(11)
02-04 16:11:39.809 18542 18596 W ResourceType: Failure getting entry for 0x7f0806c1 (t=7 e=1729) (error -75)
02-04 16:11:39.833 18542 18596 E ExternalAccountType: Unsupported attribute readOnly
02-04 16:11:39.883  3114 22220 I chatty  : uid=10027 com.google.android.gms.persistent expire 1 line
02-04 16:11:39.902 18542 18596 W ResourceType: For resource 0x7f080544, entry index(1348) is beyond type entryCount(11)
02-04 16:11:39.902 18542 18596 W ResourceType: Failure getting entry for 0x7f080544 (t=7 e=1348) (error -75)
02-04 16:11:39.906 18542 18596 W ResourceType: For resource 0x7f080bf7, entry index(3063) is beyond type entryCount(11)
02-04 16:11:39.906 18542 18596 W ResourceType: Failure getting entry for 0x7f080bf7 (t=7 e=3063) (error -75)
02-04 16:11:39.906 18542 18596 W ResourceType: For resource 0x7f080bf7, entry index(3063) is beyond type entryCount(11)
02-04 16:11:39.906 18542 18596 W ResourceType: Failure getting entry for 0x7f080bf7 (t=7 e=3063) (error -75)
02-04 16:11:39.906 18542 18596 W ResourceType: For resource 0x7f080bf7, entry index(3063) is beyond type entryCount(11)
02-04 16:11:39.906 18542 18596 W ResourceType: Failure getting entry for 0x7f080bf7 (t=7 e=3063) (error -75)
02-04 16:11:39.907 18542 18596 W ResourceType: For resource 0x7f08061d, entry index(1565) is beyond type entryCount(11)
02-04 16:11:39.907 18542 18596 W ResourceType: Failure getting entry for 0x7f08061d (t=7 e=1565) (error -75)
02-04 16:11:39.907 18542 18596 W ResourceType: For resource 0x7f0806c0, entry index(1728) is beyond type entryCount(11)
02-04 16:11:39.907 18542 18596 W ResourceType: Failure getting entry for 0x7f0806c0 (t=7 e=1728) (error -75)
02-04 16:11:39.907 18542 18596 W ResourceType: For resource 0x7f0806c0, entry index(1728) is beyond type entryCount(11)
02-04 16:11:39.907 18542 18596 W ResourceType: Failure getting entry for 0x7f0806c0 (t=7 e=1728) (error -75)
02-04 16:11:39.907 18542 18596 W ResourceType: For resource 0x7f0806c1, entry index(1729) is beyond type entryCount(11)
02-04 16:11:39.907 18542 18596 W ResourceType: Failure getting entry for 0x7f0806c1 (t=7 e=1729) (error -75)
02-04 16:11:39.922   571  5+++ LOG: write partial (27 of 332)
02-04 16:11:39.935 18542 18596 E ExternalAccountType: Unsupported attribute readOnly
02-04 16:11:39.935   571  2055 W BroadcastQueue: Background execution not allowed: receiving Intent { act=android.intent.action.PACKAGE_REMOVED dat=package:com.example.prasant.handlerandlooper flg=0x4000010 (has extras) } to com.jio.myjio/com.inn.passivesdk.receiver.PackageReceiver
02-04 16:11:39.995   571   571 I Telecom : DefaultDialerCache: Refreshing default dialer for user 0: now com.google.android.dialer: DDC.oR@FsQ
02-04 16:11:39.998  3355 23005 I chatty  : uid=10027(com.google.android.gms) expire 1 line
02-04 16:11:40.011  3163  3163 D RegisteredNfcFServicesCache: Service unchanged, not updating
02-04 16:11:40.036   571  1997 I ActivityManager: START u0 {act=android.intent.action.MAIN cat=[android.intent.category.LAUNCHER] flg=0x10000000 cmp=com.example.prasant.handlerandlooper/.MainActivity} from uid 2000
02-04 16:11:40.044 14663 14663 I Finsky  : [2] com.google.android.finsky.externalreferrer.e.a(52): Package state data is missing for com.example.prasant.handlerandlooper
02-04 16:11:40.047  1905  1905 D CarrierSvcBindHelper: No carrier app for: 0
02-04 16:11:40.048  1905  1905 D CarrierSvcBindHelper: No carrier app for: 0
02-04 16:11:40.050  1659  1681 I zygote  : Background concurrent copying GC freed 35156(1408KB) AllocSpace objects, 0(0B) LOS objects, 49% free, 6MB/12MB, paused 47us total 285.804ms
02-04 16:11:40.055  1905  1905 D ImsResolver: maybeAddedImsService, packageName: com.example.prasant.handlerandlooper
02-04 16:11:40.055  1905  1905 D CarrierConfigLoader: mHandler: 9 phoneId: 0
02-04 16:11:40.105   571 14210 I ActivityManager: Start proc 23014:com.example.prasant.handlerandlooper/u0a134 for activity com.example.prasant.handlerandlooper/.MainActivity
02-04 16:11:40.107 23014 23014 I zygote  : Late-enabling -Xcheck:jni
02-04 16:11:40.120  3114  3500 I chatty  : uid=10027(com.google.android.gms) Binder:3114_4 expire 1 line
02-04 16:11:40.122 14663 14663 E Finsky  : [2] com.google.android.finsky.wear.ap.a(3): onConnectionFailed: ConnectionResult{statusCode=API_UNAVAILABLE, resolution=null, message=null}
02-04 16:11:40.123 14663 14663 W Finsky  : [2] com.google.android.finsky.wear.bu.run(12): Dropping command=auto_install due to Gms not connected
02-04 16:11:40.123 14663 14663 I Finsky  : [2] com.google.android.finsky.wear.WearSupportService.b(75): Stopping WearSupportService
02-04 16:11:40.141   571  1677 W BroadcastQueue: Background execution not allowed: receiving Intent { act=android.intent.action.PACKAGE_ADDED dat=package:com.example.prasant.handlerandlooper flg=0x4000010 (has extras) } to com.google.android.googlequicksearchbox/com.google.android.apps.gsa.googlequicksearchbox.GelStubAppWatcher
02-04 16:11:40.156  3355 23012 I chatty  : uid=10027(com.google.android.gms) expire 1 line
02-04 16:11:40.163   571 13851 I ActivityManager: START u0 {flg=0x10800000 cmp=com.estrongs.android.pop.pro/com.estrongs.android.pop.app.InstallMonitorActivity (has extras)} from uid 10122
02-04 16:11:40.228  4366  4366 W ResourceType: No package identifier when getting value for resource number 0x00000000
02-04 16:11:40.228   571 13849 W BroadcastQueue: Background execution not allowed: receiving Intent { act=android.intent.action.PACKAGE_ADDED dat=package:com.example.prasant.handlerandlooper flg=0x4000010 (has extras) } to com.jio.myjio/com.inn.passivesdk.receiver.PackageReceiver
02-04 16:11:40.233   571   592 D AutofillUI: destroySaveUiUiThread(): already destroyed
02-04 16:11:40.233   571   590 D AutofillManagerServiceImpl: Reset component for user 0
02-04 16:11:40.241   571 13847 D AutofillManagerServiceImpl: Reset component for user 0
02-04 16:11:40.273   571 14210 I ActivityManager: Killing 18307:com.google.android.gm/u0a87 (adj 906): empty #17
02-04 16:11:40.274   571   593 I chatty  : uid=1000(system) ActivityManager expire 9 lines
02-04 16:11:40.279  3355 13911 I chatty  : uid=10027(com.google.android.gms) highpool[61] expire 1 line
02-04 16:11:40.281  3355 14152 I chatty  : uid=10027(com.google.android.gms) highpool[67] expire 1 line
02-04 16:11:40.286   571 13850 W BroadcastQueue: Background execution not allowed: receiving Intent { act=android.intent.action.PACKAGE_REPLACED dat=package:com.example.prasant.handlerandlooper flg=0x4000010 (has extras) } to com.google.android.apps.photos/.account.full.FetchAccountPropertiesAppUpgradeBroadcastReceiver
02-04 16:11:40.287   571   591 W BroadcastQueue: Background execution not allowed: receiving Intent { act=android.intent.action.PACKAGE_REPLACED dat=package:com.example.prasant.handlerandlooper flg=0x4000010 (has extras) } to com.google.android.apps.photos/.backgroundsignin.BackgroundSignInBroadcastReceiver
02-04 16:11:40.287   571   591 W BroadcastQueue: Background execution not allowed: receiving Intent { act=android.intent.action.PACKAGE_REPLACED dat=package:com.example.prasant.handlerandlooper flg=0x4000010 (has extras) } to com.google.android.apps.photos/.experiments.phenotype.full.PhenotypeAppUpgradeBroadcastReceiver
02-04 16:11:40.287   571   591 W BroadcastQueue: Background execution not allowed: receiving Intent { act=android.intent.action.PACKAGE_REPLACED dat=package:com.example.prasant.handlerandlooper flg=0x4000010 (has extras) } to com.google.android.apps.photos/.notificationchannels.AppUpdateBroadcastReceiver
02-04 16:11:40.289  4366 14815 W FileUtils: Failed to chmod(/storage/emulated/0/backups/system/.confd): android.system.ErrnoException: chmod failed: EPERM (Operation not permitted)
02-04 16:11:40.301  3114 22904 I chatty  : uid=10027 com.google.android.gms.persistent expire 1 line
02-04 16:11:40.312  3355 23010 I chatty  : uid=10027(com.google.android.gms) expire 1 line
02-04 16:11:40.319   571 13848 W BroadcastQueue: Background execution not allowed: receiving Intent { act=android.intent.action.PACKAGE_REPLACED dat=package:com.example.prasant.handlerandlooper flg=0x4000010 (has extras) } to com.google.android.googlequicksearchbox/com.google.android.apps.gsa.googlequicksearchbox.GelStubAppWatcher
02-04 16:11:40.325   571  5321 W BroadcastQueue: Background execution not allowed: receiving Intent { act=android.intent.action.PACKAGE_REPLACED dat=package:com.example.prasant.handlerandlooper flg=0x4000010 (has extras) } to com.jio.myjio/com.inn.passivesdk.receiver.PackageReceiver
02-04 16:11:40.337  4366 14815 W FileUtils: Failed to chmod(/storage/emulated/0/backups/system/.confd): android.system.ErrnoException: chmod failed: EPERM (Operation not permitted)
02-04 16:11:40.435  3268  3282 I zygote  : Background concurrent copying GC freed 128258(5MB) AllocSpace objects, 33(1100KB) LOS objects, 30% free, 53MB/77MB, paused 700us total 1.179s
02-04 16:11:40.439  3355 11989 I chatty  : uid=10027(com.google.android.gms) lowpool[12] expire 3 lines
02-04 16:11:40.496  3355 13911 I chatty  : uid=10027(com.google.android.gms) highpool[61] expire 1 line
02-04 16:11:40.497  3355 14152 I chatty  : uid=10027(com.google.android.gms) highpool[67] expire 1 line
02-04 16:11:40.505 23014 23014 I InstantRun: starting instant run server: is main process
02-04 16:11:40.515  3355 17741 I chatty  : uid=10027(com.google.android.gms) lowpool[14] expire 2 lines
02-04 16:11:40.690  3114  3114 I chatty  : uid=10027 com.google.android.gms.persistent expire 1 line
02-04 16:11:40.711  3114 22905 I chatty  : uid=10027 com.google.android.gms.persistent expire 1 line
02-04 16:11:41.466  3355  9449 I chatty  : uid=10027(com.google.android.gms) lowpool[11] expire 2 lines
02-04 16:11:41.633  7358  7358 I IcingNotification: Received intent: Intent { act=com.google.android.gms.icing.IME_NOTIFICATION flg=0x10 pkg=com.google.android.inputmethod.latin (has extras) }
02-04 16:11:44.470  3268 13395 I EventLogSendingHelper: Sending log events.
02-04 16:11:45.125  3114  3114 I chatty  : uid=10027 com.google.android.gms.persistent expire 2 lines
02-04 16:11:48.448   269  2874 E WifiHAL : Received UMAC message with insufficent length: 128
02-04 16:11:48.448   269  2874 E WifiHAL : Received UMAC message with insufficent length: 914
02-04 16:11:48.460   269  2874 E WifiHAL : Received UMAC message with insufficent length: 48
02-04 16:11:48.539   269  2874 E WifiHAL : Received UMAC message with insufficent length: 914
02-04 16:11:48.546   571  3449 I chatty  : uid=1000(system) Binder:571_B expire 2 lines
02-04 16:11:48.591   269  2874 E WifiHAL : Received UMAC message with insufficent length: 128
02-04 16:11:48.591   269  2874 E WifiHAL : Received UMAC message with insufficent length: 128
02-04 16:11:49.473  3268 20494 I EventLogSendingHelper: Sending log events.
02-04 16:11:40.372  4366 14815 I chatty  : uid=10122(com.estrongs.android.pop.pro) dataAnalyzeThre identical 1 line
02-04 16:11:40.402  4366 14815 W FileUtils: Failed to chmod(/storage/emulated/0/backups/system/.confd): android.system.ErrnoException: chmod failed: EPERM (Operation not permitted)
02-04 16:12:03.238   571  1677 I ActivityManager: Force stopping com.example.prasant.handlerandlooper appid=10134 user=0: from pid 23075
02-04 16:12:03.238   571  1677 I ActivityManager: Killing 23014:com.example.prasant.handlerandlooper/u0a134 (adj 902): stop com.example.prasant.handlerandlooper
02-04 16:12:03.249   571  1677 I ActivityManager:   Force finishing activity ActivityRecord{75f60ca u0 com.example.prasant.handlerandlooper/.MainActivity t2462}
02-04 16:12:03.285  1905  1905 D CarrierSvcBindHelper: No carrier app for: 0
02-04 16:12:03.299  3163  3163 D RegisteredNfcFServicesCache: Service unchanged, not updating
02-04 16:12:03.916 23083 23083 D AndroidRuntime: >>>>>> START com.android.internal.os.RuntimeInit uid 2000 <<<<<<
02-04 16:12:03.923 23083 23083 E cutils-trace: Error opening trace file: No such file or directory (2)
02-04 16:12:03.927 23083 23083 W app_process: Could not reserve sentinel fault page
02-04 16:12:04.081 23083 23083 D AndroidRuntime: Calling main entry com.android.commands.pm.Pm
02-04 16:12:04.107 23083 23083 I app_process: System.exit called, status: 0
02-04 16:12:04.107 23083 23083 I AndroidRuntime: VM exiting with result code 0.
02-04 16:12:04.474 14314 14314 E adbd    : failed to connect to socket 'localabstract:com.example.prasant.handlerandlooper': Connection refused
02-04 16:12:05.128 23109 23109 D AndroidRuntime: >>>>>> START com.android.internal.os.RuntimeInit uid 2000 <<<<<<
02-04 16:12:05.135 23109 23109 E cutils-trace: Error opening trace file: No such file or directory (2)
02-04 16:12:05.139 23109 23109 W app_process: Could not reserve sentinel fault page
02-04 16:12:05.302 23109 23109 D AndroidRuntime: Calling main entry com.android.commands.pm.Pm
02-04 16:12:05.323 23109 23109 I app_process: System.exit called, status: 0
02-04 16:12:05.323 23109 23109 I AndroidRuntime: VM exiting with result code 0.
02-04 16:12:08.075   571   571 I chatty  : uid=1000 system_server expire 2 lines
02-04 16:12:08.229   571 13848 I chatty  : uid=1000(system) Binder:571_16 expire 1 line
02-04 16:12:08.273  3268 20494 W LocationOracle: No location history returned by ContextManager
02-04 16:12:08.376  3355 23133 I chatty  : uid=10027(com.google.android.gms) expire 2 lines
02-04 16:12:08.691  3114  3625 I chatty  : uid=10027(com.google.android.gms) Binder:3114_6 expire 1 line
02-04 16:12:08.695  3268 13395 E GeofenceHelper: Failed: remove geofences by PendingIntent
02-04 16:12:08.739  3268  3268 W StaticLayout: maxLineHeight should not be -1.  maxLines:2 lineCount:2
02-04 16:12:08.743  3268  3268 I chatty  : uid=10018 com.google.android.googlequicksearchbox:search identical 2 lines
